
[1m[7m[36m RUN [39m[27m[22m [36mv2.1.9 [39m[90mC:/Users/Admin/Documents/SchoolStuff/Ky8/EXE201/ProjectEXE/PortfolioTutTat[39m

[90mstdout[2m | tests/buddy/workspace.test.ts[2m > [22m[2mGET /api/buddy/workspace[2m > [22m[2mshould return bookmarked portfolios with review status (Req 6.1)
[22m[39mprisma:query SELECT "public"."buddy_profiles"."id" FROM "public"."buddy_profiles" WHERE ("public"."buddy_profiles"."user_id" = $1 AND 1=1) LIMIT $2 OFFSET $3

[90mstdout[2m | tests/buddy/workspace.test.ts[2m > [22m[2mGET /api/buddy/workspace[2m > [22m[2mshould return bookmarked portfolios with review status (Req 6.1)
[22m[39mprisma:query SELECT COUNT(*) AS "_count._all" FROM (SELECT "public"."portfolio_bookmarks"."id" FROM "public"."portfolio_bookmarks" WHERE "public"."portfolio_bookmarks"."buddy_id" = $1 OFFSET $2) AS "sub"

[90mstdout[2m | tests/buddy/workspace.test.ts[2m > [22m[2mGET /api/buddy/workspace[2m > [22m[2mshould return bookmarked portfolios with review status (Req 6.1)
[22m[39mprisma:query SELECT "public"."portfolio_bookmarks"."id", "public"."portfolio_bookmarks"."buddy_id", "public"."portfolio_bookmarks"."project_id", "public"."portfolio_bookmarks"."created_at" FROM "public"."portfolio_bookmarks" WHERE "public"."portfolio_bookmarks"."buddy_id" = $1 ORDER BY "public"."portfolio_bookmarks"."created_at" DESC LIMIT $2 OFFSET $3

[90mstdout[2m | tests/buddy/workspace.test.ts[2m > [22m[2mGET /api/buddy/workspace[2m > [22m[2mshould return bookmarked portfolios with review status (Req 6.1)
[22m[39mprisma:query SELECT "public"."projects"."id", "public"."projects"."title", "public"."projects"."mentee_id" FROM "public"."projects" WHERE "public"."projects"."id" IN ($1) OFFSET $2

[90mstdout[2m | tests/buddy/workspace.test.ts[2m > [22m[2mGET /api/buddy/workspace[2m > [22m[2mshould return bookmarked portfolios with review status (Req 6.1)
[22m[39mprisma:query SELECT "public"."profiles"."id", "public"."profiles"."full_name" FROM "public"."profiles" WHERE "public"."profiles"."id" IN ($1) OFFSET $2

[90mstdout[2m | tests/buddy/workspace.test.ts[2m > [22m[2mGET /api/buddy/workspace[2m > [22m[2mshould return bookmarked portfolios with review status (Req 6.1)
[22m[39mprisma:query SELECT "public"."profiles"."id" FROM "public"."profiles" WHERE ("public"."profiles"."user_id" = $1 AND 1=1) LIMIT $2 OFFSET $3

[90mstdout[2m | tests/buddy/workspace.test.ts[2m > [22m[2mGET /api/buddy/workspace[2m > [22m[2mshould return bookmarked portfolios with review status (Req 6.1)
[22m[39mprisma:query SELECT "public"."feedback_requests"."id", "public"."feedback_requests"."status"::text FROM "public"."feedback_requests" WHERE ("public"."feedback_requests"."project_id" = $1 AND "public"."feedback_requests"."buddy_id" = $2) ORDER BY "public"."feedback_requests"."updated_at" DESC LIMIT $3 OFFSET $4

[90mstdout[2m | tests/buddy/workspace.test.ts[2m > [22m[2mPATCH /api/buddy/workspace/:feedbackRequestId/start[2m > [22m[2mshould transition FeedbackRequest from pending to in_review (Req 6.2)
[22m[39mprisma:query SELECT 1

[90mstdout[2m | tests/buddy/workspace.test.ts[2m > [22m[2mPATCH /api/buddy/workspace/:feedbackRequestId/start[2m > [22m[2mshould transition FeedbackRequest from pending to in_review (Req 6.2)
[22m[39mprisma:query SELECT "public"."profiles"."id" FROM "public"."profiles" WHERE ("public"."profiles"."user_id" = $1 AND 1=1) LIMIT $2 OFFSET $3

[90mstdout[2m | tests/buddy/workspace.test.ts[2m > [22m[2mPATCH /api/buddy/workspace/:feedbackRequestId/start[2m > [22m[2mshould transition FeedbackRequest from pending to in_review (Req 6.2)
[22m[39mprisma:query SELECT "public"."feedback_requests"."id", "public"."feedback_requests"."project_id", "public"."feedback_requests"."mentee_id", "public"."feedback_requests"."buddy_id", "public"."feedback_requests"."note", "public"."feedback_requests"."status"::text, "public"."feedback_requests"."created_at", "public"."feedback_requests"."updated_at" FROM "public"."feedback_requests" WHERE ("public"."feedback_requests"."id" = $1 AND 1=1) LIMIT $2 OFFSET $3

[90mstdout[2m | tests/buddy/workspace.test.ts[2m > [22m[2mPATCH /api/buddy/workspace/:feedbackRequestId/start[2m > [22m[2mshould transition FeedbackRequest from pending to in_review (Req 6.2)
[22m[39mprisma:query SELECT "public"."projects"."id", "public"."projects"."title" FROM "public"."projects" WHERE "public"."projects"."id" IN ($1) OFFSET $2

[90mstdout[2m | tests/buddy/workspace.test.ts[2m > [22m[2mPATCH /api/buddy/workspace/:feedbackRequestId/start[2m > [22m[2mshould transition FeedbackRequest from pending to in_review (Req 6.2)
[22m[39mprisma:query SELECT "public"."profiles"."id", "public"."profiles"."user_id", "public"."profiles"."full_name" FROM "public"."profiles" WHERE "public"."profiles"."id" IN ($1) OFFSET $2

[90mstdout[2m | tests/buddy/workspace.test.ts[2m > [22m[2mPATCH /api/buddy/workspace/:feedbackRequestId/start[2m > [22m[2mshould transition FeedbackRequest from pending to in_review (Req 6.2)
[22m[39mprisma:query BEGIN

[90mstdout[2m | tests/buddy/workspace.test.ts[2m > [22m[2mPATCH /api/buddy/workspace/:feedbackRequestId/start[2m > [22m[2mshould transition FeedbackRequest from pending to in_review (Req 6.2)
[22m[39mprisma:query UPDATE "public"."feedback_requests" SET "status" = CAST($1::text AS "public"."FeedbackRequestStatus"), "updated_at" = $2 WHERE ("public"."feedback_requests"."id" = $3 AND 1=1) RETURNING "public"."feedback_requests"."id", "public"."feedback_requests"."project_id", "public"."feedback_requests"."mentee_id", "public"."feedback_requests"."buddy_id", "public"."feedback_requests"."note", "public"."feedback_requests"."status"::text, "public"."feedback_requests"."created_at", "public"."feedback_requests"."updated_at"

[90mstdout[2m | tests/buddy/workspace.test.ts[2m > [22m[2mPATCH /api/buddy/workspace/:feedbackRequestId/start[2m > [22m[2mshould transition FeedbackRequest from pending to in_review (Req 6.2)
[22m[39mprisma:query INSERT INTO "public"."notifications" ("id","user_id","type","title","body","entity_type","entity_id","is_read","created_at") VALUES ($1,$2,$3,$4,$5,$6,$7,$8,$9) RETURNING "public"."notifications"."id", "public"."notifications"."user_id", "public"."notifications"."type", "public"."notifications"."title", "public"."notifications"."body", "public"."notifications"."entity_type", "public"."notifications"."entity_id", "public"."notifications"."is_read", "public"."notifications"."created_at"

[90mstdout[2m | tests/buddy/workspace.test.ts[2m > [22m[2mPATCH /api/buddy/workspace/:feedbackRequestId/start[2m > [22m[2mshould transition FeedbackRequest from pending to in_review (Req 6.2)
[22m[39mprisma:query COMMIT

[90mstdout[2m | tests/buddy/workspace.test.ts[2m > [22m[2mPATCH /api/buddy/workspace/:feedbackRequestId/start[2m > [22m[2mshould create a notification for the mentee on start (Req 6.2)
[22m[39mprisma:query SELECT "public"."profiles"."id" FROM "public"."profiles" WHERE ("public"."profiles"."user_id" = $1 AND 1=1) LIMIT $2 OFFSET $3

[90mstdout[2m | tests/buddy/workspace.test.ts[2m > [22m[2mPATCH /api/buddy/workspace/:feedbackRequestId/start[2m > [22m[2mshould create a notification for the mentee on start (Req 6.2)
[22m[39mprisma:query SELECT "public"."feedback_requests"."id", "public"."feedback_requests"."project_id", "public"."feedback_requests"."mentee_id", "public"."feedback_requests"."buddy_id", "public"."feedback_requests"."note", "public"."feedback_requests"."status"::text, "public"."feedback_requests"."created_at", "public"."feedback_requests"."updated_at" FROM "public"."feedback_requests" WHERE ("public"."feedback_requests"."id" = $1 AND 1=1) LIMIT $2 OFFSET $3

[90mstdout[2m | tests/buddy/workspace.test.ts[2m > [22m[2mPATCH /api/buddy/workspace/:feedbackRequestId/start[2m > [22m[2mshould create a notification for the mentee on start (Req 6.2)
[22m[39mprisma:query SELECT "public"."projects"."id", "public"."projects"."title" FROM "public"."projects" WHERE "public"."projects"."id" IN ($1) OFFSET $2

[90mstdout[2m | tests/buddy/workspace.test.ts[2m > [22m[2mPATCH /api/buddy/workspace/:feedbackRequestId/start[2m > [22m[2mshould create a notification for the mentee on start (Req 6.2)
[22m[39mprisma:query SELECT "public"."profiles"."id", "public"."profiles"."user_id", "public"."profiles"."full_name" FROM "public"."profiles" WHERE "public"."profiles"."id" IN ($1) OFFSET $2

[90mstdout[2m | tests/buddy/workspace.test.ts[2m > [22m[2mPATCH /api/buddy/workspace/:feedbackRequestId/start[2m > [22m[2mshould create a notification for the mentee on start (Req 6.2)
[22m[39mprisma:query BEGIN

[90mstdout[2m | tests/buddy/workspace.test.ts[2m > [22m[2mPATCH /api/buddy/workspace/:feedbackRequestId/start[2m > [22m[2mshould create a notification for the mentee on start (Req 6.2)
[22m[39mprisma:query UPDATE "public"."feedback_requests" SET "status" = CAST($1::text AS "public"."FeedbackRequestStatus"), "updated_at" = $2 WHERE ("public"."feedback_requests"."id" = $3 AND 1=1) RETURNING "public"."feedback_requests"."id", "public"."feedback_requests"."project_id", "public"."feedback_requests"."mentee_id", "public"."feedback_requests"."buddy_id", "public"."feedback_requests"."note", "public"."feedback_requests"."status"::text, "public"."feedback_requests"."created_at", "public"."feedback_requests"."updated_at"

[90mstdout[2m | tests/buddy/workspace.test.ts[2m > [22m[2mPATCH /api/buddy/workspace/:feedbackRequestId/start[2m > [22m[2mshould create a notification for the mentee on start (Req 6.2)
[22m[39mprisma:query INSERT INTO "public"."notifications" ("id","user_id","type","title","body","entity_type","entity_id","is_read","created_at") VALUES ($1,$2,$3,$4,$5,$6,$7,$8,$9) RETURNING "public"."notifications"."id", "public"."notifications"."user_id", "public"."notifications"."type", "public"."notifications"."title", "public"."notifications"."body", "public"."notifications"."entity_type", "public"."notifications"."entity_id", "public"."notifications"."is_read", "public"."notifications"."created_at"

[90mstdout[2m | tests/buddy/workspace.test.ts[2m > [22m[2mPATCH /api/buddy/workspace/:feedbackRequestId/start[2m > [22m[2mshould create a notification for the mentee on start (Req 6.2)
[22m[39mprisma:query COMMIT

[90mstdout[2m | tests/buddy/workspace.test.ts[2m > [22m[2mPATCH /api/buddy/workspace/:feedbackRequestId/start[2m > [22m[2mshould return 422 when trying to start review on non-pending FeedbackRequest (Req 6.8)
[22m[39mprisma:query SELECT 1

[90mstdout[2m | tests/buddy/workspace.test.ts[2m > [22m[2mPATCH /api/buddy/workspace/:feedbackRequestId/start[2m > [22m[2mshould return 422 when trying to start review on non-pending FeedbackRequest (Req 6.8)
[22m[39mprisma:query SELECT "public"."profiles"."id" FROM "public"."profiles" WHERE ("public"."profiles"."user_id" = $1 AND 1=1) LIMIT $2 OFFSET $3

[90mstdout[2m | tests/buddy/workspace.test.ts[2m > [22m[2mPATCH /api/buddy/workspace/:feedbackRequestId/start[2m > [22m[2mshould return 422 when trying to start review on non-pending FeedbackRequest (Req 6.8)
[22m[39mprisma:query SELECT "public"."feedback_requests"."id", "public"."feedback_requests"."project_id", "public"."feedback_requests"."mentee_id", "public"."feedback_requests"."buddy_id", "public"."feedback_requests"."note", "public"."feedback_requests"."status"::text, "public"."feedback_requests"."created_at", "public"."feedback_requests"."updated_at" FROM "public"."feedback_requests" WHERE ("public"."feedback_requests"."id" = $1 AND 1=1) LIMIT $2 OFFSET $3

[90mstdout[2m | tests/buddy/workspace.test.ts[2m > [22m[2mPATCH /api/buddy/workspace/:feedbackRequestId/start[2m > [22m[2mshould return 422 when trying to start review on non-pending FeedbackRequest (Req 6.8)
[22m[39mprisma:query SELECT "public"."projects"."id", "public"."projects"."title" FROM "public"."projects" WHERE "public"."projects"."id" IN ($1) OFFSET $2

[90mstdout[2m | tests/buddy/workspace.test.ts[2m > [22m[2mPATCH /api/buddy/workspace/:feedbackRequestId/start[2m > [22m[2mshould return 422 when trying to start review on non-pending FeedbackRequest (Req 6.8)
[22m[39mprisma:query SELECT "public"."profiles"."id", "public"."profiles"."user_id", "public"."profiles"."full_name" FROM "public"."profiles" WHERE "public"."profiles"."id" IN ($1) OFFSET $2

[90mstdout[2m | tests/buddy/workspace.test.ts[2m > [22m[2mPATCH /api/buddy/workspace/:feedbackRequestId/start[2m > [22m[2mshould return 422 when trying to start review on completed FeedbackRequest
[22m[39mprisma:query SELECT "public"."profiles"."id" FROM "public"."profiles" WHERE ("public"."profiles"."user_id" = $1 AND 1=1) LIMIT $2 OFFSET $3

[90mstdout[2m | tests/buddy/workspace.test.ts[2m > [22m[2mPATCH /api/buddy/workspace/:feedbackRequestId/start[2m > [22m[2mshould return 422 when trying to start review on completed FeedbackRequest
[22m[39mprisma:query SELECT "public"."feedback_requests"."id", "public"."feedback_requests"."project_id", "public"."feedback_requests"."mentee_id", "public"."feedback_requests"."buddy_id", "public"."feedback_requests"."note", "public"."feedback_requests"."status"::text, "public"."feedback_requests"."created_at", "public"."feedback_requests"."updated_at" FROM "public"."feedback_requests" WHERE ("public"."feedback_requests"."id" = $1 AND 1=1) LIMIT $2 OFFSET $3

[90mstdout[2m | tests/buddy/workspace.test.ts[2m > [22m[2mPATCH /api/buddy/workspace/:feedbackRequestId/start[2m > [22m[2mshould return 422 when trying to start review on completed FeedbackRequest
[22m[39mprisma:query SELECT "public"."projects"."id", "public"."projects"."title" FROM "public"."projects" WHERE "public"."projects"."id" IN ($1) OFFSET $2

[90mstdout[2m | tests/buddy/workspace.test.ts[2m > [22m[2mPATCH /api/buddy/workspace/:feedbackRequestId/start[2m > [22m[2mshould return 422 when trying to start review on completed FeedbackRequest
[22m[39mprisma:query SELECT "public"."profiles"."id", "public"."profiles"."user_id", "public"."profiles"."full_name" FROM "public"."profiles" WHERE "public"."profiles"."id" IN ($1) OFFSET $2

[90mstdout[2m | tests/buddy/workspace.test.ts[2m > [22m[2mPATCH /api/buddy/workspace/:feedbackRequestId/start[2m > [22m[2mshould return 404 for non-existent FeedbackRequest
[22m[39mprisma:query SELECT "public"."profiles"."id" FROM "public"."profiles" WHERE ("public"."profiles"."user_id" = $1 AND 1=1) LIMIT $2 OFFSET $3

[90mstdout[2m | tests/buddy/workspace.test.ts[2m > [22m[2mPATCH /api/buddy/workspace/:feedbackRequestId/start[2m > [22m[2mshould return 404 for non-existent FeedbackRequest
[22m[39mprisma:query SELECT "public"."feedback_requests"."id", "public"."feedback_requests"."project_id", "public"."feedback_requests"."mentee_id", "public"."feedback_requests"."buddy_id", "public"."feedback_requests"."note", "public"."feedback_requests"."status"::text, "public"."feedback_requests"."created_at", "public"."feedback_requests"."updated_at" FROM "public"."feedback_requests" WHERE ("public"."feedback_requests"."id" = $1 AND 1=1) LIMIT $2 OFFSET $3

[90mstdout[2m | tests/buddy/workspace.test.ts[2m > [22m[2mPATCH /api/buddy/workspace/:feedbackRequestId/complete[2m > [22m[2mshould transition FeedbackRequest from in_review to completed (Req 6.5)
[22m[39mprisma:query SELECT 1

[90mstdout[2m | tests/buddy/workspace.test.ts[2m > [22m[2mPATCH /api/buddy/workspace/:feedbackRequestId/complete[2m > [22m[2mshould transition FeedbackRequest from in_review to completed (Req 6.5)
[22m[39mprisma:query SELECT "public"."profiles"."id" FROM "public"."profiles" WHERE ("public"."profiles"."user_id" = $1 AND 1=1) LIMIT $2 OFFSET $3

[90mstdout[2m | tests/buddy/workspace.test.ts[2m > [22m[2mPATCH /api/buddy/workspace/:feedbackRequestId/complete[2m > [22m[2mshould transition FeedbackRequest from in_review to completed (Req 6.5)
[22m[39mprisma:query SELECT "public"."feedback_requests"."id", "public"."feedback_requests"."project_id", "public"."feedback_requests"."mentee_id", "public"."feedback_requests"."buddy_id", "public"."feedback_requests"."note", "public"."feedback_requests"."status"::text, "public"."feedback_requests"."created_at", "public"."feedback_requests"."updated_at" FROM "public"."feedback_requests" WHERE ("public"."feedback_requests"."id" = $1 AND 1=1) LIMIT $2 OFFSET $3

[90mstdout[2m | tests/buddy/workspace.test.ts[2m > [22m[2mPATCH /api/buddy/workspace/:feedbackRequestId/complete[2m > [22m[2mshould return 422 when trying to complete a pending FeedbackRequest (Req 6.8)
[22m[39mprisma:query SELECT 1

[90mstdout[2m | tests/buddy/workspace.test.ts[2m > [22m[2mPATCH /api/buddy/workspace/:feedbackRequestId/complete[2m > [22m[2mshould return 422 when trying to complete a pending FeedbackRequest (Req 6.8)
[22m[39mprisma:query SELECT "public"."profiles"."id" FROM "public"."profiles" WHERE ("public"."profiles"."user_id" = $1 AND 1=1) LIMIT $2 OFFSET $3

[90mstdout[2m | tests/buddy/workspace.test.ts[2m > [22m[2mPATCH /api/buddy/workspace/:feedbackRequestId/complete[2m > [22m[2mshould return 422 when trying to complete a pending FeedbackRequest (Req 6.8)
[22m[39mprisma:query SELECT "public"."feedback_requests"."id", "public"."feedback_requests"."project_id", "public"."feedback_requests"."mentee_id", "public"."feedback_requests"."buddy_id", "public"."feedback_requests"."note", "public"."feedback_requests"."status"::text, "public"."feedback_requests"."created_at", "public"."feedback_requests"."updated_at" FROM "public"."feedback_requests" WHERE ("public"."feedback_requests"."id" = $1 AND 1=1) LIMIT $2 OFFSET $3

[90mstdout[2m | tests/buddy/workspace.test.ts[2m > [22m[2mPATCH /api/buddy/workspace/:feedbackRequestId/complete[2m > [22m[2mshould return 422 when trying to complete a pending FeedbackRequest (Req 6.8)
[22m[39mprisma:query SELECT "public"."projects"."id", "public"."projects"."title" FROM "public"."projects" WHERE "public"."projects"."id" IN ($1) OFFSET $2

[90mstdout[2m | tests/buddy/workspace.test.ts[2m > [22m[2mPATCH /api/buddy/workspace/:feedbackRequestId/complete[2m > [22m[2mshould return 422 when trying to complete a pending FeedbackRequest (Req 6.8)
[22m[39mprisma:query SELECT "public"."profiles"."id", "public"."profiles"."user_id", "public"."profiles"."full_name" FROM "public"."profiles" WHERE "public"."profiles"."id" IN ($1) OFFSET $2

 [31mΓ¥»[39m tests/buddy/workspace.test.ts [2m([22m[2m21 tests[22m[2m | [22m[31m13 failed[39m[2m)[22m[33m 139603[2mms[22m[39m
[31m   [31m├ù[31m GET /api/buddy/workspace[2m > [22mshould return empty list when no bookmarks exist (Req 6.1)[33m 9186[2mms[22m[31m[39m
[31m     ΓåÆ 
Invalid `prisma.profile.deleteMany()` invocation in
C:\Users\Admin\Documents\SchoolStuff\Ky8\EXE201\ProjectEXE\PortfolioTutTat\tests\setup.ts:80:26

  77 // Root-level tables (cascade handles profile ΓåÆ user, but explicit is safer)
  78 await prisma.buddyProfile.deleteMany()
  79 await prisma.companyProfile.deleteMany()
ΓåÆ 80 await prisma.profile.deleteMany(
Error occurred during query execution:
ConnectorError(ConnectorError { user_facing_error: None, kind: QueryError(PostgresError { code: "23001", message: "update or delete on table \"profiles\" violates RESTRICT setting of foreign key constraint \"feedback_requests_mentee_id_fkey\" on table \"feedback_requests\"", severity: "ERROR", detail: Some("Key (id)=(869257da-f41d-449f-bcb3-25e6e28b72ed) is referenced from table \"feedback_requests\"."), column: None, hint: None }), transient: false })[39m
   [33m[2mΓ£ô[22m[39m GET /api/buddy/workspace[2m > [22mshould return bookmarked portfolios with review status (Req 6.1) [33m12349[2mms[22m[39m
[31m   [31m├ù[31m GET /api/buddy/workspace[2m > [22mshould show In Progress status for in_review FeedbackRequest[33m 6068[2mms[22m[31m[39m
[31m     ΓåÆ 
Invalid `prisma.portfolioBookmark.create()` invocation in
C:\Users\Admin\Documents\SchoolStuff\Ky8\EXE201\ProjectEXE\PortfolioTutTat\tests\buddy\workspace.test.ts:154:36

  151 
  152 it('should show In Progress status for in_review FeedbackRequest', async () => {
  153   // Create bookmark
ΓåÆ 154   await prisma.portfolioBookmark.create(
Foreign key constraint violated on the constraint: `portfolio_bookmarks_project_id_fkey`[39m
[31m   [31m├ù[31m GET /api/buddy/workspace[2m > [22mshould show Completed status for completed FeedbackRequest[33m 5708[2mms[22m[31m[39m
[31m     ΓåÆ 
Invalid `prisma.portfolioBookmark.create()` invocation in
C:\Users\Admin\Documents\SchoolStuff\Ky8\EXE201\ProjectEXE\PortfolioTutTat\tests\buddy\workspace.test.ts:180:36

  177 })
  178 
  179 it('should show Completed status for completed FeedbackRequest', async () => {
ΓåÆ 180   await prisma.portfolioBookmark.create(
Foreign key constraint violated on the constraint: `portfolio_bookmarks_buddy_id_fkey`[39m
[31m   [31m├ù[31m GET /api/buddy/workspace[2m > [22mshould paginate with max 20 items per page (Req 6.1)[33m 3712[2mms[22m[31m[39m
[31m     ΓåÆ 
Invalid `prisma.profile.deleteMany()` invocation in
C:\Users\Admin\Documents\SchoolStuff\Ky8\EXE201\ProjectEXE\PortfolioTutTat\tests\setup.ts:80:26

  77 // Root-level tables (cascade handles profile ΓåÆ user, but explicit is safer)
  78 await prisma.buddyProfile.deleteMany()
  79 await prisma.companyProfile.deleteMany()
ΓåÆ 80 await prisma.profile.deleteMany(
Error occurred during query execution:
ConnectorError(ConnectorError { user_facing_error: None, kind: QueryError(PostgresError { code: "23001", message: "update or delete on table \"profiles\" violates RESTRICT setting of foreign key constraint \"feedback_requests_mentee_id_fkey\" on table \"feedback_requests\"", severity: "ERROR", detail: Some("Key (id)=(ef7ed1f4-a66c-41e5-b4ec-331f313ded6c) is referenced from table \"feedback_requests\"."), column: None, hint: None }), transient: false })[39m
[31m   [31m├ù[31m GET /api/buddy/workspace[2m > [22mshould sort by newest bookmark first (Req 6.1)[33m 6485[2mms[22m[31m[39m
[31m     ΓåÆ 
Invalid `prisma.portfolioBookmark.create()` invocation in
C:\Users\Admin\Documents\SchoolStuff\Ky8\EXE201\ProjectEXE\PortfolioTutTat\tests\buddy\workspace.test.ts:225:36

  222 })
  223 
  224 // Create bookmarks - first one earlier
ΓåÆ 225 await prisma.portfolioBookmark.create(
Foreign key constraint violated on the constraint: `portfolio_bookmarks_buddy_id_fkey`[39m
   [33m[2mΓ£ô[22m[39m GET /api/buddy/workspace[2m > [22mshould return 403 for non-buddy role [33m5479[2mms[22m[39m
   [33m[2mΓ£ô[22m[39m PATCH /api/buddy/workspace/:feedbackRequestId/start[2m > [22mshould transition FeedbackRequest from pending to in_review (Req 6.2) [33m9589[2mms[22m[39m
   [33m[2mΓ£ô[22m[39m PATCH /api/buddy/workspace/:feedbackRequestId/start[2m > [22mshould create a notification for the mentee on start (Req 6.2) [33m8179[2mms[22m[39m
   [33m[2mΓ£ô[22m[39m PATCH /api/buddy/workspace/:feedbackRequestId/start[2m > [22mshould return 422 when trying to start review on non-pending FeedbackRequest (Req 6.8) [33m7159[2mms[22m[39m
   [33m[2mΓ£ô[22m[39m PATCH /api/buddy/workspace/:feedbackRequestId/start[2m > [22mshould return 422 when trying to start review on completed FeedbackRequest [33m6681[2mms[22m[39m
   [33m[2mΓ£ô[22m[39m PATCH /api/buddy/workspace/:feedbackRequestId/start[2m > [22mshould return 404 for non-existent FeedbackRequest [33m6222[2mms[22m[39m
[31m   [31m├ù[31m PATCH /api/buddy/workspace/:feedbackRequestId/start[2m > [22mshould return 404 when FeedbackRequest belongs to another buddy[33m 6434[2mms[22m[31m[39m
[31m     ΓåÆ 
Invalid `prisma.feedbackRequest.create()` invocation in
C:\Users\Admin\Documents\SchoolStuff\Ky8\EXE201\ProjectEXE\PortfolioTutTat\tests\buddy\workspace.test.ts:367:45

  364 it('should return 404 when FeedbackRequest belongs to another buddy', async () => {
  365   const otherBuddy = await createBuddyUser()
  366 
ΓåÆ 367   const fr = await prisma.feedbackRequest.create(
Foreign key constraint violated on the constraint: `feedback_requests_project_id_fkey`[39m
[31m   [31m├ù[31m PATCH /api/buddy/workspace/:feedbackRequestId/complete[2m > [22mshould transition FeedbackRequest from in_review to completed (Req 6.5)[33m 6679[2mms[22m[31m[39m
[31m     ΓåÆ expected 404 to be 200 // Object.is equality[39m
[31m   [31m├ù[31m PATCH /api/buddy/workspace/:feedbackRequestId/complete[2m > [22mshould set project.isApproved=true on complete (Req 13.1)[33m 4727[2mms[22m[31m[39m
[31m     ΓåÆ 
Invalid `prisma.buddyProfile.create()` invocation in
C:\Users\Admin\Documents\SchoolStuff\Ky8\EXE201\ProjectEXE\PortfolioTutTat\tests\buddy\workspace.test.ts:59:50

  56 })
  57 
  58 // Create a BuddyProfile record (used by PortfolioBookmark.buddyId)
ΓåÆ 59 const buddyProfile = await prisma.buddyProfile.create(
Foreign key constraint violated on the constraint: `buddy_profiles_user_id_fkey`[39m
[31m   [31m├ù[31m PATCH /api/buddy/workspace/:feedbackRequestId/complete[2m > [22mshould create a notification for the mentee on complete (Req 6.5)[33m 5711[2mms[22m[31m[39m
[31m     ΓåÆ 
Invalid `prisma.feedbackRequest.create()` invocation in
C:\Users\Admin\Documents\SchoolStuff\Ky8\EXE201\ProjectEXE\PortfolioTutTat\tests\buddy\workspace.test.ts:438:45

  435 })
  436 
  437 it('should create a notification for the mentee on complete (Req 6.5)', async () => {
ΓåÆ 438   const fr = await prisma.feedbackRequest.create(
Foreign key constraint violated on the constraint: `feedback_requests_project_id_fkey`[39m
   [33m[2mΓ£ô[22m[39m PATCH /api/buddy/workspace/:feedbackRequestId/complete[2m > [22mshould return 422 when trying to complete a pending FeedbackRequest (Req 6.8) [33m7167[2mms[22m[39m
[31m   [31m├ù[31m PATCH /api/buddy/workspace/:feedbackRequestId/complete[2m > [22mshould return 422 when trying to complete an already completed FeedbackRequest (Req 6.8)[33m 5690[2mms[22m[31m[39m
[31m     ΓåÆ 
Invalid `prisma.feedbackRequest.create()` invocation in
C:\Users\Admin\Documents\SchoolStuff\Ky8\EXE201\ProjectEXE\PortfolioTutTat\tests\buddy\workspace.test.ts:480:45

  477 })
  478 
  479 it('should return 422 when trying to complete an already completed FeedbackRequest (Req 6.8)', async () => {
ΓåÆ 480   const fr = await prisma.feedbackRequest.create(
Foreign key constraint violated on the constraint: `feedback_requests_project_id_fkey`[39m
[31m   [31m├ù[31m PATCH /api/buddy/workspace/:feedbackRequestId/complete[2m > [22mshould return 404 for non-existent FeedbackRequest[33m 5194[2mms[22m[31m[39m
[31m     ΓåÆ 
Invalid `prisma.profile.create()` invocation in
C:\Users\Admin\Documents\SchoolStuff\Ky8\EXE201\ProjectEXE\PortfolioTutTat\tests\buddy\workspace.test.ts:84:40

  81   },
  82 })
  83 
ΓåÆ 84 const profile = await prisma.profile.create(
Foreign key constraint violated on the constraint: `profiles_user_id_fkey`[39m
[31m   [31m├ù[31m PATCH /api/buddy/workspace/:feedbackRequestId/complete[2m > [22mshould return 404 when FeedbackRequest belongs to another buddy[33m 6694[2mms[22m[31m[39m
[31m     ΓåÆ 
Invalid `prisma.feedbackRequest.create()` invocation in
C:\Users\Admin\Documents\SchoolStuff\Ky8\EXE201\ProjectEXE\PortfolioTutTat\tests\buddy\workspace.test.ts:512:45

  509 it('should return 404 when FeedbackRequest belongs to another buddy', async () => {
  510   const otherBuddy = await createBuddyUser()
  511 
ΓåÆ 512   const fr = await prisma.feedbackRequest.create(
Foreign key constraint violated on the constraint: `feedback_requests_project_id_fkey`[39m
[31m   [31m├ù[31m PATCH /api/buddy/workspace/:feedbackRequestId/complete[2m > [22mshould return 403 for non-buddy role[33m 4475[2mms[22m[31m[39m
[31m     ΓåÆ 
Invalid `prisma.profile.create()` invocation in
C:\Users\Admin\Documents\SchoolStuff\Ky8\EXE201\ProjectEXE\PortfolioTutTat\tests\buddy\workspace.test.ts:47:40

  44 })
  45 
  46 // Create a Profile record (used by FeedbackRequest.buddyId)
ΓåÆ 47 const profile = await prisma.profile.create(
Foreign key constraint violated on the constraint: `profiles_user_id_fkey`[39m
 [31mΓ¥»[39m tests/buddy/messaging.property.test.ts [2m([22m[2m5 tests[22m[2m | [22m[31m2 failed[39m[2m)[22m[33m 81104[2mms[22m[39m
[31m   [31m├ù[31m Property 14: Message Content Validation Boundaries[2m > [22mshould accept valid message content (1-2000 chars with non-whitespace)[33m 9338[2mms[22m[31m[39m
[31m     ΓåÆ 
Invalid `prisma.user.deleteMany()` invocation in
C:\Users\Admin\Documents\SchoolStuff\Ky8\EXE201\ProjectEXE\PortfolioTutTat\tests\setup.ts:81:23

  78 await prisma.buddyProfile.deleteMany()
  79 await prisma.companyProfile.deleteMany()
  80 await prisma.profile.deleteMany()
ΓåÆ 81 await prisma.user.deleteMany(
Error occurred during query execution:
ConnectorError(ConnectorError { user_facing_error: None, kind: QueryError(PostgresError { code: "23001", message: "update or delete on table \"users\" violates RESTRICT setting of foreign key constraint \"jobs_company_id_fkey\" on table \"jobs\"", severity: "ERROR", detail: Some("Key (id)=(9cdcbdc8-e2ec-4c24-a959-74cf6e0710e3) is referenced from table \"jobs\"."), column: None, hint: None }), transient: false })[39m
   [33m[2mΓ£ô[22m[39m Property 14: Message Content Validation Boundaries[2m > [22mshould reject empty string content [33m6495[2mms[22m[39m
   [33m[2mΓ£ô[22m[39m Property 14: Message Content Validation Boundaries[2m > [22mshould reject whitespace-only content [33m29272[2mms[22m[39m
   [33m[2mΓ£ô[22m[39m Property 14: Message Content Validation Boundaries[2m > [22mshould reject content exceeding 2000 characters [33m29242[2mms[22m[39m
[31m   [31m├ù[31m Property 15: Message History Retrieval Order and Limit[2m > [22mshould return at most 50 messages sorted by createdAt ascending (oldest first)[33m 6745[2mms[22m[31m[39m
[31m     ΓåÆ Property failed after 1 tests
{ seed: 947143688, path: "0", endOnFailure: true }
Counterexample: [80]
Shrunk 0 time(s)
Got PrismaClientKnownRequestError: 
Invalid `prisma.message.createMany()` invocation in
C:\Users\Admin\Documents\SchoolStuff\Ky8\EXE201\ProjectEXE\PortfolioTutTat\tests\buddy\messaging.property.test.ts:484:32

  481   createdAt: new Date(baseDate.getTime() + i * 60000), // 1 minute apart
  482 }))
  483 
ΓåÆ 484 await prisma.message.createMany(
Foreign key constraint violated on the constraint: `messages_portfolio_context_id_fkey`
    at Zn.handleRequestError (C:\Users\Admin\Documents\SchoolStuff\Ky8\EXE201\ProjectEXE\PortfolioTutTat\node_modules\@prisma\client\runtime\library.js:121:7459)
    at Zn.handleAndLogRequestError (C:\Users\Admin\Documents\SchoolStuff\Ky8\EXE201\ProjectEXE\PortfolioTutTat\node_modules\@prisma\client\runtime\library.js:121:6784)
    at Zn.request (C:\Users\Admin\Documents\SchoolStuff\Ky8\EXE201\ProjectEXE\PortfolioTutTat\node_modules\@prisma\client\runtime\library.js:121:6491)
    at l (C:\Users\Admin\Documents\SchoolStuff\Ky8\EXE201\ProjectEXE\PortfolioTutTat\node_modules\@prisma\client\runtime\library.js:130:9778)
    at C:\Users\Admin\Documents\SchoolStuff\Ky8\EXE201\ProjectEXE\PortfolioTutTat\tests\buddy\messaging.property.test.ts:484:11
    at AsyncProperty.run (file:///C:/Users/Admin/Documents/SchoolStuff/Ky8/EXE201/ProjectEXE/PortfolioTutTat/node_modules/fast-check/lib/esm/check/property/AsyncProperty.generic.js:46:28)
    at asyncRunIt (file:///C:/Users/Admin/Documents/SchoolStuff/Ky8/EXE201/ProjectEXE/PortfolioTutTat/node_modules/fast-check/lib/esm/check/runner/Runner.js:33:21)
    at it.timeout (C:\Users\Admin\Documents\SchoolStuff\Ky8\EXE201\ProjectEXE\PortfolioTutTat\tests\buddy\messaging.property.test.ts:421:7)
    at file:///C:/Users/Admin/Documents/SchoolStuff/Ky8/EXE201/ProjectEXE/PortfolioTutTat/node_modules/@vitest/runner/dist/index.js:533:5
    at runTest (file:///C:/Users/Admin/Documents/SchoolStuff/Ky8/EXE201/ProjectEXE/PortfolioTutTat/node_modules/@vitest/runner/dist/index.js:1056:11)

Hint: Enable verbose mode in order to have the list of all failing values encountered during the run[39m
[90mstdout[2m | tests/jobs/search-filter-intersection.property.test.ts[2m > [22m[2mProperty 23: Job Search Filter Intersection (AND Logic)[2m > [22m[2mevery job in results satisfies ALL active filter predicates simultaneously
[22m[39mprisma:query SELECT "public"."jobs"."id", "public"."jobs"."title", "public"."jobs"."description", "public"."jobs"."location", "public"."jobs"."job_type"::text, "public"."jobs"."salary_min", "public"."jobs"."salary_max", "public"."jobs"."salary_currency", "public"."jobs"."salary_period", "public"."jobs"."is_remote", "public"."jobs"."required_skills", "public"."jobs"."employment_type"::text, "public"."jobs"."seniority_level"::text, "public"."jobs"."open_slots", "public"."jobs"."category", "public"."jobs"."created_at", "public"."jobs"."company_id" FROM "public"."jobs" WHERE ("public"."jobs"."is_active" = $1 AND ("public"."jobs"."category" ILIKE $2 OR "public"."jobs"."required_skills" @> $3) AND ("public"."jobs"."salary_max" >= $4 OR ("public"."jobs"."salary_max" IS NULL AND "public"."jobs"."salary_min" >= $5) OR ("public"."jobs"."salary_max" IS NULL AND "public"."jobs"."salary_min" IS NULL)) AND "public"."jobs"."location" ILIKE $6) ORDER BY "public"."jobs"."created_at" DESC LIMIT $7 OFFSET $8

[90mstdout[2m | tests/jobs/search-filter-intersection.property.test.ts[2m > [22m[2mProperty 23: Job Search Filter Intersection (AND Logic)[2m > [22m[2mevery job in results satisfies ALL active filter predicates simultaneously
[22m[39mprisma:query SELECT COUNT(*) AS "_count._all" FROM (SELECT "public"."jobs"."id" FROM "public"."jobs" WHERE ("public"."jobs"."is_active" = $1 AND ("public"."jobs"."category" ILIKE $2 OR "public"."jobs"."required_skills" @> $3) AND ("public"."jobs"."salary_max" >= $4 OR ("public"."jobs"."salary_max" IS NULL AND "public"."jobs"."salary_min" >= $5) OR ("public"."jobs"."salary_max" IS NULL AND "public"."jobs"."salary_min" IS NULL)) AND "public"."jobs"."location" ILIKE $6) OFFSET $7) AS "sub"

[90mstdout[2m | tests/jobs/search-filter-intersection.property.test.ts[2m > [22m[2mProperty 23: Job Search Filter Intersection (AND Logic)[2m > [22m[2mevery job in results satisfies ALL active filter predicates simultaneously
[22m[39mprisma:query SELECT "public"."jobs"."id", "public"."jobs"."title", "public"."jobs"."description", "public"."jobs"."location", "public"."jobs"."job_type"::text, "public"."jobs"."salary_min", "public"."jobs"."salary_max", "public"."jobs"."salary_currency", "public"."jobs"."salary_period", "public"."jobs"."is_remote", "public"."jobs"."required_skills", "public"."jobs"."employment_type"::text, "public"."jobs"."seniority_level"::text, "public"."jobs"."open_slots", "public"."jobs"."category", "public"."jobs"."created_at", "public"."jobs"."company_id" FROM "public"."jobs" LEFT JOIN "public"."users" AS "j0" ON ("j0"."id") = ("public"."jobs"."company_id") LEFT JOIN "public"."users" AS "j1" ON ("j1"."id") = ("public"."jobs"."company_id") LEFT JOIN "public"."profiles" AS "j2" ON ("j2"."user_id") = ("j1"."id") LEFT JOIN "public"."users" AS "j3" ON ("j3"."id") = ("public"."jobs"."company_id") LEFT JOIN "public"."company_profiles" AS "j4" ON ("j4"."user_id") = ("j3"."id") WHERE ("public"."jobs"."is_active" = $1 AND "public"."jobs"."employment_type" = CAST($2::text AS "public"."EmploymentType") AND "public"."jobs"."seniority_level" = CAST($3::text AS "public"."SeniorityLevel") AND ("public"."jobs"."title" ILIKE $4 OR "public"."jobs"."required_skills" && $5 OR ("j0"."email" ILIKE $6 AND ("j0"."id" IS NOT NULL)) OR ("j2"."full_name" ILIKE $7 AND ("j2"."id" IS NOT NULL) AND ("j1"."id" IS NOT NULL)) OR ("j4"."company_name" ILIKE $8 AND ("j4"."id" IS NOT NULL) AND ("j3"."id" IS NOT NULL))) AND ("public"."jobs"."category" ILIKE $9 OR "public"."jobs"."required_skills" @> $10)) ORDER BY "public"."jobs"."created_at" DESC LIMIT $11 OFFSET $12
prisma:query SELECT COUNT(*) AS "_count._all" FROM (SELECT "public"."jobs"."id" FROM "public"."jobs" LEFT JOIN "public"."users" AS "j0" ON ("j0"."id") = ("public"."jobs"."company_id") LEFT JOIN "public"."users" AS "j1" ON ("j1"."id") = ("public"."jobs"."company_id") LEFT JOIN "public"."profiles" AS "j2" ON ("j2"."user_id") = ("j1"."id") LEFT JOIN "public"."users" AS "j3" ON ("j3"."id") = ("public"."jobs"."company_id") LEFT JOIN "public"."company_profiles" AS "j4" ON ("j4"."user_id") = ("j3"."id") WHERE ("public"."jobs"."is_active" = $1 AND "public"."jobs"."employment_type" = CAST($2::text AS "public"."EmploymentType") AND "public"."jobs"."seniority_level" = CAST($3::text AS "public"."SeniorityLevel") AND ("public"."jobs"."title" ILIKE $4 OR "public"."jobs"."required_skills" && $5 OR ("j0"."email" ILIKE $6 AND ("j0"."id" IS NOT NULL)) OR ("j2"."full_name" ILIKE $7 AND ("j2"."id" IS NOT NULL) AND ("j1"."id" IS NOT NULL)) OR ("j4"."company_name" ILIKE $8 AND ("j4"."id" IS NOT NULL) AND ("j3"."id" IS NOT NULL))) AND ("public"."jobs"."category" ILIKE $9 OR "public"."jobs"."required_skills" @> $10)) OFFSET $11) AS "sub"

[90mstdout[2m | tests/jobs/search-filter-intersection.property.test.ts[2m > [22m[2mProperty 23: Job Search Filter Intersection (AND Logic)[2m > [22m[2mevery job in results satisfies ALL active filter predicates simultaneously
[22m[39mprisma:query SELECT "public"."jobs"."id", "public"."jobs"."title", "public"."jobs"."description", "public"."jobs"."location", "public"."jobs"."job_type"::text, "public"."jobs"."salary_min", "public"."jobs"."salary_max", "public"."jobs"."salary_currency", "public"."jobs"."salary_period", "public"."jobs"."is_remote", "public"."jobs"."required_skills", "public"."jobs"."employment_type"::text, "public"."jobs"."seniority_level"::text, "public"."jobs"."open_slots", "public"."jobs"."category", "public"."jobs"."created_at", "public"."jobs"."company_id" FROM "public"."jobs" LEFT JOIN "public"."users" AS "j0" ON ("j0"."id") = ("public"."jobs"."company_id") LEFT JOIN "public"."users" AS "j1" ON ("j1"."id") = ("public"."jobs"."company_id") LEFT JOIN "public"."profiles" AS "j2" ON ("j2"."user_id") = ("j1"."id") LEFT JOIN "public"."users" AS "j3" ON ("j3"."id") = ("public"."jobs"."company_id") LEFT JOIN "public"."company_profiles" AS "j4" ON ("j4"."user_id") = ("j3"."id") WHERE ("public"."jobs"."is_active" = $1 AND "public"."jobs"."employment_type" = CAST($2::text AS "public"."EmploymentType") AND "public"."jobs"."seniority_level" = CAST($3::text AS "public"."SeniorityLevel") AND ("public"."jobs"."title" ILIKE $4 OR "public"."jobs"."required_skills" && $5 OR ("j0"."email" ILIKE $6 AND ("j0"."id" IS NOT NULL)) OR ("j2"."full_name" ILIKE $7 AND ("j2"."id" IS NOT NULL) AND ("j1"."id" IS NOT NULL)) OR ("j4"."company_name" ILIKE $8 AND ("j4"."id" IS NOT NULL) AND ("j3"."id" IS NOT NULL))) AND ("public"."jobs"."category" ILIKE $9 OR "public"."jobs"."required_skills" @> $10) AND ("public"."jobs"."salary_min" <= $11 OR ("public"."jobs"."salary_min" IS NULL AND "public"."jobs"."salary_max" <= $12) OR ("public"."jobs"."salary_min" IS NULL AND "public"."jobs"."salary_max" IS NULL)) AND "public"."jobs"."location" ILIKE $13) ORDER BY "public"."jobs"."created_at" DESC LIMIT $14 OFFSET $15
prisma:query SELECT COUNT(*) AS "_count._all" FROM (SELECT "public"."jobs"."id" FROM "public"."jobs" LEFT JOIN "public"."users" AS "j0" ON ("j0"."id") = ("public"."jobs"."company_id") LEFT JOIN "public"."users" AS "j1" ON ("j1"."id") = ("public"."jobs"."company_id") LEFT JOIN "public"."profiles" AS "j2" ON ("j2"."user_id") = ("j1"."id") LEFT JOIN "public"."users" AS "j3" ON ("j3"."id") = ("public"."jobs"."company_id") LEFT JOIN "public"."company_profiles" AS "j4" ON ("j4"."user_id") = ("j3"."id") WHERE ("public"."jobs"."is_active" = $1 AND "public"."jobs"."employment_type" = CAST($2::text AS "public"."EmploymentType") AND "public"."jobs"."seniority_level" = CAST($3::text AS "public"."SeniorityLevel") AND ("public"."jobs"."title" ILIKE $4 OR "public"."jobs"."required_skills" && $5 OR ("j0"."email" ILIKE $6 AND ("j0"."id" IS NOT NULL)) OR ("j2"."full_name" ILIKE $7 AND ("j2"."id" IS NOT NULL) AND ("j1"."id" IS NOT NULL)) OR ("j4"."company_name" ILIKE $8 AND ("j4"."id" IS NOT NULL) AND ("j3"."id" IS NOT NULL))) AND ("public"."jobs"."category" ILIKE $9 OR "public"."jobs"."required_skills" @> $10) AND ("public"."jobs"."salary_min" <= $11 OR ("public"."jobs"."salary_min" IS NULL AND "public"."jobs"."salary_max" <= $12) OR ("public"."jobs"."salary_min" IS NULL AND "public"."jobs"."salary_max" IS NULL)) AND "public"."jobs"."location" ILIKE $13) OFFSET $14) AS "sub"

[90mstdout[2m | tests/jobs/search-filter-intersection.property.test.ts[2m > [22m[2mProperty 23: Job Search Filter Intersection (AND Logic)[2m > [22m[2mevery job in results satisfies ALL active filter predicates simultaneously
[22m[39mprisma:query SELECT COUNT(*) AS "_count._all" FROM (SELECT "public"."jobs"."id" FROM "public"."jobs" LEFT JOIN "public"."users" AS "j0" ON ("j0"."id") = ("public"."jobs"."company_id") LEFT JOIN "public"."users" AS "j1" ON ("j1"."id") = ("public"."jobs"."company_id") LEFT JOIN "public"."profiles" AS "j2" ON ("j2"."user_id") = ("j1"."id") LEFT JOIN "public"."users" AS "j3" ON ("j3"."id") = ("public"."jobs"."company_id") LEFT JOIN "public"."company_profiles" AS "j4" ON ("j4"."user_id") = ("j3"."id") WHERE ("public"."jobs"."is_active" = $1 AND "public"."jobs"."seniority_level" = CAST($2::text AS "public"."SeniorityLevel") AND ("public"."jobs"."title" ILIKE $3 OR "public"."jobs"."required_skills" && $4 OR ("j0"."email" ILIKE $5 AND ("j0"."id" IS NOT NULL)) OR ("j2"."full_name" ILIKE $6 AND ("j2"."id" IS NOT NULL) AND ("j1"."id" IS NOT NULL)) OR ("j4"."company_name" ILIKE $7 AND ("j4"."id" IS NOT NULL) AND ("j3"."id" IS NOT NULL))) AND ("public"."jobs"."category" ILIKE $8 OR "public"."jobs"."required_skills" @> $9) AND ("public"."jobs"."salary_max" >= $10 OR ("public"."jobs"."salary_max" IS NULL AND "public"."jobs"."salary_min" >= $11) OR ("public"."jobs"."salary_max" IS NULL AND "public"."jobs"."salary_min" IS NULL)) AND ("public"."jobs"."salary_min" <= $12 OR ("public"."jobs"."salary_min" IS NULL AND "public"."jobs"."salary_max" <= $13) OR ("public"."jobs"."salary_min" IS NULL AND "public"."jobs"."salary_max" IS NULL)) AND "public"."jobs"."location" ILIKE $14 AND "public"."jobs"."is_remote" = $15) OFFSET $16) AS "sub"

[90mstdout[2m | tests/jobs/search-filter-intersection.property.test.ts[2m > [22m[2mProperty 23: Job Search Filter Intersection (AND Logic)[2m > [22m[2mevery job in results satisfies ALL active filter predicates simultaneously
[22m[39mprisma:query SELECT "public"."jobs"."id", "public"."jobs"."title", "public"."jobs"."description", "public"."jobs"."location", "public"."jobs"."job_type"::text, "public"."jobs"."salary_min", "public"."jobs"."salary_max", "public"."jobs"."salary_currency", "public"."jobs"."salary_period", "public"."jobs"."is_remote", "public"."jobs"."required_skills", "public"."jobs"."employment_type"::text, "public"."jobs"."seniority_level"::text, "public"."jobs"."open_slots", "public"."jobs"."category", "public"."jobs"."created_at", "public"."jobs"."company_id" FROM "public"."jobs" LEFT JOIN "public"."users" AS "j0" ON ("j0"."id") = ("public"."jobs"."company_id") LEFT JOIN "public"."users" AS "j1" ON ("j1"."id") = ("public"."jobs"."company_id") LEFT JOIN "public"."profiles" AS "j2" ON ("j2"."user_id") = ("j1"."id") LEFT JOIN "public"."users" AS "j3" ON ("j3"."id") = ("public"."jobs"."company_id") LEFT JOIN "public"."company_profiles" AS "j4" ON ("j4"."user_id") = ("j3"."id") WHERE ("public"."jobs"."is_active" = $1 AND "public"."jobs"."seniority_level" = CAST($2::text AS "public"."SeniorityLevel") AND ("public"."jobs"."title" ILIKE $3 OR "public"."jobs"."required_skills" && $4 OR ("j0"."email" ILIKE $5 AND ("j0"."id" IS NOT NULL)) OR ("j2"."full_name" ILIKE $6 AND ("j2"."id" IS NOT NULL) AND ("j1"."id" IS NOT NULL)) OR ("j4"."company_name" ILIKE $7 AND ("j4"."id" IS NOT NULL) AND ("j3"."id" IS NOT NULL))) AND ("public"."jobs"."category" ILIKE $8 OR "public"."jobs"."required_skills" @> $9) AND ("public"."jobs"."salary_max" >= $10 OR ("public"."jobs"."salary_max" IS NULL AND "public"."jobs"."salary_min" >= $11) OR ("public"."jobs"."salary_max" IS NULL AND "public"."jobs"."salary_min" IS NULL)) AND ("public"."jobs"."salary_min" <= $12 OR ("public"."jobs"."salary_min" IS NULL AND "public"."jobs"."salary_max" <= $13) OR ("public"."jobs"."salary_min" IS NULL AND "public"."jobs"."salary_max" IS NULL)) AND "public"."jobs"."location" ILIKE $14 AND "public"."jobs"."is_remote" = $15) ORDER BY "public"."jobs"."created_at" DESC LIMIT $16 OFFSET $17

[90mstdout[2m | tests/jobs/search-filter-intersection.property.test.ts[2m > [22m[2mProperty 23: Job Search Filter Intersection (AND Logic)[2m > [22m[2mevery job in results satisfies ALL active filter predicates simultaneously
[22m[39mprisma:query SELECT "public"."jobs"."id", "public"."jobs"."title", "public"."jobs"."description", "public"."jobs"."location", "public"."jobs"."job_type"::text, "public"."jobs"."salary_min", "public"."jobs"."salary_max", "public"."jobs"."salary_currency", "public"."jobs"."salary_period", "public"."jobs"."is_remote", "public"."jobs"."required_skills", "public"."jobs"."employment_type"::text, "public"."jobs"."seniority_level"::text, "public"."jobs"."open_slots", "public"."jobs"."category", "public"."jobs"."created_at", "public"."jobs"."company_id" FROM "public"."jobs" WHERE ("public"."jobs"."is_active" = $1 AND "public"."jobs"."employment_type" = CAST($2::text AS "public"."EmploymentType") AND "public"."jobs"."location" ILIKE $3 AND "public"."jobs"."is_remote" = $4 AND ("public"."jobs"."salary_max" >= $5 OR ("public"."jobs"."salary_max" IS NULL AND "public"."jobs"."salary_min" >= $6) OR ("public"."jobs"."salary_max" IS NULL AND "public"."jobs"."salary_min" IS NULL)) AND ("public"."jobs"."salary_min" <= $7 OR ("public"."jobs"."salary_min" IS NULL AND "public"."jobs"."salary_max" <= $8) OR ("public"."jobs"."salary_min" IS NULL AND "public"."jobs"."salary_max" IS NULL))) ORDER BY "public"."jobs"."created_at" DESC LIMIT $9 OFFSET $10
prisma:query SELECT COUNT(*) AS "_count._all" FROM (SELECT "public"."jobs"."id" FROM "public"."jobs" WHERE ("public"."jobs"."is_active" = $1 AND "public"."jobs"."employment_type" = CAST($2::text AS "public"."EmploymentType") AND "public"."jobs"."location" ILIKE $3 AND "public"."jobs"."is_remote" = $4 AND ("public"."jobs"."salary_max" >= $5 OR ("public"."jobs"."salary_max" IS NULL AND "public"."jobs"."salary_min" >= $6) OR ("public"."jobs"."salary_max" IS NULL AND "public"."jobs"."salary_min" IS NULL)) AND ("public"."jobs"."salary_min" <= $7 OR ("public"."jobs"."salary_min" IS NULL AND "public"."jobs"."salary_max" <= $8) OR ("public"."jobs"."salary_min" IS NULL AND "public"."jobs"."salary_max" IS NULL))) OFFSET $9) AS "sub"

[90mstdout[2m | tests/jobs/search-filter-intersection.property.test.ts[2m > [22m[2mProperty 23: Job Search Filter Intersection (AND Logic)[2m > [22m[2mevery job in results satisfies ALL active filter predicates simultaneously
[22m[39mprisma:query SELECT "public"."jobs"."id", "public"."jobs"."title", "public"."jobs"."description", "public"."jobs"."location", "public"."jobs"."job_type"::text, "public"."jobs"."salary_min", "public"."jobs"."salary_max", "public"."jobs"."salary_currency", "public"."jobs"."salary_period", "public"."jobs"."is_remote", "public"."jobs"."required_skills", "public"."jobs"."employment_type"::text, "public"."jobs"."seniority_level"::text, "public"."jobs"."open_slots", "public"."jobs"."category", "public"."jobs"."created_at", "public"."jobs"."company_id" FROM "public"."jobs" WHERE ("public"."jobs"."is_active" = $1 AND "public"."jobs"."seniority_level" = CAST($2::text AS "public"."SeniorityLevel") AND ("public"."jobs"."category" ILIKE $3 OR "public"."jobs"."required_skills" @> $4) AND ("public"."jobs"."salary_max" >= $5 OR ("public"."jobs"."salary_max" IS NULL AND "public"."jobs"."salary_min" >= $6) OR ("public"."jobs"."salary_max" IS NULL AND "public"."jobs"."salary_min" IS NULL))) ORDER BY "public"."jobs"."created_at" DESC LIMIT $7 OFFSET $8
prisma:query SELECT COUNT(*) AS "_count._all" FROM (SELECT "public"."jobs"."id" FROM "public"."jobs" WHERE ("public"."jobs"."is_active" = $1 AND "public"."jobs"."seniority_level" = CAST($2::text AS "public"."SeniorityLevel") AND ("public"."jobs"."category" ILIKE $3 OR "public"."jobs"."required_skills" @> $4) AND ("public"."jobs"."salary_max" >= $5 OR ("public"."jobs"."salary_max" IS NULL AND "public"."jobs"."salary_min" >= $6) OR ("public"."jobs"."salary_max" IS NULL AND "public"."jobs"."salary_min" IS NULL))) OFFSET $7) AS "sub"

[90mstdout[2m | tests/jobs/search-filter-intersection.property.test.ts[2m > [22m[2mProperty 23: Job Search Filter Intersection (AND Logic)[2m > [22m[2mevery job in results satisfies ALL active filter predicates simultaneously
[22m[39mprisma:query SELECT "public"."jobs"."id", "public"."jobs"."title", "public"."jobs"."description", "public"."jobs"."location", "public"."jobs"."job_type"::text, "public"."jobs"."salary_min", "public"."jobs"."salary_max", "public"."jobs"."salary_currency", "public"."jobs"."salary_period", "public"."jobs"."is_remote", "public"."jobs"."required_skills", "public"."jobs"."employment_type"::text, "public"."jobs"."seniority_level"::text, "public"."jobs"."open_slots", "public"."jobs"."category", "public"."jobs"."created_at", "public"."jobs"."company_id" FROM "public"."jobs" LEFT JOIN "public"."users" AS "j0" ON ("j0"."id") = ("public"."jobs"."company_id") LEFT JOIN "public"."users" AS "j1" ON ("j1"."id") = ("public"."jobs"."company_id") LEFT JOIN "public"."profiles" AS "j2" ON ("j2"."user_id") = ("j1"."id") LEFT JOIN "public"."users" AS "j3" ON ("j3"."id") = ("public"."jobs"."company_id") LEFT JOIN "public"."company_profiles" AS "j4" ON ("j4"."user_id") = ("j3"."id") WHERE ("public"."jobs"."is_active" = $1 AND "public"."jobs"."seniority_level" = CAST($2::text AS "public"."SeniorityLevel") AND ("public"."jobs"."title" ILIKE $3 OR "public"."jobs"."required_skills" && $4 OR ("j0"."email" ILIKE $5 AND ("j0"."id" IS NOT NULL)) OR ("j2"."full_name" ILIKE $6 AND ("j2"."id" IS NOT NULL) AND ("j1"."id" IS NOT NULL)) OR ("j4"."company_name" ILIKE $7 AND ("j4"."id" IS NOT NULL) AND ("j3"."id" IS NOT NULL))) AND ("public"."jobs"."salary_max" >= $8 OR ("public"."jobs"."salary_max" IS NULL AND "public"."jobs"."salary_min" >= $9) OR ("public"."jobs"."salary_max" IS NULL AND "public"."jobs"."salary_min" IS NULL)) AND ("public"."jobs"."salary_min" <= $10 OR ("public"."jobs"."salary_min" IS NULL AND "public"."jobs"."salary_max" <= $11) OR ("public"."jobs"."salary_min" IS NULL AND "public"."jobs"."salary_max" IS NULL))) ORDER BY "public"."jobs"."created_at" DESC LIMIT $12 OFFSET $13
prisma:query SELECT COUNT(*) AS "_count._all" FROM (SELECT "public"."jobs"."id" FROM "public"."jobs" LEFT JOIN "public"."users" AS "j0" ON ("j0"."id") = ("public"."jobs"."company_id") LEFT JOIN "public"."users" AS "j1" ON ("j1"."id") = ("public"."jobs"."company_id") LEFT JOIN "public"."profiles" AS "j2" ON ("j2"."user_id") = ("j1"."id") LEFT JOIN "public"."users" AS "j3" ON ("j3"."id") = ("public"."jobs"."company_id") LEFT JOIN "public"."company_profiles" AS "j4" ON ("j4"."user_id") = ("j3"."id") WHERE ("public"."jobs"."is_active" = $1 AND "public"."jobs"."seniority_level" = CAST($2::text AS "public"."SeniorityLevel") AND ("public"."jobs"."title" ILIKE $3 OR "public"."jobs"."required_skills" && $4 OR ("j0"."email" ILIKE $5 AND ("j0"."id" IS NOT NULL)) OR ("j2"."full_name" ILIKE $6 AND ("j2"."id" IS NOT NULL) AND ("j1"."id" IS NOT NULL)) OR ("j4"."company_name" ILIKE $7 AND ("j4"."id" IS NOT NULL) AND ("j3"."id" IS NOT NULL))) AND ("public"."jobs"."salary_max" >= $8 OR ("public"."jobs"."salary_max" IS NULL AND "public"."jobs"."salary_min" >= $9) OR ("public"."jobs"."salary_max" IS NULL AND "public"."jobs"."salary_min" IS NULL)) AND ("public"."jobs"."salary_min" <= $10 OR ("public"."jobs"."salary_min" IS NULL AND "public"."jobs"."salary_max" <= $11) OR ("public"."jobs"."salary_min" IS NULL AND "public"."jobs"."salary_max" IS NULL))) OFFSET $12) AS "sub"

[90mstdout[2m | tests/jobs/search-filter-intersection.property.test.ts[2m > [22m[2mProperty 23: Job Search Filter Intersection (AND Logic)[2m > [22m[2mevery job in results satisfies ALL active filter predicates simultaneously
[22m[39mprisma:query SELECT "public"."jobs"."id", "public"."jobs"."title", "public"."jobs"."description", "public"."jobs"."location", "public"."jobs"."job_type"::text, "public"."jobs"."salary_min", "public"."jobs"."salary_max", "public"."jobs"."salary_currency", "public"."jobs"."salary_period", "public"."jobs"."is_remote", "public"."jobs"."required_skills", "public"."jobs"."employment_type"::text, "public"."jobs"."seniority_level"::text, "public"."jobs"."open_slots", "public"."jobs"."category", "public"."jobs"."created_at", "public"."jobs"."company_id" FROM "public"."jobs" LEFT JOIN "public"."users" AS "j0" ON ("j0"."id") = ("public"."jobs"."company_id") LEFT JOIN "public"."users" AS "j1" ON ("j1"."id") = ("public"."jobs"."company_id") LEFT JOIN "public"."profiles" AS "j2" ON ("j2"."user_id") = ("j1"."id") LEFT JOIN "public"."users" AS "j3" ON ("j3"."id") = ("public"."jobs"."company_id") LEFT JOIN "public"."company_profiles" AS "j4" ON ("j4"."user_id") = ("j3"."id") WHERE ("public"."jobs"."is_active" = $1 AND "public"."jobs"."seniority_level" = CAST($2::text AS "public"."SeniorityLevel") AND ("public"."jobs"."title" ILIKE $3 OR "public"."jobs"."required_skills" && $4 OR ("j0"."email" ILIKE $5 AND ("j0"."id" IS NOT NULL)) OR ("j2"."full_name" ILIKE $6 AND ("j2"."id" IS NOT NULL) AND ("j1"."id" IS NOT NULL)) OR ("j4"."company_name" ILIKE $7 AND ("j4"."id" IS NOT NULL) AND ("j3"."id" IS NOT NULL))) AND ("public"."jobs"."salary_max" >= $8 OR ("public"."jobs"."salary_max" IS NULL AND "public"."jobs"."salary_min" >= $9) OR ("public"."jobs"."salary_max" IS NULL AND "public"."jobs"."salary_min" IS NULL))) ORDER BY "public"."jobs"."created_at" DESC LIMIT $10 OFFSET $11

[90mstdout[2m | tests/jobs/search-filter-intersection.property.test.ts[2m > [22m[2mProperty 23: Job Search Filter Intersection (AND Logic)[2m > [22m[2mevery job in results satisfies ALL active filter predicates simultaneously
[22m[39mprisma:query SELECT COUNT(*) AS "_count._all" FROM (SELECT "public"."jobs"."id" FROM "public"."jobs" LEFT JOIN "public"."users" AS "j0" ON ("j0"."id") = ("public"."jobs"."company_id") LEFT JOIN "public"."users" AS "j1" ON ("j1"."id") = ("public"."jobs"."company_id") LEFT JOIN "public"."profiles" AS "j2" ON ("j2"."user_id") = ("j1"."id") LEFT JOIN "public"."users" AS "j3" ON ("j3"."id") = ("public"."jobs"."company_id") LEFT JOIN "public"."company_profiles" AS "j4" ON ("j4"."user_id") = ("j3"."id") WHERE ("public"."jobs"."is_active" = $1 AND "public"."jobs"."seniority_level" = CAST($2::text AS "public"."SeniorityLevel") AND ("public"."jobs"."title" ILIKE $3 OR "public"."jobs"."required_skills" && $4 OR ("j0"."email" ILIKE $5 AND ("j0"."id" IS NOT NULL)) OR ("j2"."full_name" ILIKE $6 AND ("j2"."id" IS NOT NULL) AND ("j1"."id" IS NOT NULL)) OR ("j4"."company_name" ILIKE $7 AND ("j4"."id" IS NOT NULL) AND ("j3"."id" IS NOT NULL))) AND ("public"."jobs"."salary_max" >= $8 OR ("public"."jobs"."salary_max" IS NULL AND "public"."jobs"."salary_min" >= $9) OR ("public"."jobs"."salary_max" IS NULL AND "public"."jobs"."salary_min" IS NULL))) OFFSET $10) AS "sub"

[90mstdout[2m | tests/jobs/search-filter-intersection.property.test.ts[2m > [22m[2mProperty 23: Job Search Filter Intersection (AND Logic)[2m > [22m[2mevery job in results satisfies ALL active filter predicates simultaneously
[22m[39mprisma:query SELECT "public"."jobs"."id", "public"."jobs"."title", "public"."jobs"."description", "public"."jobs"."location", "public"."jobs"."job_type"::text, "public"."jobs"."salary_min", "public"."jobs"."salary_max", "public"."jobs"."salary_currency", "public"."jobs"."salary_period", "public"."jobs"."is_remote", "public"."jobs"."required_skills", "public"."jobs"."employment_type"::text, "public"."jobs"."seniority_level"::text, "public"."jobs"."open_slots", "public"."jobs"."category", "public"."jobs"."created_at", "public"."jobs"."company_id" FROM "public"."jobs" WHERE ("public"."jobs"."is_active" = $1 AND "public"."jobs"."employment_type" = CAST($2::text AS "public"."EmploymentType") AND ("public"."jobs"."category" ILIKE $3 OR "public"."jobs"."required_skills" @> $4) AND ("public"."jobs"."salary_min" <= $5 OR ("public"."jobs"."salary_min" IS NULL AND "public"."jobs"."salary_max" <= $6) OR ("public"."jobs"."salary_min" IS NULL AND "public"."jobs"."salary_max" IS NULL)) AND "public"."jobs"."location" ILIKE $7 AND "public"."jobs"."is_remote" = $8) ORDER BY "public"."jobs"."created_at" DESC LIMIT $9 OFFSET $10

[90mstdout[2m | tests/jobs/search-filter-intersection.property.test.ts[2m > [22m[2mProperty 23: Job Search Filter Intersection (AND Logic)[2m > [22m[2mevery job in results satisfies ALL active filter predicates simultaneously
[22m[39mprisma:query SELECT COUNT(*) AS "_count._all" FROM (SELECT "public"."jobs"."id" FROM "public"."jobs" WHERE ("public"."jobs"."is_active" = $1 AND "public"."jobs"."employment_type" = CAST($2::text AS "public"."EmploymentType") AND ("public"."jobs"."category" ILIKE $3 OR "public"."jobs"."required_skills" @> $4) AND ("public"."jobs"."salary_min" <= $5 OR ("public"."jobs"."salary_min" IS NULL AND "public"."jobs"."salary_max" <= $6) OR ("public"."jobs"."salary_min" IS NULL AND "public"."jobs"."salary_max" IS NULL)) AND "public"."jobs"."location" ILIKE $7 AND "public"."jobs"."is_remote" = $8) OFFSET $9) AS "sub"

[90mstdout[2m | tests/jobs/search-filter-intersection.property.test.ts[2m > [22m[2mProperty 23: Job Search Filter Intersection (AND Logic)[2m > [22m[2mevery job in results satisfies ALL active filter predicates simultaneously
[22m[39mprisma:query SELECT COUNT(*) AS "_count._all" FROM (SELECT "public"."jobs"."id" FROM "public"."jobs" LEFT JOIN "public"."users" AS "j0" ON ("j0"."id") = ("public"."jobs"."company_id") LEFT JOIN "public"."users" AS "j1" ON ("j1"."id") = ("public"."jobs"."company_id") LEFT JOIN "public"."profiles" AS "j2" ON ("j2"."user_id") = ("j1"."id") LEFT JOIN "public"."users" AS "j3" ON ("j3"."id") = ("public"."jobs"."company_id") LEFT JOIN "public"."company_profiles" AS "j4" ON ("j4"."user_id") = ("j3"."id") WHERE ("public"."jobs"."is_active" = $1 AND "public"."jobs"."seniority_level" = CAST($2::text AS "public"."SeniorityLevel") AND ("public"."jobs"."title" ILIKE $3 OR "public"."jobs"."required_skills" && $4 OR ("j0"."email" ILIKE $5 AND ("j0"."id" IS NOT NULL)) OR ("j2"."full_name" ILIKE $6 AND ("j2"."id" IS NOT NULL) AND ("j1"."id" IS NOT NULL)) OR ("j4"."company_name" ILIKE $7 AND ("j4"."id" IS NOT NULL) AND ("j3"."id" IS NOT NULL))) AND "public"."jobs"."is_remote" = $8 AND ("public"."jobs"."salary_min" <= $9 OR ("public"."jobs"."salary_min" IS NULL AND "public"."jobs"."salary_max" <= $10) OR ("public"."jobs"."salary_min" IS NULL AND "public"."jobs"."salary_max" IS NULL))) OFFSET $11) AS "sub"

[90mstdout[2m | tests/jobs/search-filter-intersection.property.test.ts[2m > [22m[2mProperty 23: Job Search Filter Intersection (AND Logic)[2m > [22m[2mevery job in results satisfies ALL active filter predicates simultaneously
[22m[39mprisma:query SELECT "public"."jobs"."id", "public"."jobs"."title", "public"."jobs"."description", "public"."jobs"."location", "public"."jobs"."job_type"::text, "public"."jobs"."salary_min", "public"."jobs"."salary_max", "public"."jobs"."salary_currency", "public"."jobs"."salary_period", "public"."jobs"."is_remote", "public"."jobs"."required_skills", "public"."jobs"."employment_type"::text, "public"."jobs"."seniority_level"::text, "public"."jobs"."open_slots", "public"."jobs"."category", "public"."jobs"."created_at", "public"."jobs"."company_id" FROM "public"."jobs" LEFT JOIN "public"."users" AS "j0" ON ("j0"."id") = ("public"."jobs"."company_id") LEFT JOIN "public"."users" AS "j1" ON ("j1"."id") = ("public"."jobs"."company_id") LEFT JOIN "public"."profiles" AS "j2" ON ("j2"."user_id") = ("j1"."id") LEFT JOIN "public"."users" AS "j3" ON ("j3"."id") = ("public"."jobs"."company_id") LEFT JOIN "public"."company_profiles" AS "j4" ON ("j4"."user_id") = ("j3"."id") WHERE ("public"."jobs"."is_active" = $1 AND "public"."jobs"."seniority_level" = CAST($2::text AS "public"."SeniorityLevel") AND ("public"."jobs"."title" ILIKE $3 OR "public"."jobs"."required_skills" && $4 OR ("j0"."email" ILIKE $5 AND ("j0"."id" IS NOT NULL)) OR ("j2"."full_name" ILIKE $6 AND ("j2"."id" IS NOT NULL) AND ("j1"."id" IS NOT NULL)) OR ("j4"."company_name" ILIKE $7 AND ("j4"."id" IS NOT NULL) AND ("j3"."id" IS NOT NULL))) AND "public"."jobs"."is_remote" = $8 AND ("public"."jobs"."salary_min" <= $9 OR ("public"."jobs"."salary_min" IS NULL AND "public"."jobs"."salary_max" <= $10) OR ("public"."jobs"."salary_min" IS NULL AND "public"."jobs"."salary_max" IS NULL))) ORDER BY "public"."jobs"."created_at" DESC LIMIT $11 OFFSET $12

[90mstdout[2m | tests/jobs/search-filter-intersection.property.test.ts[2m > [22m[2mProperty 23: Job Search Filter Intersection (AND Logic)[2m > [22m[2mevery job in results satisfies ALL active filter predicates simultaneously
[22m[39mprisma:query SELECT COUNT(*) AS "_count._all" FROM (SELECT "public"."jobs"."id" FROM "public"."jobs" WHERE ("public"."jobs"."is_active" = $1 AND "public"."jobs"."seniority_level" = CAST($2::text AS "public"."SeniorityLevel") AND ("public"."jobs"."category" ILIKE $3 OR "public"."jobs"."required_skills" @> $4) AND ("public"."jobs"."salary_max" >= $5 OR ("public"."jobs"."salary_max" IS NULL AND "public"."jobs"."salary_min" >= $6) OR ("public"."jobs"."salary_max" IS NULL AND "public"."jobs"."salary_min" IS NULL)) AND ("public"."jobs"."salary_min" <= $7 OR ("public"."jobs"."salary_min" IS NULL AND "public"."jobs"."salary_max" <= $8) OR ("public"."jobs"."salary_min" IS NULL AND "public"."jobs"."salary_max" IS NULL))) OFFSET $9) AS "sub"
prisma:query SELECT "public"."jobs"."id", "public"."jobs"."title", "public"."jobs"."description", "public"."jobs"."location", "public"."jobs"."job_type"::text, "public"."jobs"."salary_min", "public"."jobs"."salary_max", "public"."jobs"."salary_currency", "public"."jobs"."salary_period", "public"."jobs"."is_remote", "public"."jobs"."required_skills", "public"."jobs"."employment_type"::text, "public"."jobs"."seniority_level"::text, "public"."jobs"."open_slots", "public"."jobs"."category", "public"."jobs"."created_at", "public"."jobs"."company_id" FROM "public"."jobs" WHERE ("public"."jobs"."is_active" = $1 AND "public"."jobs"."seniority_level" = CAST($2::text AS "public"."SeniorityLevel") AND ("public"."jobs"."category" ILIKE $3 OR "public"."jobs"."required_skills" @> $4) AND ("public"."jobs"."salary_max" >= $5 OR ("public"."jobs"."salary_max" IS NULL AND "public"."jobs"."salary_min" >= $6) OR ("public"."jobs"."salary_max" IS NULL AND "public"."jobs"."salary_min" IS NULL)) AND ("public"."jobs"."salary_min" <= $7 OR ("public"."jobs"."salary_min" IS NULL AND "public"."jobs"."salary_max" <= $8) OR ("public"."jobs"."salary_min" IS NULL AND "public"."jobs"."salary_max" IS NULL))) ORDER BY "public"."jobs"."created_at" DESC LIMIT $9 OFFSET $10

[90mstdout[2m | tests/jobs/search-filter-intersection.property.test.ts[2m > [22m[2mProperty 23: Job Search Filter Intersection (AND Logic)[2m > [22m[2mevery job in results satisfies ALL active filter predicates simultaneously
[22m[39mprisma:query SELECT "public"."jobs"."id", "public"."jobs"."title", "public"."jobs"."description", "public"."jobs"."location", "public"."jobs"."job_type"::text, "public"."jobs"."salary_min", "public"."jobs"."salary_max", "public"."jobs"."salary_currency", "public"."jobs"."salary_period", "public"."jobs"."is_remote", "public"."jobs"."required_skills", "public"."jobs"."employment_type"::text, "public"."jobs"."seniority_level"::text, "public"."jobs"."open_slots", "public"."jobs"."category", "public"."jobs"."created_at", "public"."jobs"."company_id" FROM "public"."jobs" LEFT JOIN "public"."users" AS "j0" ON ("j0"."id") = ("public"."jobs"."company_id") LEFT JOIN "public"."users" AS "j1" ON ("j1"."id") = ("public"."jobs"."company_id") LEFT JOIN "public"."profiles" AS "j2" ON ("j2"."user_id") = ("j1"."id") LEFT JOIN "public"."users" AS "j3" ON ("j3"."id") = ("public"."jobs"."company_id") LEFT JOIN "public"."company_profiles" AS "j4" ON ("j4"."user_id") = ("j3"."id") WHERE ("public"."jobs"."is_active" = $1 AND "public"."jobs"."seniority_level" = CAST($2::text AS "public"."SeniorityLevel") AND ("public"."jobs"."title" ILIKE $3 OR "public"."jobs"."required_skills" && $4 OR ("j0"."email" ILIKE $5 AND ("j0"."id" IS NOT NULL)) OR ("j2"."full_name" ILIKE $6 AND ("j2"."id" IS NOT NULL) AND ("j1"."id" IS NOT NULL)) OR ("j4"."company_name" ILIKE $7 AND ("j4"."id" IS NOT NULL) AND ("j3"."id" IS NOT NULL))) AND ("public"."jobs"."category" ILIKE $8 OR "public"."jobs"."required_skills" @> $9) AND ("public"."jobs"."salary_min" <= $10 OR ("public"."jobs"."salary_min" IS NULL AND "public"."jobs"."salary_max" <= $11) OR ("public"."jobs"."salary_min" IS NULL AND "public"."jobs"."salary_max" IS NULL)) AND "public"."jobs"."is_remote" = $12) ORDER BY "public"."jobs"."created_at" DESC LIMIT $13 OFFSET $14
prisma:query SELECT COUNT(*) AS "_count._all" FROM (SELECT "public"."jobs"."id" FROM "public"."jobs" LEFT JOIN "public"."users" AS "j0" ON ("j0"."id") = ("public"."jobs"."company_id") LEFT JOIN "public"."users" AS "j1" ON ("j1"."id") = ("public"."jobs"."company_id") LEFT JOIN "public"."profiles" AS "j2" ON ("j2"."user_id") = ("j1"."id") LEFT JOIN "public"."users" AS "j3" ON ("j3"."id") = ("public"."jobs"."company_id") LEFT JOIN "public"."company_profiles" AS "j4" ON ("j4"."user_id") = ("j3"."id") WHERE ("public"."jobs"."is_active" = $1 AND "public"."jobs"."seniority_level" = CAST($2::text AS "public"."SeniorityLevel") AND ("public"."jobs"."title" ILIKE $3 OR "public"."jobs"."required_skills" && $4 OR ("j0"."email" ILIKE $5 AND ("j0"."id" IS NOT NULL)) OR ("j2"."full_name" ILIKE $6 AND ("j2"."id" IS NOT NULL) AND ("j1"."id" IS NOT NULL)) OR ("j4"."company_name" ILIKE $7 AND ("j4"."id" IS NOT NULL) AND ("j3"."id" IS NOT NULL))) AND ("public"."jobs"."category" ILIKE $8 OR "public"."jobs"."required_skills" @> $9) AND ("public"."jobs"."salary_min" <= $10 OR ("public"."jobs"."salary_min" IS NULL AND "public"."jobs"."salary_max" <= $11) OR ("public"."jobs"."salary_min" IS NULL AND "public"."jobs"."salary_max" IS NULL)) AND "public"."jobs"."is_remote" = $12) OFFSET $13) AS "sub"

[90mstdout[2m | tests/jobs/search-filter-intersection.property.test.ts[2m > [22m[2mProperty 23: Job Search Filter Intersection (AND Logic)[2m > [22m[2mevery job in results satisfies ALL active filter predicates simultaneously
[22m[39mprisma:query SELECT "public"."jobs"."id", "public"."jobs"."title", "public"."jobs"."description", "public"."jobs"."location", "public"."jobs"."job_type"::text, "public"."jobs"."salary_min", "public"."jobs"."salary_max", "public"."jobs"."salary_currency", "public"."jobs"."salary_period", "public"."jobs"."is_remote", "public"."jobs"."required_skills", "public"."jobs"."employment_type"::text, "public"."jobs"."seniority_level"::text, "public"."jobs"."open_slots", "public"."jobs"."category", "public"."jobs"."created_at", "public"."jobs"."company_id" FROM "public"."jobs" WHERE ("public"."jobs"."is_active" = $1 AND "public"."jobs"."employment_type" = CAST($2::text AS "public"."EmploymentType") AND "public"."jobs"."location" ILIKE $3) ORDER BY "public"."jobs"."created_at" DESC LIMIT $4 OFFSET $5
prisma:query SELECT COUNT(*) AS "_count._all" FROM (SELECT "public"."jobs"."id" FROM "public"."jobs" WHERE ("public"."jobs"."is_active" = $1 AND "public"."jobs"."employment_type" = CAST($2::text AS "public"."EmploymentType") AND "public"."jobs"."location" ILIKE $3) OFFSET $4) AS "sub"

[90mstdout[2m | tests/jobs/search-filter-intersection.property.test.ts[2m > [22m[2mProperty 23: Job Search Filter Intersection (AND Logic)[2m > [22m[2mevery job in results satisfies ALL active filter predicates simultaneously
[22m[39mprisma:query SELECT "public"."jobs"."id", "public"."jobs"."title", "public"."jobs"."description", "public"."jobs"."location", "public"."jobs"."job_type"::text, "public"."jobs"."salary_min", "public"."jobs"."salary_max", "public"."jobs"."salary_currency", "public"."jobs"."salary_period", "public"."jobs"."is_remote", "public"."jobs"."required_skills", "public"."jobs"."employment_type"::text, "public"."jobs"."seniority_level"::text, "public"."jobs"."open_slots", "public"."jobs"."category", "public"."jobs"."created_at", "public"."jobs"."company_id" FROM "public"."jobs" LEFT JOIN "public"."users" AS "j0" ON ("j0"."id") = ("public"."jobs"."company_id") LEFT JOIN "public"."users" AS "j1" ON ("j1"."id") = ("public"."jobs"."company_id") LEFT JOIN "public"."profiles" AS "j2" ON ("j2"."user_id") = ("j1"."id") LEFT JOIN "public"."users" AS "j3" ON ("j3"."id") = ("public"."jobs"."company_id") LEFT JOIN "public"."company_profiles" AS "j4" ON ("j4"."user_id") = ("j3"."id") WHERE ("public"."jobs"."is_active" = $1 AND "public"."jobs"."employment_type" = CAST($2::text AS "public"."EmploymentType") AND ("public"."jobs"."title" ILIKE $3 OR "public"."jobs"."required_skills" && $4 OR ("j0"."email" ILIKE $5 AND ("j0"."id" IS NOT NULL)) OR ("j2"."full_name" ILIKE $6 AND ("j2"."id" IS NOT NULL) AND ("j1"."id" IS NOT NULL)) OR ("j4"."company_name" ILIKE $7 AND ("j4"."id" IS NOT NULL) AND ("j3"."id" IS NOT NULL))) AND "public"."jobs"."location" ILIKE $8 AND "public"."jobs"."is_remote" = $9) ORDER BY "public"."jobs"."created_at" DESC LIMIT $10 OFFSET $11
prisma:query SELECT COUNT(*) AS "_count._all" FROM (SELECT "public"."jobs"."id" FROM "public"."jobs" LEFT JOIN "public"."users" AS "j0" ON ("j0"."id") = ("public"."jobs"."company_id") LEFT JOIN "public"."users" AS "j1" ON ("j1"."id") = ("public"."jobs"."company_id") LEFT JOIN "public"."profiles" AS "j2" ON ("j2"."user_id") = ("j1"."id") LEFT JOIN "public"."users" AS "j3" ON ("j3"."id") = ("public"."jobs"."company_id") LEFT JOIN "public"."company_profiles" AS "j4" ON ("j4"."user_id") = ("j3"."id") WHERE ("public"."jobs"."is_active" = $1 AND "public"."jobs"."employment_type" = CAST($2::text AS "public"."EmploymentType") AND ("public"."jobs"."title" ILIKE $3 OR "public"."jobs"."required_skills" && $4 OR ("j0"."email" ILIKE $5 AND ("j0"."id" IS NOT NULL)) OR ("j2"."full_name" ILIKE $6 AND ("j2"."id" IS NOT NULL) AND ("j1"."id" IS NOT NULL)) OR ("j4"."company_name" ILIKE $7 AND ("j4"."id" IS NOT NULL) AND ("j3"."id" IS NOT NULL))) AND "public"."jobs"."location" ILIKE $8 AND "public"."jobs"."is_remote" = $9) OFFSET $10) AS "sub"

[90mstdout[2m | tests/jobs/search-filter-intersection.property.test.ts[2m > [22m[2mProperty 23: Job Search Filter Intersection (AND Logic)[2m > [22m[2mevery job in results satisfies ALL active filter predicates simultaneously
[22m[39mprisma:query SELECT "public"."jobs"."id", "public"."jobs"."title", "public"."jobs"."description", "public"."jobs"."location", "public"."jobs"."job_type"::text, "public"."jobs"."salary_min", "public"."jobs"."salary_max", "public"."jobs"."salary_currency", "public"."jobs"."salary_period", "public"."jobs"."is_remote", "public"."jobs"."required_skills", "public"."jobs"."employment_type"::text, "public"."jobs"."seniority_level"::text, "public"."jobs"."open_slots", "public"."jobs"."category", "public"."jobs"."created_at", "public"."jobs"."company_id" FROM "public"."jobs" WHERE ("public"."jobs"."is_active" = $1 AND "public"."jobs"."is_remote" = $2 AND ("public"."jobs"."salary_max" >= $3 OR ("public"."jobs"."salary_max" IS NULL AND "public"."jobs"."salary_min" >= $4) OR ("public"."jobs"."salary_max" IS NULL AND "public"."jobs"."salary_min" IS NULL)) AND ("public"."jobs"."salary_min" <= $5 OR ("public"."jobs"."salary_min" IS NULL AND "public"."jobs"."salary_max" <= $6) OR ("public"."jobs"."salary_min" IS NULL AND "public"."jobs"."salary_max" IS NULL))) ORDER BY "public"."jobs"."created_at" DESC LIMIT $7 OFFSET $8
prisma:query SELECT COUNT(*) AS "_count._all" FROM (SELECT "public"."jobs"."id" FROM "public"."jobs" WHERE ("public"."jobs"."is_active" = $1 AND "public"."jobs"."is_remote" = $2 AND ("public"."jobs"."salary_max" >= $3 OR ("public"."jobs"."salary_max" IS NULL AND "public"."jobs"."salary_min" >= $4) OR ("public"."jobs"."salary_max" IS NULL AND "public"."jobs"."salary_min" IS NULL)) AND ("public"."jobs"."salary_min" <= $5 OR ("public"."jobs"."salary_min" IS NULL AND "public"."jobs"."salary_max" <= $6) OR ("public"."jobs"."salary_min" IS NULL AND "public"."jobs"."salary_max" IS NULL))) OFFSET $7) AS "sub"

[90mstdout[2m | tests/jobs/search-filter-intersection.property.test.ts[2m > [22m[2mProperty 23: Job Search Filter Intersection (AND Logic)[2m > [22m[2mevery job in results satisfies ALL active filter predicates simultaneously
[22m[39mprisma:query SELECT "public"."jobs"."id", "public"."jobs"."title", "public"."jobs"."description", "public"."jobs"."location", "public"."jobs"."job_type"::text, "public"."jobs"."salary_min", "public"."jobs"."salary_max", "public"."jobs"."salary_currency", "public"."jobs"."salary_period", "public"."jobs"."is_remote", "public"."jobs"."required_skills", "public"."jobs"."employment_type"::text, "public"."jobs"."seniority_level"::text, "public"."jobs"."open_slots", "public"."jobs"."category", "public"."jobs"."created_at", "public"."jobs"."company_id" FROM "public"."jobs" LEFT JOIN "public"."users" AS "j0" ON ("j0"."id") = ("public"."jobs"."company_id") LEFT JOIN "public"."users" AS "j1" ON ("j1"."id") = ("public"."jobs"."company_id") LEFT JOIN "public"."profiles" AS "j2" ON ("j2"."user_id") = ("j1"."id") LEFT JOIN "public"."users" AS "j3" ON ("j3"."id") = ("public"."jobs"."company_id") LEFT JOIN "public"."company_profiles" AS "j4" ON ("j4"."user_id") = ("j3"."id") WHERE ("public"."jobs"."is_active" = $1 AND "public"."jobs"."seniority_level" = CAST($2::text AS "public"."SeniorityLevel") AND ("public"."jobs"."title" ILIKE $3 OR "public"."jobs"."required_skills" && $4 OR ("j0"."email" ILIKE $5 AND ("j0"."id" IS NOT NULL)) OR ("j2"."full_name" ILIKE $6 AND ("j2"."id" IS NOT NULL) AND ("j1"."id" IS NOT NULL)) OR ("j4"."company_name" ILIKE $7 AND ("j4"."id" IS NOT NULL) AND ("j3"."id" IS NOT NULL))) AND ("public"."jobs"."salary_max" >= $8 OR ("public"."jobs"."salary_max" IS NULL AND "public"."jobs"."salary_min" >= $9) OR ("public"."jobs"."salary_max" IS NULL AND "public"."jobs"."salary_min" IS NULL)) AND ("public"."jobs"."salary_min" <= $10 OR ("public"."jobs"."salary_min" IS NULL AND "public"."jobs"."salary_max" <= $11) OR ("public"."jobs"."salary_min" IS NULL AND "public"."jobs"."salary_max" IS NULL))) ORDER BY "public"."jobs"."created_at" DESC LIMIT $12 OFFSET $13
prisma:query SELECT COUNT(*) AS "_count._all" FROM (SELECT "public"."jobs"."id" FROM "public"."jobs" LEFT JOIN "public"."users" AS "j0" ON ("j0"."id") = ("public"."jobs"."company_id") LEFT JOIN "public"."users" AS "j1" ON ("j1"."id") = ("public"."jobs"."company_id") LEFT JOIN "public"."profiles" AS "j2" ON ("j2"."user_id") = ("j1"."id") LEFT JOIN "public"."users" AS "j3" ON ("j3"."id") = ("public"."jobs"."company_id") LEFT JOIN "public"."company_profiles" AS "j4" ON ("j4"."user_id") = ("j3"."id") WHERE ("public"."jobs"."is_active" = $1 AND "public"."jobs"."seniority_level" = CAST($2::text AS "public"."SeniorityLevel") AND ("public"."jobs"."title" ILIKE $3 OR "public"."jobs"."required_skills" && $4 OR ("j0"."email" ILIKE $5 AND ("j0"."id" IS NOT NULL)) OR ("j2"."full_name" ILIKE $6 AND ("j2"."id" IS NOT NULL) AND ("j1"."id" IS NOT NULL)) OR ("j4"."company_name" ILIKE $7 AND ("j4"."id" IS NOT NULL) AND ("j3"."id" IS NOT NULL))) AND ("public"."jobs"."salary_max" >= $8 OR ("public"."jobs"."salary_max" IS NULL AND "public"."jobs"."salary_min" >= $9) OR ("public"."jobs"."salary_max" IS NULL AND "public"."jobs"."salary_min" IS NULL)) AND ("public"."jobs"."salary_min" <= $10 OR ("public"."jobs"."salary_min" IS NULL AND "public"."jobs"."salary_max" <= $11) OR ("public"."jobs"."salary_min" IS NULL AND "public"."jobs"."salary_max" IS NULL))) OFFSET $12) AS "sub"

[90mstdout[2m | tests/jobs/search-filter-intersection.property.test.ts[2m > [22m[2mProperty 23: Job Search Filter Intersection (AND Logic)[2m > [22m[2mevery job in results satisfies ALL active filter predicates simultaneously
[22m[39mprisma:query SELECT "public"."jobs"."id", "public"."jobs"."title", "public"."jobs"."description", "public"."jobs"."location", "public"."jobs"."job_type"::text, "public"."jobs"."salary_min", "public"."jobs"."salary_max", "public"."jobs"."salary_currency", "public"."jobs"."salary_period", "public"."jobs"."is_remote", "public"."jobs"."required_skills", "public"."jobs"."employment_type"::text, "public"."jobs"."seniority_level"::text, "public"."jobs"."open_slots", "public"."jobs"."category", "public"."jobs"."created_at", "public"."jobs"."company_id" FROM "public"."jobs" WHERE ("public"."jobs"."is_active" = $1 AND ("public"."jobs"."salary_max" >= $2 OR ("public"."jobs"."salary_max" IS NULL AND "public"."jobs"."salary_min" >= $3) OR ("public"."jobs"."salary_max" IS NULL AND "public"."jobs"."salary_min" IS NULL)) AND ("public"."jobs"."salary_min" <= $4 OR ("public"."jobs"."salary_min" IS NULL AND "public"."jobs"."salary_max" <= $5) OR ("public"."jobs"."salary_min" IS NULL AND "public"."jobs"."salary_max" IS NULL))) ORDER BY "public"."jobs"."created_at" DESC LIMIT $6 OFFSET $7
prisma:query SELECT COUNT(*) AS "_count._all" FROM (SELECT "public"."jobs"."id" FROM "public"."jobs" WHERE ("public"."jobs"."is_active" = $1 AND ("public"."jobs"."salary_max" >= $2 OR ("public"."jobs"."salary_max" IS NULL AND "public"."jobs"."salary_min" >= $3) OR ("public"."jobs"."salary_max" IS NULL AND "public"."jobs"."salary_min" IS NULL)) AND ("public"."jobs"."salary_min" <= $4 OR ("public"."jobs"."salary_min" IS NULL AND "public"."jobs"."salary_max" <= $5) OR ("public"."jobs"."salary_min" IS NULL AND "public"."jobs"."salary_max" IS NULL))) OFFSET $6) AS "sub"

[90mstdout[2m | tests/jobs/search-filter-intersection.property.test.ts[2m > [22m[2mProperty 23: Job Search Filter Intersection (AND Logic)[2m > [22m[2mevery job in results satisfies ALL active filter predicates simultaneously
[22m[39mprisma:query SELECT "public"."jobs"."id", "public"."jobs"."title", "public"."jobs"."description", "public"."jobs"."location", "public"."jobs"."job_type"::text, "public"."jobs"."salary_min", "public"."jobs"."salary_max", "public"."jobs"."salary_currency", "public"."jobs"."salary_period", "public"."jobs"."is_remote", "public"."jobs"."required_skills", "public"."jobs"."employment_type"::text, "public"."jobs"."seniority_level"::text, "public"."jobs"."open_slots", "public"."jobs"."category", "public"."jobs"."created_at", "public"."jobs"."company_id" FROM "public"."jobs" LEFT JOIN "public"."users" AS "j0" ON ("j0"."id") = ("public"."jobs"."company_id") LEFT JOIN "public"."users" AS "j1" ON ("j1"."id") = ("public"."jobs"."company_id") LEFT JOIN "public"."profiles" AS "j2" ON ("j2"."user_id") = ("j1"."id") LEFT JOIN "public"."users" AS "j3" ON ("j3"."id") = ("public"."jobs"."company_id") LEFT JOIN "public"."company_profiles" AS "j4" ON ("j4"."user_id") = ("j3"."id") WHERE ("public"."jobs"."is_active" = $1 AND "public"."jobs"."employment_type" = CAST($2::text AS "public"."EmploymentType") AND "public"."jobs"."seniority_level" = CAST($3::text AS "public"."SeniorityLevel") AND ("public"."jobs"."title" ILIKE $4 OR "public"."jobs"."required_skills" && $5 OR ("j0"."email" ILIKE $6 AND ("j0"."id" IS NOT NULL)) OR ("j2"."full_name" ILIKE $7 AND ("j2"."id" IS NOT NULL) AND ("j1"."id" IS NOT NULL)) OR ("j4"."company_name" ILIKE $8 AND ("j4"."id" IS NOT NULL) AND ("j3"."id" IS NOT NULL))) AND ("public"."jobs"."category" ILIKE $9 OR "public"."jobs"."required_skills" @> $10) AND ("public"."jobs"."salary_max" >= $11 OR ("public"."jobs"."salary_max" IS NULL AND "public"."jobs"."salary_min" >= $12) OR ("public"."jobs"."salary_max" IS NULL AND "public"."jobs"."salary_min" IS NULL)) AND ("public"."jobs"."salary_min" <= $13 OR ("public"."jobs"."salary_min" IS NULL AND "public"."jobs"."salary_max" <= $14) OR ("public"."jobs"."salary_min" IS NULL AND "public"."jobs"."salary_max" IS NULL)) AND "public"."jobs"."location" ILIKE $15) ORDER BY "public"."jobs"."created_at" DESC LIMIT $16 OFFSET $17
prisma:query SELECT COUNT(*) AS "_count._all" FROM (SELECT "public"."jobs"."id" FROM "public"."jobs" LEFT JOIN "public"."users" AS "j0" ON ("j0"."id") = ("public"."jobs"."company_id") LEFT JOIN "public"."users" AS "j1" ON ("j1"."id") = ("public"."jobs"."company_id") LEFT JOIN "public"."profiles" AS "j2" ON ("j2"."user_id") = ("j1"."id") LEFT JOIN "public"."users" AS "j3" ON ("j3"."id") = ("public"."jobs"."company_id") LEFT JOIN "public"."company_profiles" AS "j4" ON ("j4"."user_id") = ("j3"."id") WHERE ("public"."jobs"."is_active" = $1 AND "public"."jobs"."employment_type" = CAST($2::text AS "public"."EmploymentType") AND "public"."jobs"."seniority_level" = CAST($3::text AS "public"."SeniorityLevel") AND ("public"."jobs"."title" ILIKE $4 OR "public"."jobs"."required_skills" && $5 OR ("j0"."email" ILIKE $6 AND ("j0"."id" IS NOT NULL)) OR ("j2"."full_name" ILIKE $7 AND ("j2"."id" IS NOT NULL) AND ("j1"."id" IS NOT NULL)) OR ("j4"."company_name" ILIKE $8 AND ("j4"."id" IS NOT NULL) AND ("j3"."id" IS NOT NULL))) AND ("public"."jobs"."category" ILIKE $9 OR "public"."jobs"."required_skills" @> $10) AND ("public"."jobs"."salary_max" >= $11 OR ("public"."jobs"."salary_max" IS NULL AND "public"."jobs"."salary_min" >= $12) OR ("public"."jobs"."salary_max" IS NULL AND "public"."jobs"."salary_min" IS NULL)) AND ("public"."jobs"."salary_min" <= $13 OR ("public"."jobs"."salary_min" IS NULL AND "public"."jobs"."salary_max" <= $14) OR ("public"."jobs"."salary_min" IS NULL AND "public"."jobs"."salary_max" IS NULL)) AND "public"."jobs"."location" ILIKE $15) OFFSET $16) AS "sub"

[90mstdout[2m | tests/jobs/search-filter-intersection.property.test.ts[2m > [22m[2mProperty 23: Job Search Filter Intersection (AND Logic)[2m > [22m[2mevery job in results satisfies ALL active filter predicates simultaneously
[22m[39mprisma:query SELECT "public"."jobs"."id", "public"."jobs"."title", "public"."jobs"."description", "public"."jobs"."location", "public"."jobs"."job_type"::text, "public"."jobs"."salary_min", "public"."jobs"."salary_max", "public"."jobs"."salary_currency", "public"."jobs"."salary_period", "public"."jobs"."is_remote", "public"."jobs"."required_skills", "public"."jobs"."employment_type"::text, "public"."jobs"."seniority_level"::text, "public"."jobs"."open_slots", "public"."jobs"."category", "public"."jobs"."created_at", "public"."jobs"."company_id" FROM "public"."jobs" WHERE ("public"."jobs"."is_active" = $1 AND "public"."jobs"."seniority_level" = CAST($2::text AS "public"."SeniorityLevel") AND ("public"."jobs"."category" ILIKE $3 OR "public"."jobs"."required_skills" @> $4) AND "public"."jobs"."is_remote" = $5) ORDER BY "public"."jobs"."created_at" DESC LIMIT $6 OFFSET $7

[90mstdout[2m | tests/jobs/search-filter-intersection.property.test.ts[2m > [22m[2mProperty 23: Job Search Filter Intersection (AND Logic)[2m > [22m[2mevery job in results satisfies ALL active filter predicates simultaneously
[22m[39mprisma:query SELECT COUNT(*) AS "_count._all" FROM (SELECT "public"."jobs"."id" FROM "public"."jobs" WHERE ("public"."jobs"."is_active" = $1 AND "public"."jobs"."seniority_level" = CAST($2::text AS "public"."SeniorityLevel") AND ("public"."jobs"."category" ILIKE $3 OR "public"."jobs"."required_skills" @> $4) AND "public"."jobs"."is_remote" = $5) OFFSET $6) AS "sub"

[90mstdout[2m | tests/jobs/search-filter-intersection.property.test.ts[2m > [22m[2mProperty 23: Job Search Filter Intersection (AND Logic)[2m > [22m[2mevery job in results satisfies ALL active filter predicates simultaneously
[22m[39mprisma:query SELECT "public"."jobs"."id", "public"."jobs"."title", "public"."jobs"."description", "public"."jobs"."location", "public"."jobs"."job_type"::text, "public"."jobs"."salary_min", "public"."jobs"."salary_max", "public"."jobs"."salary_currency", "public"."jobs"."salary_period", "public"."jobs"."is_remote", "public"."jobs"."required_skills", "public"."jobs"."employment_type"::text, "public"."jobs"."seniority_level"::text, "public"."jobs"."open_slots", "public"."jobs"."category", "public"."jobs"."created_at", "public"."jobs"."company_id" FROM "public"."jobs" WHERE ("public"."jobs"."is_active" = $1 AND "public"."jobs"."seniority_level" = CAST($2::text AS "public"."SeniorityLevel")) ORDER BY "public"."jobs"."created_at" DESC LIMIT $3 OFFSET $4

[90mstdout[2m | tests/jobs/search-filter-intersection.property.test.ts[2m > [22m[2mProperty 23: Job Search Filter Intersection (AND Logic)[2m > [22m[2mevery job in results satisfies ALL active filter predicates simultaneously
[22m[39mprisma:query SELECT COUNT(*) AS "_count._all" FROM (SELECT "public"."jobs"."id" FROM "public"."jobs" WHERE ("public"."jobs"."is_active" = $1 AND "public"."jobs"."seniority_level" = CAST($2::text AS "public"."SeniorityLevel")) OFFSET $3) AS "sub"

 [32mΓ£ô[39m tests/jobs/search-filter-intersection.property.test.ts [2m([22m[2m1 test[22m[2m)[22m[33m 28236[2mms[22m[39m
   [33m[2mΓ£ô[22m[39m Property 23: Job Search Filter Intersection (AND Logic)[2m > [22mevery job in results satisfies ALL active filter predicates simultaneously [33m28222[2mms[22m[39m
 [32mΓ£ô[39m tests/buddy/buddy-profile-validation.property.test.ts [2m([22m[2m17 tests[22m[2m)[22m[33m 71901[2mms[22m[39m
   [33m[2mΓ£ô[22m[39m Property 3: BuddyProfile CompletionPct Calculation[2m > [22mshould equal Math.floor((filledFieldCount / 9) * 100) for any combination of fields [33m9392[2mms[22m[39m
   [33m[2mΓ£ô[22m[39m Property 3: BuddyProfile CompletionPct Calculation[2m > [22mshould always return a value between 0 and 100 inclusive [33m3839[2mms[22m[39m
   [33m[2mΓ£ô[22m[39m Property 4: BuddyProfile Whitespace Name Rejection[2m > [22mshould reject fullName that is whitespace-only [33m4071[2mms[22m[39m
   [33m[2mΓ£ô[22m[39m Property 4: BuddyProfile Whitespace Name Rejection[2m > [22mshould reject roleTitle that is whitespace-only [33m3856[2mms[22m[39m
   [33m[2mΓ£ô[22m[39m Property 4: BuddyProfile Whitespace Name Rejection[2m > [22mshould reject when both fullName and roleTitle are whitespace-only [33m3853[2mms[22m[39m
   [33m[2mΓ£ô[22m[39m Property 5: URL Format Validation (https:// prefix)[2m > [22mshould reject social link URLs that do not start with https:// [33m3847[2mms[22m[39m
   [33m[2mΓ£ô[22m[39m Property 5: URL Format Validation (https:// prefix)[2m > [22mshould accept social link URLs that start with https:// [33m4097[2mms[22m[39m
   [33m[2mΓ£ô[22m[39m Property 5: URL Format Validation (https:// prefix)[2m > [22mshould accept empty string or undefined social link URLs [33m3850[2mms[22m[39m
   [33m[2mΓ£ô[22m[39m Property 7: Field Length Limit Enforcement[2m > [22mshould reject fullName exceeding 255 characters [33m3837[2mms[22m[39m
   [33m[2mΓ£ô[22m[39m Property 7: Field Length Limit Enforcement[2m > [22mshould reject roleTitle exceeding 255 characters [33m3866[2mms[22m[39m
   [33m[2mΓ£ô[22m[39m Property 7: Field Length Limit Enforcement[2m > [22mshould reject bio exceeding 2000 characters [33m4080[2mms[22m[39m
   [33m[2mΓ£ô[22m[39m Property 7: Field Length Limit Enforcement[2m > [22mshould reject social link URLs exceeding 500 characters [33m3853[2mms[22m[39m
   [33m[2mΓ£ô[22m[39m Property 7: Field Length Limit Enforcement[2m > [22mshould reject skill items exceeding 100 characters [33m3843[2mms[22m[39m
   [33m[2mΓ£ô[22m[39m Property 7: Field Length Limit Enforcement[2m > [22mshould reject skills array exceeding 20 items [33m3839[2mms[22m[39m
   [33m[2mΓ£ô[22m[39m Property 7: Field Length Limit Enforcement[2m > [22mshould reject designTools array exceeding 20 items [33m4089[2mms[22m[39m
   [33m[2mΓ£ô[22m[39m Property 7: Field Length Limit Enforcement[2m > [22mshould reject interests array exceeding 20 items [33m3836[2mms[22m[39m
   [33m[2mΓ£ô[22m[39m Property 7: Field Length Limit Enforcement[2m > [22mshould accept fields within limits [33m3843[2mms[22m[39m
[90mstdout[2m | tests/buddy/browse-portfolios.property.test.ts[2m > [22m[2mProperty 11: Browse Portfolios Skill-Match Sort Order[2m > [22m[2mshould return projects sorted by skill-match score descending, then by date descending
[22m[39mprisma:query SELECT "public"."buddy_profiles"."id", "public"."buddy_profiles"."skills", "public"."buddy_profiles"."design_tools" FROM "public"."buddy_profiles" WHERE ("public"."buddy_profiles"."user_id" = $1 AND 1=1) LIMIT $2 OFFSET $3

[90mstdout[2m | tests/buddy/browse-portfolios.property.test.ts[2m > [22m[2mProperty 11: Browse Portfolios Skill-Match Sort Order[2m > [22m[2mshould return projects sorted by skill-match score descending, then by date descending
[22m[39mprisma:query SELECT COUNT(*) AS "_count._all" FROM (SELECT "public"."projects"."id" FROM "public"."projects" WHERE "public"."projects"."status" = CAST($1::text AS "public"."ProjectStatus") OFFSET $2) AS "sub"

[90mstdout[2m | tests/buddy/browse-portfolios.property.test.ts[2m > [22m[2mProperty 11: Browse Portfolios Skill-Match Sort Order[2m > [22m[2mshould return projects sorted by skill-match score descending, then by date descending
[22m[39mprisma:query SELECT "public"."projects"."id", "public"."projects"."mentee_id", "public"."projects"."title", "public"."projects"."description", "public"."projects"."tags", "public"."projects"."status"::text, "public"."projects"."view_count", "public"."projects"."like_count", "public"."projects"."is_approved", "public"."projects"."created_at", "public"."projects"."updated_at" FROM "public"."projects" WHERE "public"."projects"."status" = CAST($1::text AS "public"."ProjectStatus") OFFSET $2

[90mstdout[2m | tests/buddy/browse-portfolios.property.test.ts[2m > [22m[2mProperty 11: Browse Portfolios Skill-Match Sort Order[2m > [22m[2mshould return projects sorted by skill-match score descending, then by date descending
[22m[39mprisma:query SELECT "public"."buddy_profiles"."id", "public"."buddy_profiles"."skills", "public"."buddy_profiles"."design_tools" FROM "public"."buddy_profiles" WHERE ("public"."buddy_profiles"."user_id" = $1 AND 1=1) LIMIT $2 OFFSET $3

[90mstdout[2m | tests/buddy/browse-portfolios.property.test.ts[2m > [22m[2mProperty 11: Browse Portfolios Skill-Match Sort Order[2m > [22m[2mshould return projects sorted by skill-match score descending, then by date descending
[22m[39mprisma:query SELECT COUNT(*) AS "_count._all" FROM (SELECT "public"."projects"."id" FROM "public"."projects" WHERE "public"."projects"."status" = CAST($1::text AS "public"."ProjectStatus") OFFSET $2) AS "sub"

[90mstdout[2m | tests/buddy/browse-portfolios.property.test.ts[2m > [22m[2mProperty 11: Browse Portfolios Skill-Match Sort Order[2m > [22m[2mshould return projects sorted by skill-match score descending, then by date descending
[22m[39mprisma:query SELECT "public"."projects"."id", "public"."projects"."mentee_id", "public"."projects"."title", "public"."projects"."description", "public"."projects"."tags", "public"."projects"."status"::text, "public"."projects"."view_count", "public"."projects"."like_count", "public"."projects"."is_approved", "public"."projects"."created_at", "public"."projects"."updated_at" FROM "public"."projects" WHERE "public"."projects"."status" = CAST($1::text AS "public"."ProjectStatus") OFFSET $2

node.exe : [90mstderr[2m | tests/buddy/browse-portfolios.property.test.ts[2m > [22m[2mProperty 11: Browse Portfolios Skill-Match Sort Order[2m > 
[22m[2mshould return projects sorted by skill-match score descending, then by date descending
At line:1 char:1
+ & "C:\Program Files\nodejs/node.exe" "C:\Program Files\nodejs/node_mo ...
+ ~~~~~~~~~~~~~~~~~~~~~~~~~~~~~~~~~~~~~~~~~~~~~~~~~~~~~~~~~~~~~~~~~~~~~
    + CategoryInfo          : NotSpecified: ([90mstderr[2m...date descending:String) [], RemoteException
    + FullyQualifiedErrorId : NativeCommandError
 
[22m[39m[GET /api/buddy/portfolios/browse] PrismaClientUnknownRequestError: 
Invalid `prisma.project.findMany()` invocation in
C:\Users\Admin\Documents\SchoolStuff\Ky8\EXE201\ProjectEXE\PortfolioTutTat\app\api\buddy\portfolios\browse\route.ts:94:43

  91 // Fetch all matching projects (we need to sort by skill-match in-memory)
  92 // For large datasets this could be optimized with raw SQL, but for now
  93 // we fetch all and sort in-memory since skill-match requires computation
ΓåÆ 94 const projects = await prisma.project.findMany(
Inconsistent query result: Field mentee is required to return data, got `null` instead.
    at Zn.handleRequestError 
[90m(C:\Users\Admin\Documents\SchoolStuff\Ky8\EXE201\ProjectEXE\PortfolioTutTat\[39mnode_modules\[4m@prisma\client[24m\runtime\library.js:121:7649[90m)[39m
    at Zn.handleAndLogRequestError 
[90m(C:\Users\Admin\Documents\SchoolStuff\Ky8\EXE201\ProjectEXE\PortfolioTutTat\[39mnode_modules\[4m@prisma\client[24m\runtime\library.js:121:6784[90m)[39m
    at Zn.request 
[90m(C:\Users\Admin\Documents\SchoolStuff\Ky8\EXE201\ProjectEXE\PortfolioTutTat\[39mnode_modules\[4m@prisma\client[24m\runtime\library.js:121:6491[90m)[39m
    at l 
[90m(C:\Users\Admin\Documents\SchoolStuff\Ky8\EXE201\ProjectEXE\PortfolioTutTat\[39mnode_modules\[4m@prisma\client[24m\runtime\library.js:130:9778[90m)[39m
    at Module.GET [90m(C:\Users\Admin\Documents\SchoolStuff\Ky8\EXE201\ProjectEXE\PortfolioTutTat\[39mapp\api\buddy\portfolios\browse\route.ts:94:22[90m)[39m
    at [90mC:\Users\Admin\Documents\SchoolStuff\Ky8\EXE201\ProjectEXE\PortfolioTutTat\[39mtests\buddy\browse-portfolios.property.test.ts:166:25
    at AsyncProperty.run [90m(file:///C:/Users/Admin/Documents/SchoolStuff/Ky8/EXE201/ProjectEXE/PortfolioTutTat/[39mnode_modules/[4mfast-check[24m/lib/esm/che
ck/property/AsyncProperty.generic.js:46:28[90m)[39m
    at asyncRunIt [90m(file:///C:/Users/Admin/Documents/SchoolStuff/Ky8/EXE201/ProjectEXE/PortfolioTutTat/[39mnode_modules/[4mfast-check[24m/lib/esm/check/runn
er/Runner.js:33:21[90m)[39m
    at __vite_ssr_import_0__.it.timeout 
[90m(C:\Users\Admin\Documents\SchoolStuff\Ky8\EXE201\ProjectEXE\PortfolioTutTat\[39mtests\buddy\browse-portfolios.property.test.ts:105:7[90m)[39m
    at [90mfile:///C:/Users/Admin/Documents/SchoolStuff/Ky8/EXE201/ProjectEXE/PortfolioTutTat/[39mnode_modules/[4m@vitest/runner[24m/dist/index.js:533:5 {
  clientVersion: [32m'6.9.0'[39m
}

[90mstdout[2m | tests/buddy/browse-portfolios.property.test.ts[2m > [22m[2mProperty 11: Browse Portfolios Skill-Match Sort Order[2m > [22m[2mshould return projects sorted by skill-match score descending, then by date descending
[22m[39mprisma:query SELECT "public"."profiles"."id", "public"."profiles"."full_name", "public"."profiles"."major"::text FROM "public"."profiles" WHERE "public"."profiles"."id" IN ($1) OFFSET $2
prisma:error 
Invalid `prisma.project.findMany()` invocation in
C:\Users\Admin\Documents\SchoolStuff\Ky8\EXE201\ProjectEXE\PortfolioTutTat\app\api\buddy\portfolios\browse\route.ts:94:43

  91 // Fetch all matching projects (we need to sort by skill-match in-memory)
  92 // For large datasets this could be optimized with raw SQL, but for now
  93 // we fetch all and sort in-memory since skill-match requires computation
ΓåÆ 94 const projects = await prisma.project.findMany(
Inconsistent query result: Field mentee is required to return data, got `null` instead.

[90mstdout[2m | tests/buddy/browse-portfolios.property.test.ts[2m > [22m[2mProperty 12: Portfolio Bookmark Uniqueness (Idempotence)[2m > [22m[2mshould create exactly one bookmark on first attempt and reject duplicates
[22m[39mprisma:query SELECT "public"."projects"."id" FROM "public"."projects" WHERE ("public"."projects"."id" = $1 AND 1=1) LIMIT $2 OFFSET $3

[90mstdout[2m | tests/buddy/browse-portfolios.property.test.ts[2m > [22m[2mProperty 12: Portfolio Bookmark Uniqueness (Idempotence)[2m > [22m[2mshould create exactly one bookmark on first attempt and reject duplicates
[22m[39mprisma:query SELECT "public"."buddy_profiles"."id" FROM "public"."buddy_profiles" WHERE ("public"."buddy_profiles"."user_id" = $1 AND 1=1) LIMIT $2 OFFSET $3

[90mstdout[2m | tests/buddy/browse-portfolios.property.test.ts[2m > [22m[2mProperty 12: Portfolio Bookmark Uniqueness (Idempotence)[2m > [22m[2mshould create exactly one bookmark on first attempt and reject duplicates
[22m[39mprisma:query SELECT "public"."portfolio_bookmarks"."id", "public"."portfolio_bookmarks"."buddy_id", "public"."portfolio_bookmarks"."project_id", "public"."portfolio_bookmarks"."created_at" FROM "public"."portfolio_bookmarks" WHERE (("public"."portfolio_bookmarks"."buddy_id" = $1 AND "public"."portfolio_bookmarks"."project_id" = $2) AND 1=1) LIMIT $3 OFFSET $4

[90mstdout[2m | tests/buddy/browse-portfolios.property.test.ts[2m > [22m[2mProperty 12: Portfolio Bookmark Uniqueness (Idempotence)[2m > [22m[2mshould create exactly one bookmark on first attempt and reject duplicates
[22m[39mprisma:query INSERT INTO "public"."portfolio_bookmarks" ("id","buddy_id","project_id","created_at") VALUES ($1,$2,$3,$4) RETURNING "public"."portfolio_bookmarks"."id", "public"."portfolio_bookmarks"."buddy_id", "public"."portfolio_bookmarks"."project_id", "public"."portfolio_bookmarks"."created_at"
prisma:error 
Invalid `prisma.portfolioBookmark.create()` invocation in
C:\Users\Admin\Documents\SchoolStuff\Ky8\EXE201\ProjectEXE\PortfolioTutTat\app\api\buddy\portfolios\bookmark\route.ts:77:53

  74 }
  75 
  76 // Create bookmark
ΓåÆ 77 const bookmark = await prisma.portfolioBookmark.create(
Foreign key constraint violated on the constraint: `portfolio_bookmarks_buddy_id_fkey`

[90mstderr[2m | tests/buddy/browse-portfolios.property.test.ts[2m > [22m[2mProperty 12: Portfolio Bookmark Uniqueness (Idempotence)[2m > [22m[2mshould 
create exactly one bookmark on first attempt and reject duplicates
[22m[39m[POST /api/buddy/portfolios/bookmark] PrismaClientKnownRequestError: 
Invalid `prisma.portfolioBookmark.create()` invocation in
C:\Users\Admin\Documents\SchoolStuff\Ky8\EXE201\ProjectEXE\PortfolioTutTat\app\api\buddy\portfolios\bookmark\route.ts:77:53

  74 }
  75 
  76 // Create bookmark
ΓåÆ 77 const bookmark = await prisma.portfolioBookmark.create(
Foreign key constraint violated on the constraint: `portfolio_bookmarks_buddy_id_fkey`
    at Zn.handleRequestError 
[90m(C:\Users\Admin\Documents\SchoolStuff\Ky8\EXE201\ProjectEXE\PortfolioTutTat\[39mnode_modules\[4m@prisma\client[24m\runtime\library.js:121:7459[90m)[39m
    at Zn.handleAndLogRequestError 
[90m(C:\Users\Admin\Documents\SchoolStuff\Ky8\EXE201\ProjectEXE\PortfolioTutTat\[39mnode_modules\[4m@prisma\client[24m\runtime\library.js:121:6784[90m)[39m
    at Zn.request 
[90m(C:\Users\Admin\Documents\SchoolStuff\Ky8\EXE201\ProjectEXE\PortfolioTutTat\[39mnode_modules\[4m@prisma\client[24m\runtime\library.js:121:6491[90m)[39m
    at l 
[90m(C:\Users\Admin\Documents\SchoolStuff\Ky8\EXE201\ProjectEXE\PortfolioTutTat\[39mnode_modules\[4m@prisma\client[24m\runtime\library.js:130:9778[90m)[39m
    at Module.POST 
[90m(C:\Users\Admin\Documents\SchoolStuff\Ky8\EXE201\ProjectEXE\PortfolioTutTat\[39mapp\api\buddy\portfolios\bookmark\route.ts:77:22[90m)[39m
    at [90mC:\Users\Admin\Documents\SchoolStuff\Ky8\EXE201\ProjectEXE\PortfolioTutTat\[39mtests\buddy\browse-portfolios.property.test.ts:268:30
    at AsyncProperty.run [90m(file:///C:/Users/Admin/Documents/SchoolStuff/Ky8/EXE201/ProjectEXE/PortfolioTutTat/[39mnode_modules/[4mfast-check[24m/lib/esm/che
ck/property/AsyncProperty.generic.js:46:28[90m)[39m
    at asyncRunIt [90m(file:///C:/Users/Admin/Documents/SchoolStuff/Ky8/EXE201/ProjectEXE/PortfolioTutTat/[39mnode_modules/[4mfast-check[24m/lib/esm/check/runn
er/Runner.js:33:21[90m)[39m
    at __vite_ssr_import_0__.it.timeout 
[90m(C:\Users\Admin\Documents\SchoolStuff\Ky8\EXE201\ProjectEXE\PortfolioTutTat\[39mtests\buddy\browse-portfolios.property.test.ts:213:7[90m)[39m
    at [90mfile:///C:/Users/Admin/Documents/SchoolStuff/Ky8/EXE201/ProjectEXE/PortfolioTutTat/[39mnode_modules/[4m@vitest/runner[24m/dist/index.js:533:5 {
  code: [32m'P2003'[39m,
  meta: {
    modelName: [32m'PortfolioBookmark'[39m,
    constraint: [32m'portfolio_bookmarks_buddy_id_fkey'[39m
  },
  clientVersion: [32m'6.9.0'[39m
}

[90mstdout[2m | tests/buddy/browse-portfolios.property.test.ts[2m > [22m[2mProperty 13: Portfolio Filter AND Logic[2m > [22m[2mshould only return projects that satisfy ALL active filter criteria (AND logic)
[22m[39mprisma:query SELECT 1

[90mstdout[2m | tests/buddy/browse-portfolios.property.test.ts[2m > [22m[2mProperty 13: Portfolio Filter AND Logic[2m > [22m[2mshould only return projects that satisfy ALL active filter criteria (AND logic)
[22m[39mprisma:query SELECT "public"."buddy_profiles"."id", "public"."buddy_profiles"."skills", "public"."buddy_profiles"."design_tools" FROM "public"."buddy_profiles" WHERE ("public"."buddy_profiles"."user_id" = $1 AND 1=1) LIMIT $2 OFFSET $3

[90mstdout[2m | tests/buddy/browse-portfolios.property.test.ts[2m > [22m[2mProperty 13: Portfolio Filter AND Logic[2m > [22m[2mshould only return projects that satisfy ALL active filter criteria (AND logic)
[22m[39mprisma:query SELECT COUNT(*) AS "_count._all" FROM (SELECT "public"."projects"."id" FROM "public"."projects" LEFT JOIN "public"."profiles" AS "j0" ON ("j0"."id") = ("public"."projects"."mentee_id") WHERE ("public"."projects"."status" = CAST($1::text AS "public"."ProjectStatus") AND "public"."projects"."tags" @> $2 AND ("j0"."major" = CAST($3::text AS "public"."Major") AND ("j0"."id" IS NOT NULL))) OFFSET $4) AS "sub"

[90mstdout[2m | tests/buddy/browse-portfolios.property.test.ts[2m > [22m[2mProperty 13: Portfolio Filter AND Logic[2m > [22m[2mshould only return projects that satisfy ALL active filter criteria (AND logic)
[22m[39mprisma:query SELECT "public"."projects"."id", "public"."projects"."mentee_id", "public"."projects"."title", "public"."projects"."description", "public"."projects"."tags", "public"."projects"."status"::text, "public"."projects"."view_count", "public"."projects"."like_count", "public"."projects"."is_approved", "public"."projects"."created_at", "public"."projects"."updated_at" FROM "public"."projects" LEFT JOIN "public"."profiles" AS "j0" ON ("j0"."id") = ("public"."projects"."mentee_id") WHERE ("public"."projects"."status" = CAST($1::text AS "public"."ProjectStatus") AND "public"."projects"."tags" @> $2 AND ("j0"."major" = CAST($3::text AS "public"."Major") AND ("j0"."id" IS NOT NULL))) OFFSET $4

 [31mΓ¥»[39m tests/buddy/browse-portfolios.property.test.ts [2m([22m[2m3 tests[22m[2m | [22m[31m3 failed[39m[2m)[22m[33m 39481[2mms[22m[39m
[31m   [31m├ù[31m Property 11: Browse Portfolios Skill-Match Sort Order[2m > [22mshould return projects sorted by skill-match score descending, then by date descending[33m 21740[2mms[22m[31m[39m
[31m     ΓåÆ Property failed after 2 tests
{ seed: -1483986298, path: "1", endOnFailure: true }
Counterexample: [["illustrator","typography","video-editing"],["animation","html","css"],[{"title":"Project-18304","tags":["branding","ux-research"]},{"title":"Project-83006","tags":["3d-modeling"]},{"title":"Project-650","tags":["react","photoshop","illustrator","css","accessibility"]},{"title":"Project-2255","tags":["react","figma","prototyping","html","javascript"]},{"title":"Project-23694","tags":["typography"]},{"title":"Project-23356","tags":["ux-research","javascript","motion","user-testing","accessibility"]},{"title":"Project-43249","tags":["color-theory"]}]]
Shrunk 0 time(s)
Got AssertionError: expected 500 to be 200 // Object.is equality
    at C:\Users\Admin\Documents\SchoolStuff\Ky8\EXE201\ProjectEXE\PortfolioTutTat\tests\buddy\browse-portfolios.property.test.ts:169:32
    at AsyncProperty.run (file:///C:/Users/Admin/Documents/SchoolStuff/Ky8/EXE201/ProjectEXE/PortfolioTutTat/node_modules/fast-check/lib/esm/check/property/AsyncProperty.generic.js:46:28)
    at asyncRunIt (file:///C:/Users/Admin/Documents/SchoolStuff/Ky8/EXE201/ProjectEXE/PortfolioTutTat/node_modules/fast-check/lib/esm/check/runner/Runner.js:33:21)
    at it.timeout (C:\Users\Admin\Documents\SchoolStuff\Ky8\EXE201\ProjectEXE\PortfolioTutTat\tests\buddy\browse-portfolios.property.test.ts:105:7)
    at file:///C:/Users/Admin/Documents/SchoolStuff/Ky8/EXE201/ProjectEXE/PortfolioTutTat/node_modules/@vitest/runner/dist/index.js:533:5
    at runTest (file:///C:/Users/Admin/Documents/SchoolStuff/Ky8/EXE201/ProjectEXE/PortfolioTutTat/node_modules/@vitest/runner/dist/index.js:1056:11)
    at runSuite (file:///C:/Users/Admin/Documents/SchoolStuff/Ky8/EXE201/ProjectEXE/PortfolioTutTat/node_modules/@vitest/runner/dist/index.js:1205:15)
    at runSuite (file:///C:/Users/Admin/Documents/SchoolStuff/Ky8/EXE201/ProjectEXE/PortfolioTutTat/node_modules/@vitest/runner/dist/index.js:1205:15)
    at runFiles (file:///C:/Users/Admin/Documents/SchoolStuff/Ky8/EXE201/ProjectEXE/PortfolioTutTat/node_modules/@vitest/runner/dist/index.js:1262:5)
    at startTests (file:///C:/Users/Admin/Documents/SchoolStuff/Ky8/EXE201/ProjectEXE/PortfolioTutTat/node_modules/@vitest/runner/dist/index.js:1271:3)

Hint: Enable verbose mode in order to have the list of all failing values encountered during the run[39m
[31m   [31m├ù[31m Property 12: Portfolio Bookmark Uniqueness (Idempotence)[2m > [22mshould create exactly one bookmark on first attempt and reject duplicates[33m 7755[2mms[22m[31m[39m
[31m     ΓåÆ Property failed after 1 tests
{ seed: 1062690891, path: "0", endOnFailure: true }
Counterexample: [3]
Shrunk 0 time(s)
Got AssertionError: expected 500 to be 201 // Object.is equality
    at C:\Users\Admin\Documents\SchoolStuff\Ky8\EXE201\ProjectEXE\PortfolioTutTat\tests\buddy\browse-portfolios.property.test.ts:271:37
    at AsyncProperty.run (file:///C:/Users/Admin/Documents/SchoolStuff/Ky8/EXE201/ProjectEXE/PortfolioTutTat/node_modules/fast-check/lib/esm/check/property/AsyncProperty.generic.js:46:28)
    at asyncRunIt (file:///C:/Users/Admin/Documents/SchoolStuff/Ky8/EXE201/ProjectEXE/PortfolioTutTat/node_modules/fast-check/lib/esm/check/runner/Runner.js:33:21)
    at it.timeout (C:\Users\Admin\Documents\SchoolStuff\Ky8\EXE201\ProjectEXE\PortfolioTutTat\tests\buddy\browse-portfolios.property.test.ts:213:7)
    at file:///C:/Users/Admin/Documents/SchoolStuff/Ky8/EXE201/ProjectEXE/PortfolioTutTat/node_modules/@vitest/runner/dist/index.js:533:5
    at runTest (file:///C:/Users/Admin/Documents/SchoolStuff/Ky8/EXE201/ProjectEXE/PortfolioTutTat/node_modules/@vitest/runner/dist/index.js:1056:11)
    at runSuite (file:///C:/Users/Admin/Documents/SchoolStuff/Ky8/EXE201/ProjectEXE/PortfolioTutTat/node_modules/@vitest/runner/dist/index.js:1205:15)
    at runSuite (file:///C:/Users/Admin/Documents/SchoolStuff/Ky8/EXE201/ProjectEXE/PortfolioTutTat/node_modules/@vitest/runner/dist/index.js:1205:15)
    at runFiles (file:///C:/Users/Admin/Documents/SchoolStuff/Ky8/EXE201/ProjectEXE/PortfolioTutTat/node_modules/@vitest/runner/dist/index.js:1262:5)
    at startTests (file:///C:/Users/Admin/Documents/SchoolStuff/Ky8/EXE201/ProjectEXE/PortfolioTutTat/node_modules/@vitest/runner/dist/index.js:1271:3)

Hint: Enable verbose mode in order to have the list of all failing values encountered during the run[39m
[31m   [31m├ù[31m Property 13: Portfolio Filter AND Logic[2m > [22mshould only return projects that satisfy ALL active filter criteria (AND logic)[33m 9969[2mms[22m[31m[39m
[31m     ΓåÆ Property failed after 1 tests
{ seed: 729964650, path: "0", endOnFailure: true }
Counterexample: [{"filterTags":["accessibility"],"filterMajor":"Motion_Design"},[{"tags":["react","sketch","javascript"],"major":"Multimedia"},{"tags":["figma","typography","branding","motion","user-testing","accessibility"],"major":"Motion_Design"},{"tags":["sketch","html","css","wireframing"],"major":"Multimedia"},{"tags":["illustrator","typography","ux-research","wireframing","user-testing"],"major":"Motion_Design"}]]
Shrunk 0 time(s)
Got AssertionError: expected +0 to be 1 // Object.is equality
    at C:\Users\Admin\Documents\SchoolStuff\Ky8\EXE201\ProjectEXE\PortfolioTutTat\tests\buddy\browse-portfolios.property.test.ts:422:39
    at AsyncProperty.run (file:///C:/Users/Admin/Documents/SchoolStuff/Ky8/EXE201/ProjectEXE/PortfolioTutTat/node_modules/fast-check/lib/esm/check/property/AsyncProperty.generic.js:46:28)
    at asyncRunIt (file:///C:/Users/Admin/Documents/SchoolStuff/Ky8/EXE201/ProjectEXE/PortfolioTutTat/node_modules/fast-check/lib/esm/check/runner/Runner.js:33:21)
    at it.timeout (C:\Users\Admin\Documents\SchoolStuff\Ky8\EXE201\ProjectEXE\PortfolioTutTat\tests\buddy\browse-portfolios.property.test.ts:316:7)
    at file:///C:/Users/Admin/Documents/SchoolStuff/Ky8/EXE201/ProjectEXE/PortfolioTutTat/node_modules/@vitest/runner/dist/index.js:533:5
    at runTest (file:///C:/Users/Admin/Documents/SchoolStuff/Ky8/EXE201/ProjectEXE/PortfolioTutTat/node_modules/@vitest/runner/dist/index.js:1056:11)
    at runSuite (file:///C:/Users/Admin/Documents/SchoolStuff/Ky8/EXE201/ProjectEXE/PortfolioTutTat/node_modules/@vitest/runner/dist/index.js:1205:15)
    at runSuite (file:///C:/Users/Admin/Documents/SchoolStuff/Ky8/EXE201/ProjectEXE/PortfolioTutTat/node_modules/@vitest/runner/dist/index.js:1205:15)
    at runFiles (file:///C:/Users/Admin/Documents/SchoolStuff/Ky8/EXE201/ProjectEXE/PortfolioTutTat/node_modules/@vitest/runner/dist/index.js:1262:5)
    at startTests (file:///C:/Users/Admin/Documents/SchoolStuff/Ky8/EXE201/ProjectEXE/PortfolioTutTat/node_modules/@vitest/runner/dist/index.js:1271:3)

Hint: Enable verbose mode in order to have the list of all failing values encountered during the run[39m
[90mstdout[2m | tests/buddy/dashboard-stats.property.test.ts[2m > [22m[2mProperty 9: Buddy Dashboard Stats Correctness[2m > [22m[2mshould return correct stats for completedReviews, pendingReviews, activeMessages, and helpfulRating
[22m[39mprisma:query SELECT "public"."profiles"."id", "public"."profiles"."user_id", "public"."profiles"."full_name", "public"."profiles"."role_title", "public"."profiles"."bio", "public"."profiles"."avatar_url", "public"."profiles"."major"::text, "public"."profiles"."skills", "public"."profiles"."design_tools", "public"."profiles"."interests", "public"."profiles"."social_links", "public"."profiles"."completion_pct", "public"."profiles"."created_at", "public"."profiles"."updated_at" FROM "public"."profiles" WHERE ("public"."profiles"."user_id" = $1 AND 1=1) LIMIT $2 OFFSET $3

[90mstdout[2m | tests/buddy/dashboard-stats.property.test.ts[2m > [22m[2mProperty 9: Buddy Dashboard Stats Correctness[2m > [22m[2mshould return correct stats for completedReviews, pendingReviews, activeMessages, and helpfulRating
[22m[39mprisma:query SELECT COUNT(*) AS "_count._all" FROM (SELECT "public"."feedback_requests"."id" FROM "public"."feedback_requests" WHERE ("public"."feedback_requests"."buddy_id" = $1 AND "public"."feedback_requests"."status" = CAST($2::text AS "public"."FeedbackRequestStatus")) OFFSET $3) AS "sub"

[90mstdout[2m | tests/buddy/dashboard-stats.property.test.ts[2m > [22m[2mProperty 9: Buddy Dashboard Stats Correctness[2m > [22m[2mshould return correct stats for completedReviews, pendingReviews, activeMessages, and helpfulRating
[22m[39mprisma:query SELECT COUNT(*) AS "_count._all" FROM (SELECT "public"."feedback_requests"."id" FROM "public"."feedback_requests" WHERE ("public"."feedback_requests"."buddy_id" = $1 AND "public"."feedback_requests"."status" = CAST($2::text AS "public"."FeedbackRequestStatus")) OFFSET $3) AS "sub"

[90mstdout[2m | tests/buddy/dashboard-stats.property.test.ts[2m > [22m[2mProperty 9: Buddy Dashboard Stats Correctness[2m > [22m[2mshould return correct stats for completedReviews, pendingReviews, activeMessages, and helpfulRating
[22m[39mprisma:query SELECT "public"."messages"."id", "public"."messages"."sender_id", "public"."messages"."receiver_id" FROM "public"."messages" WHERE ("public"."messages"."created_at" >= $1 AND ("public"."messages"."sender_id" = $2 OR "public"."messages"."receiver_id" = $3)) OFFSET $4

[90mstdout[2m | tests/buddy/dashboard-stats.property.test.ts[2m > [22m[2mProperty 9: Buddy Dashboard Stats Correctness[2m > [22m[2mshould return correct stats for completedReviews, pendingReviews, activeMessages, and helpfulRating
[22m[39mprisma:query SELECT "public"."feedbacks"."id", "public"."feedbacks"."helpful_count" FROM "public"."feedbacks" WHERE "public"."feedbacks"."buddy_id" = $1 OFFSET $2

[90mstdout[2m | tests/buddy/dashboard-stats.property.test.ts[2m > [22m[2mProperty 9: Buddy Dashboard Stats Correctness[2m > [22m[2mshould return correct stats for completedReviews, pendingReviews, activeMessages, and helpfulRating
[22m[39mprisma:query SELECT "public"."feedback_requests"."id", "public"."feedback_requests"."project_id", "public"."feedback_requests"."mentee_id", "public"."feedback_requests"."buddy_id", "public"."feedback_requests"."note", "public"."feedback_requests"."status"::text, "public"."feedback_requests"."created_at", "public"."feedback_requests"."updated_at" FROM "public"."feedback_requests" WHERE "public"."feedback_requests"."buddy_id" = $1 ORDER BY "public"."feedback_requests"."updated_at" DESC LIMIT $2 OFFSET $3

[90mstdout[2m | tests/buddy/dashboard-stats.property.test.ts[2m > [22m[2mProperty 10: Dashboard Recent Items Limit and Sort[2m > [22m[2mshould return at most 5 recent items sorted by assigned date descending
[22m[39mprisma:query SELECT "public"."profiles"."id", "public"."profiles"."user_id", "public"."profiles"."full_name", "public"."profiles"."role_title", "public"."profiles"."bio", "public"."profiles"."avatar_url", "public"."profiles"."major"::text, "public"."profiles"."skills", "public"."profiles"."design_tools", "public"."profiles"."interests", "public"."profiles"."social_links", "public"."profiles"."completion_pct", "public"."profiles"."created_at", "public"."profiles"."updated_at" FROM "public"."profiles" WHERE ("public"."profiles"."user_id" = $1 AND 1=1) LIMIT $2 OFFSET $3

[90mstdout[2m | tests/buddy/dashboard-stats.property.test.ts[2m > [22m[2mProperty 10: Dashboard Recent Items Limit and Sort[2m > [22m[2mshould return at most 5 recent items sorted by assigned date descending
[22m[39mprisma:query SELECT COUNT(*) AS "_count._all" FROM (SELECT "public"."feedback_requests"."id" FROM "public"."feedback_requests" WHERE ("public"."feedback_requests"."buddy_id" = $1 AND "public"."feedback_requests"."status" = CAST($2::text AS "public"."FeedbackRequestStatus")) OFFSET $3) AS "sub"

[90mstdout[2m | tests/buddy/dashboard-stats.property.test.ts[2m > [22m[2mProperty 10: Dashboard Recent Items Limit and Sort[2m > [22m[2mshould return at most 5 recent items sorted by assigned date descending
[22m[39mprisma:query SELECT COUNT(*) AS "_count._all" FROM (SELECT "public"."feedback_requests"."id" FROM "public"."feedback_requests" WHERE ("public"."feedback_requests"."buddy_id" = $1 AND "public"."feedback_requests"."status" = CAST($2::text AS "public"."FeedbackRequestStatus")) OFFSET $3) AS "sub"

[90mstdout[2m | tests/buddy/dashboard-stats.property.test.ts[2m > [22m[2mProperty 10: Dashboard Recent Items Limit and Sort[2m > [22m[2mshould return at most 5 recent items sorted by assigned date descending
[22m[39mprisma:query SELECT "public"."messages"."id", "public"."messages"."sender_id", "public"."messages"."receiver_id" FROM "public"."messages" WHERE ("public"."messages"."created_at" >= $1 AND ("public"."messages"."sender_id" = $2 OR "public"."messages"."receiver_id" = $3)) OFFSET $4

[90mstdout[2m | tests/buddy/dashboard-stats.property.test.ts[2m > [22m[2mProperty 10: Dashboard Recent Items Limit and Sort[2m > [22m[2mshould return at most 5 recent items sorted by assigned date descending
[22m[39mprisma:query SELECT "public"."feedbacks"."id", "public"."feedbacks"."helpful_count" FROM "public"."feedbacks" WHERE "public"."feedbacks"."buddy_id" = $1 OFFSET $2

[90mstdout[2m | tests/buddy/dashboard-stats.property.test.ts[2m > [22m[2mProperty 10: Dashboard Recent Items Limit and Sort[2m > [22m[2mshould return at most 5 recent items sorted by assigned date descending
[22m[39mprisma:query SELECT "public"."feedback_requests"."id", "public"."feedback_requests"."project_id", "public"."feedback_requests"."mentee_id", "public"."feedback_requests"."buddy_id", "public"."feedback_requests"."note", "public"."feedback_requests"."status"::text, "public"."feedback_requests"."created_at", "public"."feedback_requests"."updated_at" FROM "public"."feedback_requests" WHERE "public"."feedback_requests"."buddy_id" = $1 ORDER BY "public"."feedback_requests"."updated_at" DESC LIMIT $2 OFFSET $3

 [31mΓ¥»[39m tests/buddy/dashboard-stats.property.test.ts [2m([22m[2m2 tests[22m[2m | [22m[31m2 failed[39m[2m)[22m[33m 32430[2mms[22m[39m
[31m   [31m├ù[31m Property 9: Buddy Dashboard Stats Correctness[2m > [22mshould return correct stats for completedReviews, pendingReviews, activeMessages, and helpfulRating[33m 22704[2mms[22m[31m[39m
[31m     ΓåÆ Property failed after 1 tests
{ seed: -921761152, path: "0", endOnFailure: true }
Counterexample: [[{"status":"completed"},{"status":"pending"},{"status":"in_review"},{"status":"in_review"},{"status":"completed"},{"status":"in_review"},{"status":"in_review"}],[{"helpfulCount":44,"rating":2}],3,2]
Shrunk 0 time(s)
Got AssertionError: expected +0 to be 3 // Object.is equality
    at C:\Users\Admin\Documents\SchoolStuff\Ky8\EXE201\ProjectEXE\PortfolioTutTat\tests\buddy\dashboard-stats.property.test.ts:258:43
    at AsyncProperty.run (file:///C:/Users/Admin/Documents/SchoolStuff/Ky8/EXE201/ProjectEXE/PortfolioTutTat/node_modules/fast-check/lib/esm/check/property/AsyncProperty.generic.js:46:28)
    at asyncRunIt (file:///C:/Users/Admin/Documents/SchoolStuff/Ky8/EXE201/ProjectEXE/PortfolioTutTat/node_modules/fast-check/lib/esm/check/runner/Runner.js:33:21)
    at it.timeout (C:\Users\Admin\Documents\SchoolStuff\Ky8\EXE201\ProjectEXE\PortfolioTutTat\tests\buddy\dashboard-stats.property.test.ts:81:7)
    at file:///C:/Users/Admin/Documents/SchoolStuff/Ky8/EXE201/ProjectEXE/PortfolioTutTat/node_modules/@vitest/runner/dist/index.js:533:5
    at runTest (file:///C:/Users/Admin/Documents/SchoolStuff/Ky8/EXE201/ProjectEXE/PortfolioTutTat/node_modules/@vitest/runner/dist/index.js:1056:11)
    at runSuite (file:///C:/Users/Admin/Documents/SchoolStuff/Ky8/EXE201/ProjectEXE/PortfolioTutTat/node_modules/@vitest/runner/dist/index.js:1205:15)
    at runSuite (file:///C:/Users/Admin/Documents/SchoolStuff/Ky8/EXE201/ProjectEXE/PortfolioTutTat/node_modules/@vitest/runner/dist/index.js:1205:15)
    at runFiles (file:///C:/Users/Admin/Documents/SchoolStuff/Ky8/EXE201/ProjectEXE/PortfolioTutTat/node_modules/@vitest/runner/dist/index.js:1262:5)
    at startTests (file:///C:/Users/Admin/Documents/SchoolStuff/Ky8/EXE201/ProjectEXE/PortfolioTutTat/node_modules/@vitest/runner/dist/index.js:1271:3)

Hint: Enable verbose mode in order to have the list of all failing values encountered during the run[39m
[31m   [31m├ù[31m Property 10: Dashboard Recent Items Limit and Sort[2m > [22mshould return at most 5 recent items sorted by assigned date descending[33m 9708[2mms[22m[31m[39m
[31m     ΓåÆ Property failed after 1 tests
{ seed: -1053251610, path: "0", endOnFailure: true }
Counterexample: [5]
Shrunk 0 time(s)
Got AssertionError: expected +0 to be 5 // Object.is equality
    at C:\Users\Admin\Documents\SchoolStuff\Ky8\EXE201\ProjectEXE\PortfolioTutTat\tests\buddy\dashboard-stats.property.test.ts:378:40
    at AsyncProperty.run (file:///C:/Users/Admin/Documents/SchoolStuff/Ky8/EXE201/ProjectEXE/PortfolioTutTat/node_modules/fast-check/lib/esm/check/property/AsyncProperty.generic.js:46:28)
    at asyncRunIt (file:///C:/Users/Admin/Documents/SchoolStuff/Ky8/EXE201/ProjectEXE/PortfolioTutTat/node_modules/fast-check/lib/esm/check/runner/Runner.js:33:21)
    at it.timeout (C:\Users\Admin\Documents\SchoolStuff\Ky8\EXE201\ProjectEXE\PortfolioTutTat\tests\buddy\dashboard-stats.property.test.ts:287:7)
    at file:///C:/Users/Admin/Documents/SchoolStuff/Ky8/EXE201/ProjectEXE/PortfolioTutTat/node_modules/@vitest/runner/dist/index.js:533:5
    at runTest (file:///C:/Users/Admin/Documents/SchoolStuff/Ky8/EXE201/ProjectEXE/PortfolioTutTat/node_modules/@vitest/runner/dist/index.js:1056:11)
    at runSuite (file:///C:/Users/Admin/Documents/SchoolStuff/Ky8/EXE201/ProjectEXE/PortfolioTutTat/node_modules/@vitest/runner/dist/index.js:1205:15)
    at runSuite (file:///C:/Users/Admin/Documents/SchoolStuff/Ky8/EXE201/ProjectEXE/PortfolioTutTat/node_modules/@vitest/runner/dist/index.js:1205:15)
    at runFiles (file:///C:/Users/Admin/Documents/SchoolStuff/Ky8/EXE201/ProjectEXE/PortfolioTutTat/node_modules/@vitest/runner/dist/index.js:1262:5)
    at startTests (file:///C:/Users/Admin/Documents/SchoolStuff/Ky8/EXE201/ProjectEXE/PortfolioTutTat/node_modules/@vitest/runner/dist/index.js:1271:3)

Hint: Enable verbose mode in order to have the list of all failing values encountered during the run[39m
[90mstdout[2m | tests/company/company-dashboard-stats.property.test.ts[2m > [22m[2mProperty 18a: Company Dashboard Stats Correctness[2m > [22m[2mshould return correct activeJobs, totalApplications, and newApplicantsThisWeek
[22m[39mprisma:query SELECT COUNT(*) AS "_count._all" FROM (SELECT "public"."jobs"."id" FROM "public"."jobs" WHERE ("public"."jobs"."company_id" = $1 AND "public"."jobs"."is_active" = $2) OFFSET $3) AS "sub"

[90mstdout[2m | tests/company/company-dashboard-stats.property.test.ts[2m > [22m[2mProperty 18a: Company Dashboard Stats Correctness[2m > [22m[2mshould return correct activeJobs, totalApplications, and newApplicantsThisWeek
[22m[39mprisma:query SELECT COUNT(*) AS "_count._all" FROM (SELECT "public"."applications"."id" FROM "public"."applications" LEFT JOIN "public"."jobs" AS "j0" ON ("j0"."id") = ("public"."applications"."job_id") WHERE ("j0"."company_id" = $1 AND ("j0"."id" IS NOT NULL)) OFFSET $2) AS "sub"

[90mstdout[2m | tests/company/company-dashboard-stats.property.test.ts[2m > [22m[2mProperty 18a: Company Dashboard Stats Correctness[2m > [22m[2mshould return correct activeJobs, totalApplications, and newApplicantsThisWeek
[22m[39mprisma:query SELECT COUNT(*) AS "_count._all" FROM (SELECT "public"."applications"."id" FROM "public"."applications" LEFT JOIN "public"."jobs" AS "j0" ON ("j0"."id") = ("public"."applications"."job_id") WHERE (("j0"."company_id" = $1 AND ("j0"."id" IS NOT NULL)) AND "public"."applications"."created_at" >= $2) OFFSET $3) AS "sub"

[90mstdout[2m | tests/company/company-dashboard-stats.property.test.ts[2m > [22m[2mProperty 18a: Company Dashboard Stats Correctness[2m > [22m[2mshould return correct activeJobs, totalApplications, and newApplicantsThisWeek
[22m[39mprisma:query SELECT "public"."jobs"."id", "public"."jobs"."company_id", "public"."jobs"."title", "public"."jobs"."description", "public"."jobs"."responsibilities", "public"."jobs"."requirements", "public"."jobs"."required_skills", "public"."jobs"."job_type"::text, "public"."jobs"."location", "public"."jobs"."is_remote", "public"."jobs"."salary_min", "public"."jobs"."salary_max", "public"."jobs"."salary_currency", "public"."jobs"."experience_level", "public"."jobs"."is_active", "public"."jobs"."open_slots", "public"."jobs"."employment_type"::text, "public"."jobs"."seniority_level"::text, "public"."jobs"."min_experience_years", "public"."jobs"."requires_management", "public"."jobs"."min_managed_employees", "public"."jobs"."salary_period", "public"."jobs"."category", "public"."jobs"."created_at", "public"."jobs"."updated_at", COALESCE("aggr_selection_0_Application"."_aggr_count_applications", 0) AS "_aggr_count_applications" FROM "public"."jobs" LEFT JOIN (SELECT "public"."applications"."job_id", COUNT(*) AS "_aggr_count_applications" FROM "public"."applications" WHERE 1=1 GROUP BY "public"."applications"."job_id") AS "aggr_selection_0_Application" ON ("public"."jobs"."id" = "aggr_selection_0_Application"."job_id") WHERE "public"."jobs"."company_id" = $1 ORDER BY "public"."jobs"."created_at" DESC LIMIT $2 OFFSET $3

[90mstdout[2m | tests/company/company-dashboard-stats.property.test.ts[2m > [22m[2mProperty 18b: Recent Jobs Limit and Sort[2m > [22m[2mshould return at most 5 recent jobs sorted by createdAt desc with correct applicationCount
[22m[39mprisma:query SELECT COUNT(*) AS "_count._all" FROM (SELECT "public"."jobs"."id" FROM "public"."jobs" WHERE ("public"."jobs"."company_id" = $1 AND "public"."jobs"."is_active" = $2) OFFSET $3) AS "sub"

[90mstdout[2m | tests/company/company-dashboard-stats.property.test.ts[2m > [22m[2mProperty 18b: Recent Jobs Limit and Sort[2m > [22m[2mshould return at most 5 recent jobs sorted by createdAt desc with correct applicationCount
[22m[39mprisma:query SELECT COUNT(*) AS "_count._all" FROM (SELECT "public"."applications"."id" FROM "public"."applications" LEFT JOIN "public"."jobs" AS "j0" ON ("j0"."id") = ("public"."applications"."job_id") WHERE ("j0"."company_id" = $1 AND ("j0"."id" IS NOT NULL)) OFFSET $2) AS "sub"

[90mstdout[2m | tests/company/company-dashboard-stats.property.test.ts[2m > [22m[2mProperty 18b: Recent Jobs Limit and Sort[2m > [22m[2mshould return at most 5 recent jobs sorted by createdAt desc with correct applicationCount
[22m[39mprisma:query SELECT COUNT(*) AS "_count._all" FROM (SELECT "public"."applications"."id" FROM "public"."applications" LEFT JOIN "public"."jobs" AS "j0" ON ("j0"."id") = ("public"."applications"."job_id") WHERE (("j0"."company_id" = $1 AND ("j0"."id" IS NOT NULL)) AND "public"."applications"."created_at" >= $2) OFFSET $3) AS "sub"

[90mstdout[2m | tests/company/company-dashboard-stats.property.test.ts[2m > [22m[2mProperty 18b: Recent Jobs Limit and Sort[2m > [22m[2mshould return at most 5 recent jobs sorted by createdAt desc with correct applicationCount
[22m[39mprisma:query SELECT "public"."jobs"."id", "public"."jobs"."company_id", "public"."jobs"."title", "public"."jobs"."description", "public"."jobs"."responsibilities", "public"."jobs"."requirements", "public"."jobs"."required_skills", "public"."jobs"."job_type"::text, "public"."jobs"."location", "public"."jobs"."is_remote", "public"."jobs"."salary_min", "public"."jobs"."salary_max", "public"."jobs"."salary_currency", "public"."jobs"."experience_level", "public"."jobs"."is_active", "public"."jobs"."open_slots", "public"."jobs"."employment_type"::text, "public"."jobs"."seniority_level"::text, "public"."jobs"."min_experience_years", "public"."jobs"."requires_management", "public"."jobs"."min_managed_employees", "public"."jobs"."salary_period", "public"."jobs"."category", "public"."jobs"."created_at", "public"."jobs"."updated_at", COALESCE("aggr_selection_0_Application"."_aggr_count_applications", 0) AS "_aggr_count_applications" FROM "public"."jobs" LEFT JOIN (SELECT "public"."applications"."job_id", COUNT(*) AS "_aggr_count_applications" FROM "public"."applications" WHERE 1=1 GROUP BY "public"."applications"."job_id") AS "aggr_selection_0_Application" ON ("public"."jobs"."id" = "aggr_selection_0_Application"."job_id") WHERE "public"."jobs"."company_id" = $1 ORDER BY "public"."jobs"."created_at" DESC LIMIT $2 OFFSET $3

[90mstdout[2m | tests/company/company-dashboard-stats.property.test.ts[2m > [22m[2mProperty 18b: Recent Jobs Limit and Sort[2m > [22m[2mshould return at most 5 recent jobs sorted by createdAt desc with correct applicationCount
[22m[39mprisma:query SELECT COUNT(*) AS "_count._all" FROM (SELECT "public"."jobs"."id" FROM "public"."jobs" WHERE ("public"."jobs"."company_id" = $1 AND "public"."jobs"."is_active" = $2) OFFSET $3) AS "sub"

[90mstdout[2m | tests/company/company-dashboard-stats.property.test.ts[2m > [22m[2mProperty 18b: Recent Jobs Limit and Sort[2m > [22m[2mshould return at most 5 recent jobs sorted by createdAt desc with correct applicationCount
[22m[39mprisma:query SELECT COUNT(*) AS "_count._all" FROM (SELECT "public"."applications"."id" FROM "public"."applications" LEFT JOIN "public"."jobs" AS "j0" ON ("j0"."id") = ("public"."applications"."job_id") WHERE ("j0"."company_id" = $1 AND ("j0"."id" IS NOT NULL)) OFFSET $2) AS "sub"

[90mstdout[2m | tests/company/company-dashboard-stats.property.test.ts[2m > [22m[2mProperty 18b: Recent Jobs Limit and Sort[2m > [22m[2mshould return at most 5 recent jobs sorted by createdAt desc with correct applicationCount
[22m[39mprisma:query SELECT COUNT(*) AS "_count._all" FROM (SELECT "public"."applications"."id" FROM "public"."applications" LEFT JOIN "public"."jobs" AS "j0" ON ("j0"."id") = ("public"."applications"."job_id") WHERE (("j0"."company_id" = $1 AND ("j0"."id" IS NOT NULL)) AND "public"."applications"."created_at" >= $2) OFFSET $3) AS "sub"

[90mstdout[2m | tests/company/company-dashboard-stats.property.test.ts[2m > [22m[2mProperty 18b: Recent Jobs Limit and Sort[2m > [22m[2mshould return at most 5 recent jobs sorted by createdAt desc with correct applicationCount
[22m[39mprisma:query SELECT "public"."jobs"."id", "public"."jobs"."company_id", "public"."jobs"."title", "public"."jobs"."description", "public"."jobs"."responsibilities", "public"."jobs"."requirements", "public"."jobs"."required_skills", "public"."jobs"."job_type"::text, "public"."jobs"."location", "public"."jobs"."is_remote", "public"."jobs"."salary_min", "public"."jobs"."salary_max", "public"."jobs"."salary_currency", "public"."jobs"."experience_level", "public"."jobs"."is_active", "public"."jobs"."open_slots", "public"."jobs"."employment_type"::text, "public"."jobs"."seniority_level"::text, "public"."jobs"."min_experience_years", "public"."jobs"."requires_management", "public"."jobs"."min_managed_employees", "public"."jobs"."salary_period", "public"."jobs"."category", "public"."jobs"."created_at", "public"."jobs"."updated_at", COALESCE("aggr_selection_0_Application"."_aggr_count_applications", 0) AS "_aggr_count_applications" FROM "public"."jobs" LEFT JOIN (SELECT "public"."applications"."job_id", COUNT(*) AS "_aggr_count_applications" FROM "public"."applications" WHERE 1=1 GROUP BY "public"."applications"."job_id") AS "aggr_selection_0_Application" ON ("public"."jobs"."id" = "aggr_selection_0_Application"."job_id") WHERE "public"."jobs"."company_id" = $1 ORDER BY "public"."jobs"."created_at" DESC LIMIT $2 OFFSET $3

 [31mΓ¥»[39m tests/company/company-dashboard-stats.property.test.ts [2m([22m[2m2 tests[22m[2m | [22m[31m2 failed[39m[2m)[22m[33m 33053[2mms[22m[39m
[31m   [31m├ù[31m Property 18a: Company Dashboard Stats Correctness[2m > [22mshould return correct activeJobs, totalApplications, and newApplicantsThisWeek[33m 21983[2mms[22m[31m[39m
[31m     ΓåÆ Property failed after 1 tests
{ seed: 852603614, path: "0", endOnFailure: true }
Counterexample: [2,1,2,1]
Shrunk 0 time(s)
Got AssertionError: expected +0 to be 6 // Object.is equality
    at C:\Users\Admin\Documents\SchoolStuff\Ky8\EXE201\ProjectEXE\PortfolioTutTat\tests\company\company-dashboard-stats.property.test.ts:258:48
    at AsyncProperty.run (file:///C:/Users/Admin/Documents/SchoolStuff/Ky8/EXE201/ProjectEXE/PortfolioTutTat/node_modules/fast-check/lib/esm/check/property/AsyncProperty.generic.js:46:28)

Hint: Enable verbose mode in order to have the list of all failing values encountered during the run[39m
[31m   [31m├ù[31m Property 18b: Recent Jobs Limit and Sort[2m > [22mshould return at most 5 recent jobs sorted by createdAt desc with correct applicationCount[33m 11049[2mms[22m[31m[39m
[31m     ΓåÆ Property failed after 2 tests
{ seed: 2051211267, path: "1", endOnFailure: true }
Counterexample: [3,0]
Shrunk 0 time(s)
Got AssertionError: expected +0 to be 3 // Object.is equality
    at C:\Users\Admin\Documents\SchoolStuff\Ky8\EXE201\ProjectEXE\PortfolioTutTat\tests\company\company-dashboard-stats.property.test.ts:370:39
    at AsyncProperty.run (file:///C:/Users/Admin/Documents/SchoolStuff/Ky8/EXE201/ProjectEXE/PortfolioTutTat/node_modules/fast-check/lib/esm/check/property/AsyncProperty.generic.js:46:28)

Hint: Enable verbose mode in order to have the list of all failing values encountered during the run[39m
[90mstdout[2m | tests/buddy/feedback-request-transitions.property.test.ts[2m > [22m[2mProperty 16: FeedbackRequest State Transition ΓÇö Start Review[2m > [22m[2mshould transition from pending to in_review for any FeedbackRequest assigned to the buddy
[22m[39mprisma:query SELECT "public"."profiles"."id" FROM "public"."profiles" WHERE ("public"."profiles"."user_id" = $1 AND 1=1) LIMIT $2 OFFSET $3

[90mstdout[2m | tests/buddy/feedback-request-transitions.property.test.ts[2m > [22m[2mProperty 16: FeedbackRequest State Transition ΓÇö Start Review[2m > [22m[2mshould transition from pending to in_review for any FeedbackRequest assigned to the buddy
[22m[39mprisma:query SELECT "public"."feedback_requests"."id", "public"."feedback_requests"."project_id", "public"."feedback_requests"."mentee_id", "public"."feedback_requests"."buddy_id", "public"."feedback_requests"."note", "public"."feedback_requests"."status"::text, "public"."feedback_requests"."created_at", "public"."feedback_requests"."updated_at" FROM "public"."feedback_requests" WHERE ("public"."feedback_requests"."id" = $1 AND 1=1) LIMIT $2 OFFSET $3

[90mstdout[2m | tests/buddy/feedback-request-transitions.property.test.ts[2m > [22m[2mProperty 16: FeedbackRequest State Transition ΓÇö Start Review[2m > [22m[2mshould reject start-review for any FeedbackRequest NOT in pending status
[22m[39mprisma:query SELECT "public"."profiles"."id" FROM "public"."profiles" WHERE ("public"."profiles"."user_id" = $1 AND 1=1) LIMIT $2 OFFSET $3

[90mstdout[2m | tests/buddy/feedback-request-transitions.property.test.ts[2m > [22m[2mProperty 16: FeedbackRequest State Transition ΓÇö Start Review[2m > [22m[2mshould reject start-review for any FeedbackRequest NOT in pending status
[22m[39mprisma:query SELECT "public"."feedback_requests"."id", "public"."feedback_requests"."project_id", "public"."feedback_requests"."mentee_id", "public"."feedback_requests"."buddy_id", "public"."feedback_requests"."note", "public"."feedback_requests"."status"::text, "public"."feedback_requests"."created_at", "public"."feedback_requests"."updated_at" FROM "public"."feedback_requests" WHERE ("public"."feedback_requests"."id" = $1 AND 1=1) LIMIT $2 OFFSET $3

[90mstdout[2m | tests/buddy/feedback-request-transitions.property.test.ts[2m > [22m[2mProperty 17: FeedbackRequest State Transition ΓÇö Complete Review[2m > [22m[2mshould transition from in_review to completed and set project.isApproved=true
[22m[39mprisma:query SELECT "public"."profiles"."id" FROM "public"."profiles" WHERE ("public"."profiles"."user_id" = $1 AND 1=1) LIMIT $2 OFFSET $3

[90mstdout[2m | tests/buddy/feedback-request-transitions.property.test.ts[2m > [22m[2mProperty 17: FeedbackRequest State Transition ΓÇö Complete Review[2m > [22m[2mshould transition from in_review to completed and set project.isApproved=true
[22m[39mprisma:query SELECT "public"."feedback_requests"."id", "public"."feedback_requests"."project_id", "public"."feedback_requests"."mentee_id", "public"."feedback_requests"."buddy_id", "public"."feedback_requests"."note", "public"."feedback_requests"."status"::text, "public"."feedback_requests"."created_at", "public"."feedback_requests"."updated_at" FROM "public"."feedback_requests" WHERE ("public"."feedback_requests"."id" = $1 AND 1=1) LIMIT $2 OFFSET $3

[90mstdout[2m | tests/buddy/feedback-request-transitions.property.test.ts[2m > [22m[2mProperty 17: FeedbackRequest State Transition ΓÇö Complete Review[2m > [22m[2mshould transition from in_review to completed and set project.isApproved=true
[22m[39mprisma:query SELECT "public"."projects"."id", "public"."projects"."title" FROM "public"."projects" WHERE "public"."projects"."id" IN ($1) OFFSET $2

[90mstdout[2m | tests/buddy/feedback-request-transitions.property.test.ts[2m > [22m[2mProperty 17: FeedbackRequest State Transition ΓÇö Complete Review[2m > [22m[2mshould transition from in_review to completed and set project.isApproved=true
[22m[39mprisma:query SELECT "public"."profiles"."id", "public"."profiles"."user_id", "public"."profiles"."full_name" FROM "public"."profiles" WHERE "public"."profiles"."id" IN ($1) OFFSET $2

[90mstdout[2m | tests/buddy/feedback-request-transitions.property.test.ts[2m > [22m[2mProperty 17: FeedbackRequest State Transition ΓÇö Complete Review[2m > [22m[2mshould transition from in_review to completed and set project.isApproved=true
[22m[39mprisma:query SELECT 1

[90mstdout[2m | tests/buddy/feedback-request-transitions.property.test.ts[2m > [22m[2mProperty 17: FeedbackRequest State Transition ΓÇö Complete Review[2m > [22m[2mshould transition from in_review to completed and set project.isApproved=true
[22m[39mprisma:query BEGIN

[90mstdout[2m | tests/buddy/feedback-request-transitions.property.test.ts[2m > [22m[2mProperty 17: FeedbackRequest State Transition ΓÇö Complete Review[2m > [22m[2mshould transition from in_review to completed and set project.isApproved=true
[22m[39mprisma:query UPDATE "public"."feedback_requests" SET "status" = CAST($1::text AS "public"."FeedbackRequestStatus"), "updated_at" = $2 WHERE ("public"."feedback_requests"."id" = $3 AND 1=1) RETURNING "public"."feedback_requests"."id", "public"."feedback_requests"."project_id", "public"."feedback_requests"."mentee_id", "public"."feedback_requests"."buddy_id", "public"."feedback_requests"."note", "public"."feedback_requests"."status"::text, "public"."feedback_requests"."created_at", "public"."feedback_requests"."updated_at"
prisma:error 
Invalid `tx.feedbackRequest.update()` invocation in
C:\Users\Admin\Documents\SchoolStuff\Ky8\EXE201\ProjectEXE\PortfolioTutTat\app\api\buddy\workspace\[feedbackRequestId]\complete\route.ts:85:55

  82 // Perform transition, set isApproved, and create notification in a transaction
  83 const updated = await prisma.$transaction(async (tx) => {
  84   // Update FeedbackRequest status to completed
ΓåÆ 85   const updatedRequest = await tx.feedbackRequest.update(
An operation failed because it depends on one or more records that were required but not found. No record was found for an update.

[90mstderr[2m | tests/buddy/feedback-request-transitions.property.test.ts[2m > [22m[2mProperty 17: FeedbackRequest State Transition ΓÇö Complete Review[2m > 
[22m[2mshould transition from in_review to completed and set project.isApproved=true
[22m[39m[PATCH /api/buddy/workspace/:feedbackRequestId/complete] PrismaClientKnownRequestError: 
Invalid `tx.feedbackRequest.update()` invocation in
C:\Users\Admin\Documents\SchoolStuff\Ky8\EXE201\ProjectEXE\PortfolioTutTat\app\api\buddy\workspace\[feedbackRequestId]\complete\route.ts:85:55

  82 // Perform transition, set isApproved, and create notification in a transaction
  83 const updated = await prisma.$transaction(async (tx) => {
  84   // Update FeedbackRequest status to completed
ΓåÆ 85   const updatedRequest = await tx.feedbackRequest.update(
An operation failed because it depends on one or more records that were required but not found. No record was found for an update.
    at Zn.handleRequestError 
[90m(C:\Users\Admin\Documents\SchoolStuff\Ky8\EXE201\ProjectEXE\PortfolioTutTat\[39mnode_modules\[4m@prisma\client[24m\runtime\library.js:121:7459[90m)[39m
    at Zn.handleAndLogRequestError 
[90m(C:\Users\Admin\Documents\SchoolStuff\Ky8\EXE201\ProjectEXE\PortfolioTutTat\[39mnode_modules\[4m@prisma\client[24m\runtime\library.js:121:6784[90m)[39m
    at Zn.request 
[90m(C:\Users\Admin\Documents\SchoolStuff\Ky8\EXE201\ProjectEXE\PortfolioTutTat\[39mnode_modules\[4m@prisma\client[24m\runtime\library.js:121:6491[90m)[39m
    at l 
[90m(C:\Users\Admin\Documents\SchoolStuff\Ky8\EXE201\ProjectEXE\PortfolioTutTat\[39mnode_modules\[4m@prisma\client[24m\runtime\library.js:130:9778[90m)[39m
    at [90mC:\Users\Admin\Documents\SchoolStuff\Ky8\EXE201\ProjectEXE\PortfolioTutTat\[39mapp\api\buddy\workspace\[feedbackRequestId]\complete\route.ts:85:30
    at Proxy._transactionWithCallback 
[90m(C:\Users\Admin\Documents\SchoolStuff\Ky8\EXE201\ProjectEXE\PortfolioTutTat\[39mnode_modules\[4m@prisma\client[24m\runtime\library.js:130:8139[90m)[39m
    at Module.PATCH [90m(C:\Users\Admin\Documents\SchoolStuff\Ky8\EXE201\ProjectEXE\PortfolioTutTat\[39mapp\api\buddy\workspace\[feedbackRequestId]\complete\rout
e.ts:83:21[90m)[39m
    at [90mC:\Users\Admin\Documents\SchoolStuff\Ky8\EXE201\ProjectEXE\PortfolioTutTat\[39mtests\buddy\feedback-request-transitions.property.test.ts:254:27
    at AsyncProperty.run [90m(file:///C:/Users/Admin/Documents/SchoolStuff/Ky8/EXE201/ProjectEXE/PortfolioTutTat/[39mnode_modules/[4mfast-check[24m/lib/esm/che
ck/property/AsyncProperty.generic.js:46:28[90m)[39m
    at asyncRunIt [90m(file:///C:/Users/Admin/Documents/SchoolStuff/Ky8/EXE201/ProjectEXE/PortfolioTutTat/[39mnode_modules/[4mfast-check[24m/lib/esm/check/runn
er/Runner.js:33:21[90m)[39m {
  code: [32m'P2025'[39m,
  meta: {
    modelName: [32m'FeedbackRequest'[39m,
    cause: [32m'No record was found for an update.'[39m
  },
  clientVersion: [32m'6.9.0'[39m
}

[90mstdout[2m | tests/buddy/feedback-request-transitions.property.test.ts[2m > [22m[2mProperty 17: FeedbackRequest State Transition ΓÇö Complete Review[2m > [22m[2mshould transition from in_review to completed and set project.isApproved=true
[22m[39mprisma:query ROLLBACK

[90mstdout[2m | tests/buddy/feedback-request-transitions.property.test.ts[2m > [22m[2mProperty 17: FeedbackRequest State Transition ΓÇö Complete Review[2m > [22m[2mshould reject complete-review for any FeedbackRequest NOT in in_review status
[22m[39mprisma:query SELECT "public"."profiles"."id" FROM "public"."profiles" WHERE ("public"."profiles"."user_id" = $1 AND 1=1) LIMIT $2 OFFSET $3

[90mstdout[2m | tests/buddy/feedback-request-transitions.property.test.ts[2m > [22m[2mProperty 17: FeedbackRequest State Transition ΓÇö Complete Review[2m > [22m[2mshould reject complete-review for any FeedbackRequest NOT in in_review status
[22m[39mprisma:query SELECT "public"."feedback_requests"."id", "public"."feedback_requests"."project_id", "public"."feedback_requests"."mentee_id", "public"."feedback_requests"."buddy_id", "public"."feedback_requests"."note", "public"."feedback_requests"."status"::text, "public"."feedback_requests"."created_at", "public"."feedback_requests"."updated_at" FROM "public"."feedback_requests" WHERE ("public"."feedback_requests"."id" = $1 AND 1=1) LIMIT $2 OFFSET $3

[90mstdout[2m | tests/buddy/feedback-request-transitions.property.test.ts[2m > [22m[2mProperty 17: FeedbackRequest State Transition ΓÇö Complete Review[2m > [22m[2mshould reject complete-review for any FeedbackRequest NOT in in_review status
[22m[39mprisma:query SELECT "public"."projects"."id", "public"."projects"."title" FROM "public"."projects" WHERE "public"."projects"."id" IN ($1) OFFSET $2

[90mstdout[2m | tests/buddy/feedback-request-transitions.property.test.ts[2m > [22m[2mProperty 17: FeedbackRequest State Transition ΓÇö Complete Review[2m > [22m[2mshould reject complete-review for any FeedbackRequest NOT in in_review status
[22m[39mprisma:query SELECT "public"."profiles"."id", "public"."profiles"."user_id", "public"."profiles"."full_name" FROM "public"."profiles" WHERE "public"."profiles"."id" IN ($1) OFFSET $2

[90mstdout[2m | tests/buddy/feedback-request-transitions.property.test.ts[2m > [22m[2mProperty 17: FeedbackRequest State Transition ΓÇö Complete Review[2m > [22m[2mshould reject complete-review for any FeedbackRequest NOT in in_review status
[22m[39mprisma:query SELECT "public"."profiles"."id" FROM "public"."profiles" WHERE ("public"."profiles"."user_id" = $1 AND 1=1) LIMIT $2 OFFSET $3

[90mstdout[2m | tests/buddy/feedback-request-transitions.property.test.ts[2m > [22m[2mProperty 17: FeedbackRequest State Transition ΓÇö Complete Review[2m > [22m[2mshould reject complete-review for any FeedbackRequest NOT in in_review status
[22m[39mprisma:query SELECT "public"."feedback_requests"."id", "public"."feedback_requests"."project_id", "public"."feedback_requests"."mentee_id", "public"."feedback_requests"."buddy_id", "public"."feedback_requests"."note", "public"."feedback_requests"."status"::text, "public"."feedback_requests"."created_at", "public"."feedback_requests"."updated_at" FROM "public"."feedback_requests" WHERE ("public"."feedback_requests"."id" = $1 AND 1=1) LIMIT $2 OFFSET $3

[90mstdout[2m | tests/buddy/feedback-request-transitions.property.test.ts[2m > [22m[2mProperty 17: FeedbackRequest State Transition ΓÇö Complete Review[2m > [22m[2mshould reject complete-review for any FeedbackRequest NOT in in_review status
[22m[39mprisma:query SELECT "public"."projects"."id", "public"."projects"."title" FROM "public"."projects" WHERE "public"."projects"."id" IN ($1) OFFSET $2

[90mstdout[2m | tests/buddy/feedback-request-transitions.property.test.ts[2m > [22m[2mProperty 17: FeedbackRequest State Transition ΓÇö Complete Review[2m > [22m[2mshould reject complete-review for any FeedbackRequest NOT in in_review status
[22m[39mprisma:query SELECT "public"."profiles"."id", "public"."profiles"."user_id", "public"."profiles"."full_name" FROM "public"."profiles" WHERE "public"."profiles"."id" IN ($1) OFFSET $2

[90mstdout[2m | tests/buddy/feedback-request-transitions.property.test.ts[2m > [22m[2mProperty 17: FeedbackRequest State Transition ΓÇö Complete Review[2m > [22m[2mshould reject complete-review for any FeedbackRequest NOT in in_review status
[22m[39mprisma:query SELECT "public"."profiles"."id" FROM "public"."profiles" WHERE ("public"."profiles"."user_id" = $1 AND 1=1) LIMIT $2 OFFSET $3

 [31mΓ¥»[39m tests/buddy/feedback-request-transitions.property.test.ts [2m([22m[2m4 tests[22m[2m | [22m[31m4 failed[39m[2m)[22m[33m 44585[2mms[22m[39m
[31m   [31m├ù[31m Property 16: FeedbackRequest State Transition ΓÇö Start Review[2m > [22mshould transition from pending to in_review for any FeedbackRequest assigned to the buddy[33m 15473[2mms[22m[31m[39m
[31m     ΓåÆ Property failed after 1 tests
{ seed: 2096451389, path: "0", endOnFailure: true }
Counterexample: [3]
Shrunk 0 time(s)
Got AssertionError: expected 404 to be 200 // Object.is equality
    at C:\Users\Admin\Documents\SchoolStuff\Ky8\EXE201\ProjectEXE\PortfolioTutTat\tests\buddy\feedback-request-transitions.property.test.ts:151:34
    at AsyncProperty.run (file:///C:/Users/Admin/Documents/SchoolStuff/Ky8/EXE201/ProjectEXE/PortfolioTutTat/node_modules/fast-check/lib/esm/check/property/AsyncProperty.generic.js:46:28)
    at asyncRunIt (file:///C:/Users/Admin/Documents/SchoolStuff/Ky8/EXE201/ProjectEXE/PortfolioTutTat/node_modules/fast-check/lib/esm/check/runner/Runner.js:33:21)
    at it.timeout (C:\Users\Admin\Documents\SchoolStuff\Ky8\EXE201\ProjectEXE\PortfolioTutTat\tests\buddy\feedback-request-transitions.property.test.ts:116:7)
    at file:///C:/Users/Admin/Documents/SchoolStuff/Ky8/EXE201/ProjectEXE/PortfolioTutTat/node_modules/@vitest/runner/dist/index.js:533:5
    at runTest (file:///C:/Users/Admin/Documents/SchoolStuff/Ky8/EXE201/ProjectEXE/PortfolioTutTat/node_modules/@vitest/runner/dist/index.js:1056:11)
    at runSuite (file:///C:/Users/Admin/Documents/SchoolStuff/Ky8/EXE201/ProjectEXE/PortfolioTutTat/node_modules/@vitest/runner/dist/index.js:1205:15)
    at runSuite (file:///C:/Users/Admin/Documents/SchoolStuff/Ky8/EXE201/ProjectEXE/PortfolioTutTat/node_modules/@vitest/runner/dist/index.js:1205:15)
    at runFiles (file:///C:/Users/Admin/Documents/SchoolStuff/Ky8/EXE201/ProjectEXE/PortfolioTutTat/node_modules/@vitest/runner/dist/index.js:1262:5)
    at startTests (file:///C:/Users/Admin/Documents/SchoolStuff/Ky8/EXE201/ProjectEXE/PortfolioTutTat/node_modules/@vitest/runner/dist/index.js:1271:3)

Hint: Enable verbose mode in order to have the list of all failing values encountered during the run[39m
[31m   [31m├ù[31m Property 16: FeedbackRequest State Transition ΓÇö Start Review[2m > [22mshould reject start-review for any FeedbackRequest NOT in pending status[33m 6603[2mms[22m[31m[39m
[31m     ΓåÆ Property failed after 1 tests
{ seed: 1889270498, path: "0", endOnFailure: true }
Counterexample: ["completed"]
Shrunk 0 time(s)
Got AssertionError: expected 404 to be 422 // Object.is equality
    at C:\Users\Admin\Documents\SchoolStuff\Ky8\EXE201\ProjectEXE\PortfolioTutTat\tests\buddy\feedback-request-transitions.property.test.ts:195:32
    at AsyncProperty.run (file:///C:/Users/Admin/Documents/SchoolStuff/Ky8/EXE201/ProjectEXE/PortfolioTutTat/node_modules/fast-check/lib/esm/check/property/AsyncProperty.generic.js:46:28)
    at asyncRunIt (file:///C:/Users/Admin/Documents/SchoolStuff/Ky8/EXE201/ProjectEXE/PortfolioTutTat/node_modules/fast-check/lib/esm/check/runner/Runner.js:33:21)
    at it.timeout (C:\Users\Admin\Documents\SchoolStuff\Ky8\EXE201\ProjectEXE\PortfolioTutTat\tests\buddy\feedback-request-transitions.property.test.ts:172:7)
    at file:///C:/Users/Admin/Documents/SchoolStuff/Ky8/EXE201/ProjectEXE/PortfolioTutTat/node_modules/@vitest/runner/dist/index.js:533:5
    at runTest (file:///C:/Users/Admin/Documents/SchoolStuff/Ky8/EXE201/ProjectEXE/PortfolioTutTat/node_modules/@vitest/runner/dist/index.js:1056:11)
    at runSuite (file:///C:/Users/Admin/Documents/SchoolStuff/Ky8/EXE201/ProjectEXE/PortfolioTutTat/node_modules/@vitest/runner/dist/index.js:1205:15)
    at runSuite (file:///C:/Users/Admin/Documents/SchoolStuff/Ky8/EXE201/ProjectEXE/PortfolioTutTat/node_modules/@vitest/runner/dist/index.js:1205:15)
    at runFiles (file:///C:/Users/Admin/Documents/SchoolStuff/Ky8/EXE201/ProjectEXE/PortfolioTutTat/node_modules/@vitest/runner/dist/index.js:1262:5)
    at startTests (file:///C:/Users/Admin/Documents/SchoolStuff/Ky8/EXE201/ProjectEXE/PortfolioTutTat/node_modules/@vitest/runner/dist/index.js:1271:3)

Hint: Enable verbose mode in order to have the list of all failing values encountered during the run[39m
[31m   [31m├ù[31m Property 17: FeedbackRequest State Transition ΓÇö Complete Review[2m > [22mshould transition from in_review to completed and set project.isApproved=true[33m 8788[2mms[22m[31m[39m
[31m     ΓåÆ Property failed after 1 tests
{ seed: 2084997188, path: "0", endOnFailure: true }
Counterexample: [5]
Shrunk 0 time(s)
Got AssertionError: expected 500 to be 200 // Object.is equality
    at C:\Users\Admin\Documents\SchoolStuff\Ky8\EXE201\ProjectEXE\PortfolioTutTat\tests\buddy\feedback-request-transitions.property.test.ts:260:34
    at AsyncProperty.run (file:///C:/Users/Admin/Documents/SchoolStuff/Ky8/EXE201/ProjectEXE/PortfolioTutTat/node_modules/fast-check/lib/esm/check/property/AsyncProperty.generic.js:46:28)
    at asyncRunIt (file:///C:/Users/Admin/Documents/SchoolStuff/Ky8/EXE201/ProjectEXE/PortfolioTutTat/node_modules/fast-check/lib/esm/check/runner/Runner.js:33:21)
    at it.timeout (C:\Users\Admin\Documents\SchoolStuff\Ky8\EXE201\ProjectEXE\PortfolioTutTat\tests\buddy\feedback-request-transitions.property.test.ts:225:7)
    at file:///C:/Users/Admin/Documents/SchoolStuff/Ky8/EXE201/ProjectEXE/PortfolioTutTat/node_modules/@vitest/runner/dist/index.js:533:5
    at runTest (file:///C:/Users/Admin/Documents/SchoolStuff/Ky8/EXE201/ProjectEXE/PortfolioTutTat/node_modules/@vitest/runner/dist/index.js:1056:11)
    at runSuite (file:///C:/Users/Admin/Documents/SchoolStuff/Ky8/EXE201/ProjectEXE/PortfolioTutTat/node_modules/@vitest/runner/dist/index.js:1205:15)
    at runSuite (file:///C:/Users/Admin/Documents/SchoolStuff/Ky8/EXE201/ProjectEXE/PortfolioTutTat/node_modules/@vitest/runner/dist/index.js:1205:15)
    at runFiles (file:///C:/Users/Admin/Documents/SchoolStuff/Ky8/EXE201/ProjectEXE/PortfolioTutTat/node_modules/@vitest/runner/dist/index.js:1262:5)
    at startTests (file:///C:/Users/Admin/Documents/SchoolStuff/Ky8/EXE201/ProjectEXE/PortfolioTutTat/node_modules/@vitest/runner/dist/index.js:1271:3)

Hint: Enable verbose mode in order to have the list of all failing values encountered during the run[39m
[31m   [31m├ù[31m Property 17: FeedbackRequest State Transition ΓÇö Complete Review[2m > [22mshould reject complete-review for any FeedbackRequest NOT in in_review status[33m 13710[2mms[22m[31m[39m
[31m     ΓåÆ Property failed after 3 tests
{ seed: -2108543178, path: "2", endOnFailure: true }
Counterexample: ["pending"]
Shrunk 0 time(s)
Got AssertionError: expected 404 to be 422 // Object.is equality
    at C:\Users\Admin\Documents\SchoolStuff\Ky8\EXE201\ProjectEXE\PortfolioTutTat\tests\buddy\feedback-request-transitions.property.test.ts:310:32
    at AsyncProperty.run (file:///C:/Users/Admin/Documents/SchoolStuff/Ky8/EXE201/ProjectEXE/PortfolioTutTat/node_modules/fast-check/lib/esm/check/property/AsyncProperty.generic.js:46:28)
    at asyncRunIt (file:///C:/Users/Admin/Documents/SchoolStuff/Ky8/EXE201/ProjectEXE/PortfolioTutTat/node_modules/fast-check/lib/esm/check/runner/Runner.js:33:21)
    at it.timeout (C:\Users\Admin\Documents\SchoolStuff\Ky8\EXE201\ProjectEXE\PortfolioTutTat\tests\buddy\feedback-request-transitions.property.test.ts:287:7)
    at file:///C:/Users/Admin/Documents/SchoolStuff/Ky8/EXE201/ProjectEXE/PortfolioTutTat/node_modules/@vitest/runner/dist/index.js:533:5
    at runTest (file:///C:/Users/Admin/Documents/SchoolStuff/Ky8/EXE201/ProjectEXE/PortfolioTutTat/node_modules/@vitest/runner/dist/index.js:1056:11)
    at runSuite (file:///C:/Users/Admin/Documents/SchoolStuff/Ky8/EXE201/ProjectEXE/PortfolioTutTat/node_modules/@vitest/runner/dist/index.js:1205:15)
    at runSuite (file:///C:/Users/Admin/Documents/SchoolStuff/Ky8/EXE201/ProjectEXE/PortfolioTutTat/node_modules/@vitest/runner/dist/index.js:1205:15)
    at runFiles (file:///C:/Users/Admin/Documents/SchoolStuff/Ky8/EXE201/ProjectEXE/PortfolioTutTat/node_modules/@vitest/runner/dist/index.js:1262:5)
    at startTests (file:///C:/Users/Admin/Documents/SchoolStuff/Ky8/EXE201/ProjectEXE/PortfolioTutTat/node_modules/@vitest/runner/dist/index.js:1271:3)

Hint: Enable verbose mode in order to have the list of all failing values encountered during the run[39m
[90mstdout[2m | tests/company/company-profile.property.test.ts[2m > [22m[2mProperty 8: CompanyProfile Data Round-Trip[2m > [22m[2mshould return matching data on GET after POST for any valid payload
[22m[39mprisma:query INSERT INTO "public"."users" ("id","email","password_hash","role","created_at","updated_at") VALUES ($1,$2,$3,CAST($4::text AS "public"."UserRole"),$5,$6) RETURNING "public"."users"."id", "public"."users"."email", "public"."users"."password_hash", "public"."users"."role"::text, "public"."users"."created_at", "public"."users"."updated_at"

[90mstdout[2m | tests/company/company-profile.property.test.ts[2m > [22m[2mProperty 8: CompanyProfile Data Round-Trip[2m > [22m[2mshould return matching data on GET after POST for any valid payload
[22m[39mprisma:query SELECT "public"."company_profiles"."id", "public"."company_profiles"."user_id", "public"."company_profiles"."company_name", "public"."company_profiles"."summary", "public"."company_profiles"."products_services", "public"."company_profiles"."website_url", "public"."company_profiles"."hr_contact_email", "public"."company_profiles"."hr_contact_phone", "public"."company_profiles"."employee_count", "public"."company_profiles"."office_address", "public"."company_profiles"."reference_links", "public"."company_profiles"."team_members", "public"."company_profiles"."created_at", "public"."company_profiles"."updated_at" FROM "public"."company_profiles" WHERE ("public"."company_profiles"."user_id" = $1 AND 1=1) LIMIT $2 OFFSET $3

[90mstdout[2m | tests/company/company-profile.property.test.ts[2m > [22m[2mProperty 8: CompanyProfile Data Round-Trip[2m > [22m[2mshould return matching data on GET after POST for any valid payload
[22m[39mprisma:query INSERT INTO "public"."company_profiles" ("id","user_id","company_name","summary","products_services","website_url","hr_contact_email","hr_contact_phone","employee_count","office_address","reference_links","team_members","created_at","updated_at") VALUES ($1,$2,$3,$4,$5,$6,$7,$8,$9,$10,$11,$12,$13,$14) RETURNING "public"."company_profiles"."id", "public"."company_profiles"."user_id", "public"."company_profiles"."company_name", "public"."company_profiles"."summary", "public"."company_profiles"."products_services", "public"."company_profiles"."website_url", "public"."company_profiles"."hr_contact_email", "public"."company_profiles"."hr_contact_phone", "public"."company_profiles"."employee_count", "public"."company_profiles"."office_address", "public"."company_profiles"."reference_links", "public"."company_profiles"."team_members", "public"."company_profiles"."created_at", "public"."company_profiles"."updated_at"

[90mstdout[2m | tests/company/company-profile.property.test.ts[2m > [22m[2mProperty 8: CompanyProfile Data Round-Trip[2m > [22m[2mshould return matching data on GET after POST for any valid payload
[22m[39mprisma:query SELECT "public"."company_profiles"."id", "public"."company_profiles"."user_id", "public"."company_profiles"."company_name", "public"."company_profiles"."summary", "public"."company_profiles"."products_services", "public"."company_profiles"."website_url", "public"."company_profiles"."hr_contact_email", "public"."company_profiles"."hr_contact_phone", "public"."company_profiles"."employee_count", "public"."company_profiles"."office_address", "public"."company_profiles"."reference_links", "public"."company_profiles"."team_members", "public"."company_profiles"."created_at", "public"."company_profiles"."updated_at" FROM "public"."company_profiles" WHERE ("public"."company_profiles"."user_id" = $1 AND 1=1) LIMIT $2 OFFSET $3

[90mstdout[2m | tests/company/company-profile.property.test.ts[2m > [22m[2mProperty 8: CompanyProfile Data Round-Trip[2m > [22m[2mshould return matching data on GET after POST for any valid payload
[22m[39mprisma:query INSERT INTO "public"."users" ("id","email","password_hash","role","created_at","updated_at") VALUES ($1,$2,$3,CAST($4::text AS "public"."UserRole"),$5,$6) RETURNING "public"."users"."id", "public"."users"."email", "public"."users"."password_hash", "public"."users"."role"::text, "public"."users"."created_at", "public"."users"."updated_at"

[90mstdout[2m | tests/company/company-profile.property.test.ts[2m > [22m[2mProperty 8: CompanyProfile Data Round-Trip[2m > [22m[2mshould return matching data on GET after POST for any valid payload
[22m[39mprisma:query SELECT "public"."company_profiles"."id", "public"."company_profiles"."user_id", "public"."company_profiles"."company_name", "public"."company_profiles"."summary", "public"."company_profiles"."products_services", "public"."company_profiles"."website_url", "public"."company_profiles"."hr_contact_email", "public"."company_profiles"."hr_contact_phone", "public"."company_profiles"."employee_count", "public"."company_profiles"."office_address", "public"."company_profiles"."reference_links", "public"."company_profiles"."team_members", "public"."company_profiles"."created_at", "public"."company_profiles"."updated_at" FROM "public"."company_profiles" WHERE ("public"."company_profiles"."user_id" = $1 AND 1=1) LIMIT $2 OFFSET $3

[90mstdout[2m | tests/company/company-profile.property.test.ts[2m > [22m[2mProperty 8: CompanyProfile Data Round-Trip[2m > [22m[2mshould return matching data on GET after POST for any valid payload
[22m[39mprisma:query INSERT INTO "public"."company_profiles" ("id","user_id","company_name","summary","products_services","website_url","hr_contact_email","hr_contact_phone","employee_count","office_address","reference_links","team_members","created_at","updated_at") VALUES ($1,$2,$3,$4,$5,$6,$7,$8,$9,$10,$11,$12,$13,$14) RETURNING "public"."company_profiles"."id", "public"."company_profiles"."user_id", "public"."company_profiles"."company_name", "public"."company_profiles"."summary", "public"."company_profiles"."products_services", "public"."company_profiles"."website_url", "public"."company_profiles"."hr_contact_email", "public"."company_profiles"."hr_contact_phone", "public"."company_profiles"."employee_count", "public"."company_profiles"."office_address", "public"."company_profiles"."reference_links", "public"."company_profiles"."team_members", "public"."company_profiles"."created_at", "public"."company_profiles"."updated_at"

[90mstdout[2m | tests/company/company-profile.property.test.ts[2m > [22m[2mProperty 8: CompanyProfile Data Round-Trip[2m > [22m[2mshould return matching data on GET after POST for any valid payload
[22m[39mprisma:query SELECT "public"."company_profiles"."id", "public"."company_profiles"."user_id", "public"."company_profiles"."company_name", "public"."company_profiles"."summary", "public"."company_profiles"."products_services", "public"."company_profiles"."website_url", "public"."company_profiles"."hr_contact_email", "public"."company_profiles"."hr_contact_phone", "public"."company_profiles"."employee_count", "public"."company_profiles"."office_address", "public"."company_profiles"."reference_links", "public"."company_profiles"."team_members", "public"."company_profiles"."created_at", "public"."company_profiles"."updated_at" FROM "public"."company_profiles" WHERE ("public"."company_profiles"."user_id" = $1 AND 1=1) LIMIT $2 OFFSET $3

[90mstdout[2m | tests/company/company-profile.property.test.ts[2m > [22m[2mProperty 8: CompanyProfile Data Round-Trip[2m > [22m[2mshould return matching data on GET after POST for any valid payload
[22m[39mprisma:query INSERT INTO "public"."users" ("id","email","password_hash","role","created_at","updated_at") VALUES ($1,$2,$3,CAST($4::text AS "public"."UserRole"),$5,$6) RETURNING "public"."users"."id", "public"."users"."email", "public"."users"."password_hash", "public"."users"."role"::text, "public"."users"."created_at", "public"."users"."updated_at"

[90mstdout[2m | tests/company/company-profile.property.test.ts[2m > [22m[2mProperty 8: CompanyProfile Data Round-Trip[2m > [22m[2mshould return matching data on GET after POST for any valid payload
[22m[39mprisma:query SELECT "public"."company_profiles"."id", "public"."company_profiles"."user_id", "public"."company_profiles"."company_name", "public"."company_profiles"."summary", "public"."company_profiles"."products_services", "public"."company_profiles"."website_url", "public"."company_profiles"."hr_contact_email", "public"."company_profiles"."hr_contact_phone", "public"."company_profiles"."employee_count", "public"."company_profiles"."office_address", "public"."company_profiles"."reference_links", "public"."company_profiles"."team_members", "public"."company_profiles"."created_at", "public"."company_profiles"."updated_at" FROM "public"."company_profiles" WHERE ("public"."company_profiles"."user_id" = $1 AND 1=1) LIMIT $2 OFFSET $3

[90mstdout[2m | tests/company/company-profile.property.test.ts[2m > [22m[2mProperty 8: CompanyProfile Data Round-Trip[2m > [22m[2mshould return matching data on GET after POST for any valid payload
[22m[39mprisma:query INSERT INTO "public"."company_profiles" ("id","user_id","company_name","summary","products_services","website_url","hr_contact_email","hr_contact_phone","employee_count","office_address","reference_links","team_members","created_at","updated_at") VALUES ($1,$2,$3,$4,$5,$6,$7,$8,$9,$10,$11,$12,$13,$14) RETURNING "public"."company_profiles"."id", "public"."company_profiles"."user_id", "public"."company_profiles"."company_name", "public"."company_profiles"."summary", "public"."company_profiles"."products_services", "public"."company_profiles"."website_url", "public"."company_profiles"."hr_contact_email", "public"."company_profiles"."hr_contact_phone", "public"."company_profiles"."employee_count", "public"."company_profiles"."office_address", "public"."company_profiles"."reference_links", "public"."company_profiles"."team_members", "public"."company_profiles"."created_at", "public"."company_profiles"."updated_at"

[90mstdout[2m | tests/company/company-profile.property.test.ts[2m > [22m[2mProperty 8: CompanyProfile Data Round-Trip[2m > [22m[2mshould return matching data on GET after POST for any valid payload
[22m[39mprisma:query SELECT "public"."company_profiles"."id", "public"."company_profiles"."user_id", "public"."company_profiles"."company_name", "public"."company_profiles"."summary", "public"."company_profiles"."products_services", "public"."company_profiles"."website_url", "public"."company_profiles"."hr_contact_email", "public"."company_profiles"."hr_contact_phone", "public"."company_profiles"."employee_count", "public"."company_profiles"."office_address", "public"."company_profiles"."reference_links", "public"."company_profiles"."team_members", "public"."company_profiles"."created_at", "public"."company_profiles"."updated_at" FROM "public"."company_profiles" WHERE ("public"."company_profiles"."user_id" = $1 AND 1=1) LIMIT $2 OFFSET $3

[90mstdout[2m | tests/company/company-profile.property.test.ts[2m > [22m[2mProperty 8: CompanyProfile Data Round-Trip[2m > [22m[2mshould return matching data on GET after POST for any valid payload
[22m[39mprisma:query INSERT INTO "public"."users" ("id","email","password_hash","role","created_at","updated_at") VALUES ($1,$2,$3,CAST($4::text AS "public"."UserRole"),$5,$6) RETURNING "public"."users"."id", "public"."users"."email", "public"."users"."password_hash", "public"."users"."role"::text, "public"."users"."created_at", "public"."users"."updated_at"

[90mstdout[2m | tests/company/company-profile.property.test.ts[2m > [22m[2mProperty 8: CompanyProfile Data Round-Trip[2m > [22m[2mshould return matching data on GET after POST for any valid payload
[22m[39mprisma:query SELECT "public"."company_profiles"."id", "public"."company_profiles"."user_id", "public"."company_profiles"."company_name", "public"."company_profiles"."summary", "public"."company_profiles"."products_services", "public"."company_profiles"."website_url", "public"."company_profiles"."hr_contact_email", "public"."company_profiles"."hr_contact_phone", "public"."company_profiles"."employee_count", "public"."company_profiles"."office_address", "public"."company_profiles"."reference_links", "public"."company_profiles"."team_members", "public"."company_profiles"."created_at", "public"."company_profiles"."updated_at" FROM "public"."company_profiles" WHERE ("public"."company_profiles"."user_id" = $1 AND 1=1) LIMIT $2 OFFSET $3

[90mstdout[2m | tests/company/company-profile.property.test.ts[2m > [22m[2mProperty 8: CompanyProfile Data Round-Trip[2m > [22m[2mshould return matching data on GET after POST for any valid payload
[22m[39mprisma:query INSERT INTO "public"."company_profiles" ("id","user_id","company_name","summary","products_services","website_url","hr_contact_email","hr_contact_phone","employee_count","office_address","reference_links","team_members","created_at","updated_at") VALUES ($1,$2,$3,$4,$5,$6,$7,$8,$9,$10,$11,$12,$13,$14) RETURNING "public"."company_profiles"."id", "public"."company_profiles"."user_id", "public"."company_profiles"."company_name", "public"."company_profiles"."summary", "public"."company_profiles"."products_services", "public"."company_profiles"."website_url", "public"."company_profiles"."hr_contact_email", "public"."company_profiles"."hr_contact_phone", "public"."company_profiles"."employee_count", "public"."company_profiles"."office_address", "public"."company_profiles"."reference_links", "public"."company_profiles"."team_members", "public"."company_profiles"."created_at", "public"."company_profiles"."updated_at"

[90mstdout[2m | tests/company/company-profile.property.test.ts[2m > [22m[2mProperty 8: CompanyProfile Data Round-Trip[2m > [22m[2mshould return matching data on GET after POST for any valid payload
[22m[39mprisma:query SELECT "public"."company_profiles"."id", "public"."company_profiles"."user_id", "public"."company_profiles"."company_name", "public"."company_profiles"."summary", "public"."company_profiles"."products_services", "public"."company_profiles"."website_url", "public"."company_profiles"."hr_contact_email", "public"."company_profiles"."hr_contact_phone", "public"."company_profiles"."employee_count", "public"."company_profiles"."office_address", "public"."company_profiles"."reference_links", "public"."company_profiles"."team_members", "public"."company_profiles"."created_at", "public"."company_profiles"."updated_at" FROM "public"."company_profiles" WHERE ("public"."company_profiles"."user_id" = $1 AND 1=1) LIMIT $2 OFFSET $3

[90mstdout[2m | tests/company/company-profile.property.test.ts[2m > [22m[2mProperty 8: CompanyProfile Data Round-Trip[2m > [22m[2mshould return matching data on GET after POST for any valid payload
[22m[39mprisma:query INSERT INTO "public"."users" ("id","email","password_hash","role","created_at","updated_at") VALUES ($1,$2,$3,CAST($4::text AS "public"."UserRole"),$5,$6) RETURNING "public"."users"."id", "public"."users"."email", "public"."users"."password_hash", "public"."users"."role"::text, "public"."users"."created_at", "public"."users"."updated_at"

[90mstdout[2m | tests/company/company-profile.property.test.ts[2m > [22m[2mProperty 8: CompanyProfile Data Round-Trip[2m > [22m[2mshould return matching data on GET after POST for any valid payload
[22m[39mprisma:query SELECT "public"."company_profiles"."id", "public"."company_profiles"."user_id", "public"."company_profiles"."company_name", "public"."company_profiles"."summary", "public"."company_profiles"."products_services", "public"."company_profiles"."website_url", "public"."company_profiles"."hr_contact_email", "public"."company_profiles"."hr_contact_phone", "public"."company_profiles"."employee_count", "public"."company_profiles"."office_address", "public"."company_profiles"."reference_links", "public"."company_profiles"."team_members", "public"."company_profiles"."created_at", "public"."company_profiles"."updated_at" FROM "public"."company_profiles" WHERE ("public"."company_profiles"."user_id" = $1 AND 1=1) LIMIT $2 OFFSET $3

[90mstdout[2m | tests/company/company-profile.property.test.ts[2m > [22m[2mProperty 8: CompanyProfile Data Round-Trip[2m > [22m[2mshould return matching data on GET after POST for any valid payload
[22m[39mprisma:query INSERT INTO "public"."company_profiles" ("id","user_id","company_name","summary","products_services","website_url","hr_contact_email","hr_contact_phone","employee_count","office_address","reference_links","team_members","created_at","updated_at") VALUES ($1,$2,$3,$4,$5,$6,$7,$8,$9,$10,$11,$12,$13,$14) RETURNING "public"."company_profiles"."id", "public"."company_profiles"."user_id", "public"."company_profiles"."company_name", "public"."company_profiles"."summary", "public"."company_profiles"."products_services", "public"."company_profiles"."website_url", "public"."company_profiles"."hr_contact_email", "public"."company_profiles"."hr_contact_phone", "public"."company_profiles"."employee_count", "public"."company_profiles"."office_address", "public"."company_profiles"."reference_links", "public"."company_profiles"."team_members", "public"."company_profiles"."created_at", "public"."company_profiles"."updated_at"

[90mstdout[2m | tests/company/company-profile.property.test.ts[2m > [22m[2mProperty 8: CompanyProfile Data Round-Trip[2m > [22m[2mshould return matching data on GET after POST for any valid payload
[22m[39mprisma:query SELECT "public"."company_profiles"."id", "public"."company_profiles"."user_id", "public"."company_profiles"."company_name", "public"."company_profiles"."summary", "public"."company_profiles"."products_services", "public"."company_profiles"."website_url", "public"."company_profiles"."hr_contact_email", "public"."company_profiles"."hr_contact_phone", "public"."company_profiles"."employee_count", "public"."company_profiles"."office_address", "public"."company_profiles"."reference_links", "public"."company_profiles"."team_members", "public"."company_profiles"."created_at", "public"."company_profiles"."updated_at" FROM "public"."company_profiles" WHERE ("public"."company_profiles"."user_id" = $1 AND 1=1) LIMIT $2 OFFSET $3

[90mstdout[2m | tests/company/company-profile.property.test.ts[2m > [22m[2mProperty 8: CompanyProfile Data Round-Trip[2m > [22m[2mshould return matching data on GET after POST for any valid payload
[22m[39mprisma:query INSERT INTO "public"."users" ("id","email","password_hash","role","created_at","updated_at") VALUES ($1,$2,$3,CAST($4::text AS "public"."UserRole"),$5,$6) RETURNING "public"."users"."id", "public"."users"."email", "public"."users"."password_hash", "public"."users"."role"::text, "public"."users"."created_at", "public"."users"."updated_at"

[90mstdout[2m | tests/company/company-profile.property.test.ts[2m > [22m[2mProperty 8: CompanyProfile Data Round-Trip[2m > [22m[2mshould return matching data on GET after POST for any valid payload
[22m[39mprisma:query SELECT "public"."company_profiles"."id", "public"."company_profiles"."user_id", "public"."company_profiles"."company_name", "public"."company_profiles"."summary", "public"."company_profiles"."products_services", "public"."company_profiles"."website_url", "public"."company_profiles"."hr_contact_email", "public"."company_profiles"."hr_contact_phone", "public"."company_profiles"."employee_count", "public"."company_profiles"."office_address", "public"."company_profiles"."reference_links", "public"."company_profiles"."team_members", "public"."company_profiles"."created_at", "public"."company_profiles"."updated_at" FROM "public"."company_profiles" WHERE ("public"."company_profiles"."user_id" = $1 AND 1=1) LIMIT $2 OFFSET $3

[90mstdout[2m | tests/company/company-profile.property.test.ts[2m > [22m[2mProperty 8: CompanyProfile Data Round-Trip[2m > [22m[2mshould return matching data on GET after POST for any valid payload
[22m[39mprisma:query INSERT INTO "public"."company_profiles" ("id","user_id","company_name","summary","products_services","website_url","hr_contact_email","hr_contact_phone","employee_count","office_address","reference_links","team_members","created_at","updated_at") VALUES ($1,$2,$3,$4,$5,$6,$7,$8,$9,$10,$11,$12,$13,$14) RETURNING "public"."company_profiles"."id", "public"."company_profiles"."user_id", "public"."company_profiles"."company_name", "public"."company_profiles"."summary", "public"."company_profiles"."products_services", "public"."company_profiles"."website_url", "public"."company_profiles"."hr_contact_email", "public"."company_profiles"."hr_contact_phone", "public"."company_profiles"."employee_count", "public"."company_profiles"."office_address", "public"."company_profiles"."reference_links", "public"."company_profiles"."team_members", "public"."company_profiles"."created_at", "public"."company_profiles"."updated_at"

[90mstdout[2m | tests/company/company-profile.property.test.ts[2m > [22m[2mProperty 8: CompanyProfile Data Round-Trip[2m > [22m[2mshould return matching data on GET after POST for any valid payload
[22m[39mprisma:query SELECT "public"."company_profiles"."id", "public"."company_profiles"."user_id", "public"."company_profiles"."company_name", "public"."company_profiles"."summary", "public"."company_profiles"."products_services", "public"."company_profiles"."website_url", "public"."company_profiles"."hr_contact_email", "public"."company_profiles"."hr_contact_phone", "public"."company_profiles"."employee_count", "public"."company_profiles"."office_address", "public"."company_profiles"."reference_links", "public"."company_profiles"."team_members", "public"."company_profiles"."created_at", "public"."company_profiles"."updated_at" FROM "public"."company_profiles" WHERE ("public"."company_profiles"."user_id" = $1 AND 1=1) LIMIT $2 OFFSET $3

[90mstdout[2m | tests/company/company-profile.property.test.ts[2m > [22m[2mProperty 8: CompanyProfile Data Round-Trip[2m > [22m[2mshould return matching data on GET after POST for any valid payload
[22m[39mprisma:query INSERT INTO "public"."users" ("id","email","password_hash","role","created_at","updated_at") VALUES ($1,$2,$3,CAST($4::text AS "public"."UserRole"),$5,$6) RETURNING "public"."users"."id", "public"."users"."email", "public"."users"."password_hash", "public"."users"."role"::text, "public"."users"."created_at", "public"."users"."updated_at"

[90mstdout[2m | tests/company/company-profile.property.test.ts[2m > [22m[2mProperty 8: CompanyProfile Data Round-Trip[2m > [22m[2mshould return matching data on GET after POST for any valid payload
[22m[39mprisma:query SELECT "public"."company_profiles"."id", "public"."company_profiles"."user_id", "public"."company_profiles"."company_name", "public"."company_profiles"."summary", "public"."company_profiles"."products_services", "public"."company_profiles"."website_url", "public"."company_profiles"."hr_contact_email", "public"."company_profiles"."hr_contact_phone", "public"."company_profiles"."employee_count", "public"."company_profiles"."office_address", "public"."company_profiles"."reference_links", "public"."company_profiles"."team_members", "public"."company_profiles"."created_at", "public"."company_profiles"."updated_at" FROM "public"."company_profiles" WHERE ("public"."company_profiles"."user_id" = $1 AND 1=1) LIMIT $2 OFFSET $3

[90mstdout[2m | tests/company/company-profile.property.test.ts[2m > [22m[2mProperty 8: CompanyProfile Data Round-Trip[2m > [22m[2mshould return matching data on GET after POST for any valid payload
[22m[39mprisma:query INSERT INTO "public"."company_profiles" ("id","user_id","company_name","summary","products_services","website_url","hr_contact_email","hr_contact_phone","employee_count","office_address","reference_links","team_members","created_at","updated_at") VALUES ($1,$2,$3,$4,$5,$6,$7,$8,$9,$10,$11,$12,$13,$14) RETURNING "public"."company_profiles"."id", "public"."company_profiles"."user_id", "public"."company_profiles"."company_name", "public"."company_profiles"."summary", "public"."company_profiles"."products_services", "public"."company_profiles"."website_url", "public"."company_profiles"."hr_contact_email", "public"."company_profiles"."hr_contact_phone", "public"."company_profiles"."employee_count", "public"."company_profiles"."office_address", "public"."company_profiles"."reference_links", "public"."company_profiles"."team_members", "public"."company_profiles"."created_at", "public"."company_profiles"."updated_at"

[90mstdout[2m | tests/company/company-profile.property.test.ts[2m > [22m[2mProperty 8: CompanyProfile Data Round-Trip[2m > [22m[2mshould return matching data on GET after POST for any valid payload
[22m[39mprisma:query SELECT "public"."company_profiles"."id", "public"."company_profiles"."user_id", "public"."company_profiles"."company_name", "public"."company_profiles"."summary", "public"."company_profiles"."products_services", "public"."company_profiles"."website_url", "public"."company_profiles"."hr_contact_email", "public"."company_profiles"."hr_contact_phone", "public"."company_profiles"."employee_count", "public"."company_profiles"."office_address", "public"."company_profiles"."reference_links", "public"."company_profiles"."team_members", "public"."company_profiles"."created_at", "public"."company_profiles"."updated_at" FROM "public"."company_profiles" WHERE ("public"."company_profiles"."user_id" = $1 AND 1=1) LIMIT $2 OFFSET $3

[90mstdout[2m | tests/company/company-profile.property.test.ts[2m > [22m[2mProperty 8: CompanyProfile Data Round-Trip[2m > [22m[2mshould return matching data on GET after POST for any valid payload
[22m[39mprisma:query INSERT INTO "public"."users" ("id","email","password_hash","role","created_at","updated_at") VALUES ($1,$2,$3,CAST($4::text AS "public"."UserRole"),$5,$6) RETURNING "public"."users"."id", "public"."users"."email", "public"."users"."password_hash", "public"."users"."role"::text, "public"."users"."created_at", "public"."users"."updated_at"

[90mstdout[2m | tests/company/company-profile.property.test.ts[2m > [22m[2mProperty 8: CompanyProfile Data Round-Trip[2m > [22m[2mshould return matching data on GET after POST for any valid payload
[22m[39mprisma:query SELECT "public"."company_profiles"."id", "public"."company_profiles"."user_id", "public"."company_profiles"."company_name", "public"."company_profiles"."summary", "public"."company_profiles"."products_services", "public"."company_profiles"."website_url", "public"."company_profiles"."hr_contact_email", "public"."company_profiles"."hr_contact_phone", "public"."company_profiles"."employee_count", "public"."company_profiles"."office_address", "public"."company_profiles"."reference_links", "public"."company_profiles"."team_members", "public"."company_profiles"."created_at", "public"."company_profiles"."updated_at" FROM "public"."company_profiles" WHERE ("public"."company_profiles"."user_id" = $1 AND 1=1) LIMIT $2 OFFSET $3

[90mstdout[2m | tests/company/company-profile.property.test.ts[2m > [22m[2mProperty 8: CompanyProfile Data Round-Trip[2m > [22m[2mshould return matching data on GET after POST for any valid payload
[22m[39mprisma:query INSERT INTO "public"."company_profiles" ("id","user_id","company_name","summary","products_services","website_url","hr_contact_email","hr_contact_phone","employee_count","office_address","reference_links","team_members","created_at","updated_at") VALUES ($1,$2,$3,$4,$5,$6,$7,$8,$9,$10,$11,$12,$13,$14) RETURNING "public"."company_profiles"."id", "public"."company_profiles"."user_id", "public"."company_profiles"."company_name", "public"."company_profiles"."summary", "public"."company_profiles"."products_services", "public"."company_profiles"."website_url", "public"."company_profiles"."hr_contact_email", "public"."company_profiles"."hr_contact_phone", "public"."company_profiles"."employee_count", "public"."company_profiles"."office_address", "public"."company_profiles"."reference_links", "public"."company_profiles"."team_members", "public"."company_profiles"."created_at", "public"."company_profiles"."updated_at"

[90mstdout[2m | tests/company/company-profile.property.test.ts[2m > [22m[2mProperty 8: CompanyProfile Data Round-Trip[2m > [22m[2mshould return matching data on GET after POST for any valid payload
[22m[39mprisma:query SELECT "public"."company_profiles"."id", "public"."company_profiles"."user_id", "public"."company_profiles"."company_name", "public"."company_profiles"."summary", "public"."company_profiles"."products_services", "public"."company_profiles"."website_url", "public"."company_profiles"."hr_contact_email", "public"."company_profiles"."hr_contact_phone", "public"."company_profiles"."employee_count", "public"."company_profiles"."office_address", "public"."company_profiles"."reference_links", "public"."company_profiles"."team_members", "public"."company_profiles"."created_at", "public"."company_profiles"."updated_at" FROM "public"."company_profiles" WHERE ("public"."company_profiles"."user_id" = $1 AND 1=1) LIMIT $2 OFFSET $3

[90mstdout[2m | tests/company/company-profile.property.test.ts[2m > [22m[2mProperty 8: CompanyProfile Data Round-Trip[2m > [22m[2mshould return matching data on GET after POST for any valid payload
[22m[39mprisma:query INSERT INTO "public"."users" ("id","email","password_hash","role","created_at","updated_at") VALUES ($1,$2,$3,CAST($4::text AS "public"."UserRole"),$5,$6) RETURNING "public"."users"."id", "public"."users"."email", "public"."users"."password_hash", "public"."users"."role"::text, "public"."users"."created_at", "public"."users"."updated_at"

[90mstdout[2m | tests/company/company-profile.property.test.ts[2m > [22m[2mProperty 8: CompanyProfile Data Round-Trip[2m > [22m[2mshould return matching data on GET after POST for any valid payload
[22m[39mprisma:query SELECT "public"."company_profiles"."id", "public"."company_profiles"."user_id", "public"."company_profiles"."company_name", "public"."company_profiles"."summary", "public"."company_profiles"."products_services", "public"."company_profiles"."website_url", "public"."company_profiles"."hr_contact_email", "public"."company_profiles"."hr_contact_phone", "public"."company_profiles"."employee_count", "public"."company_profiles"."office_address", "public"."company_profiles"."reference_links", "public"."company_profiles"."team_members", "public"."company_profiles"."created_at", "public"."company_profiles"."updated_at" FROM "public"."company_profiles" WHERE ("public"."company_profiles"."user_id" = $1 AND 1=1) LIMIT $2 OFFSET $3

[90mstdout[2m | tests/company/company-profile.property.test.ts[2m > [22m[2mProperty 8: CompanyProfile Data Round-Trip[2m > [22m[2mshould return matching data on GET after POST for any valid payload
[22m[39mprisma:query INSERT INTO "public"."company_profiles" ("id","user_id","company_name","summary","products_services","website_url","hr_contact_email","hr_contact_phone","employee_count","office_address","reference_links","team_members","created_at","updated_at") VALUES ($1,$2,$3,$4,$5,$6,$7,$8,$9,$10,$11,$12,$13,$14) RETURNING "public"."company_profiles"."id", "public"."company_profiles"."user_id", "public"."company_profiles"."company_name", "public"."company_profiles"."summary", "public"."company_profiles"."products_services", "public"."company_profiles"."website_url", "public"."company_profiles"."hr_contact_email", "public"."company_profiles"."hr_contact_phone", "public"."company_profiles"."employee_count", "public"."company_profiles"."office_address", "public"."company_profiles"."reference_links", "public"."company_profiles"."team_members", "public"."company_profiles"."created_at", "public"."company_profiles"."updated_at"

[90mstdout[2m | tests/company/company-profile.property.test.ts[2m > [22m[2mProperty 8: CompanyProfile Data Round-Trip[2m > [22m[2mshould return matching data on GET after POST for any valid payload
[22m[39mprisma:query SELECT "public"."company_profiles"."id", "public"."company_profiles"."user_id", "public"."company_profiles"."company_name", "public"."company_profiles"."summary", "public"."company_profiles"."products_services", "public"."company_profiles"."website_url", "public"."company_profiles"."hr_contact_email", "public"."company_profiles"."hr_contact_phone", "public"."company_profiles"."employee_count", "public"."company_profiles"."office_address", "public"."company_profiles"."reference_links", "public"."company_profiles"."team_members", "public"."company_profiles"."created_at", "public"."company_profiles"."updated_at" FROM "public"."company_profiles" WHERE ("public"."company_profiles"."user_id" = $1 AND 1=1) LIMIT $2 OFFSET $3

[90mstdout[2m | tests/company/company-profile.property.test.ts[2m > [22m[2mProperty 8: CompanyProfile Data Round-Trip[2m > [22m[2mshould return matching data on GET after POST for any valid payload
[22m[39mprisma:query INSERT INTO "public"."users" ("id","email","password_hash","role","created_at","updated_at") VALUES ($1,$2,$3,CAST($4::text AS "public"."UserRole"),$5,$6) RETURNING "public"."users"."id", "public"."users"."email", "public"."users"."password_hash", "public"."users"."role"::text, "public"."users"."created_at", "public"."users"."updated_at"

[90mstdout[2m | tests/company/company-profile.property.test.ts[2m > [22m[2mProperty 8: CompanyProfile Data Round-Trip[2m > [22m[2mshould return matching data on GET after POST for any valid payload
[22m[39mprisma:query SELECT "public"."company_profiles"."id", "public"."company_profiles"."user_id", "public"."company_profiles"."company_name", "public"."company_profiles"."summary", "public"."company_profiles"."products_services", "public"."company_profiles"."website_url", "public"."company_profiles"."hr_contact_email", "public"."company_profiles"."hr_contact_phone", "public"."company_profiles"."employee_count", "public"."company_profiles"."office_address", "public"."company_profiles"."reference_links", "public"."company_profiles"."team_members", "public"."company_profiles"."created_at", "public"."company_profiles"."updated_at" FROM "public"."company_profiles" WHERE ("public"."company_profiles"."user_id" = $1 AND 1=1) LIMIT $2 OFFSET $3

[90mstderr[2m | tests/company/company-profile.property.test.ts[2m > [22m[2mProperty 8: CompanyProfile Data Round-Trip[2m > [22m[2mshould return matching 
data on GET after POST for any valid payload
[22m[39m[POST /api/company/profile] PrismaClientKnownRequestError: 
Invalid `prisma.companyProfile.create()` invocation in
C:\Users\Admin\Documents\SchoolStuff\Ky8\EXE201\ProjectEXE\PortfolioTutTat\app\api\company\profile\route.ts:51:49

  48 const data = parsed.data
  49 
  50 // Create the company profile
ΓåÆ 51 const profile = await prisma.companyProfile.create(
Foreign key constraint violated on the constraint: `company_profiles_user_id_fkey`
    at Zn.handleRequestError 
[90m(C:\Users\Admin\Documents\SchoolStuff\Ky8\EXE201\ProjectEXE\PortfolioTutTat\[39mnode_modules\[4m@prisma\client[24m\runtime\library.js:121:7459[90m)[39m
    at Zn.handleAndLogRequestError 
[90m(C:\Users\Admin\Documents\SchoolStuff\Ky8\EXE201\ProjectEXE\PortfolioTutTat\[39mnode_modules\[4m@prisma\client[24m\runtime\library.js:121:6784[90m)[39m
    at Zn.request 
[90m(C:\Users\Admin\Documents\SchoolStuff\Ky8\EXE201\ProjectEXE\PortfolioTutTat\[39mnode_modules\[4m@prisma\client[24m\runtime\library.js:121:6491[90m)[39m
    at l 
[90m(C:\Users\Admin\Documents\SchoolStuff\Ky8\EXE201\ProjectEXE\PortfolioTutTat\[39mnode_modules\[4m@prisma\client[24m\runtime\library.js:130:9778[90m)[39m
    at Module.POST [90m(C:\Users\Admin\Documents\SchoolStuff\Ky8\EXE201\ProjectEXE\PortfolioTutTat\[39mapp\api\company\profile\route.ts:51:21[90m)[39m
    at [90mC:\Users\Admin\Documents\SchoolStuff\Ky8\EXE201\ProjectEXE\PortfolioTutTat\[39mtests\company\company-profile.property.test.ts:235:27
    at AsyncProperty.run [90m(file:///C:/Users/Admin/Documents/SchoolStuff/Ky8/EXE201/ProjectEXE/PortfolioTutTat/[39mnode_modules/[4mfast-check[24m/lib/esm/che
ck/property/AsyncProperty.generic.js:46:28[90m)[39m
    at asyncRunIt [90m(file:///C:/Users/Admin/Documents/SchoolStuff/Ky8/EXE201/ProjectEXE/PortfolioTutTat/[39mnode_modules/[4mfast-check[24m/lib/esm/check/runn
er/Runner.js:33:21[90m)[39m
    at __vite_ssr_import_0__.it.timeout 
[90m(C:\Users\Admin\Documents\SchoolStuff\Ky8\EXE201\ProjectEXE\PortfolioTutTat\[39mtests\company\company-profile.property.test.ts:225:7[90m)[39m
    at [90mfile:///C:/Users/Admin/Documents/SchoolStuff/Ky8/EXE201/ProjectEXE/PortfolioTutTat/[39mnode_modules/[4m@vitest/runner[24m/dist/index.js:533:5 {
  code: [32m'P2003'[39m,
  meta: {
    modelName: [32m'CompanyProfile'[39m,
    constraint: [32m'company_profiles_user_id_fkey'[39m
  },
  clientVersion: [32m'6.9.0'[39m
}

[90mstdout[2m | tests/company/company-profile.property.test.ts[2m > [22m[2mProperty 8: CompanyProfile Data Round-Trip[2m > [22m[2mshould return matching data on GET after POST for any valid payload
[22m[39mprisma:query INSERT INTO "public"."company_profiles" ("id","user_id","company_name","summary","products_services","website_url","hr_contact_email","hr_contact_phone","employee_count","office_address","reference_links","team_members","created_at","updated_at") VALUES ($1,$2,$3,$4,$5,$6,$7,$8,$9,$10,$11,$12,$13,$14) RETURNING "public"."company_profiles"."id", "public"."company_profiles"."user_id", "public"."company_profiles"."company_name", "public"."company_profiles"."summary", "public"."company_profiles"."products_services", "public"."company_profiles"."website_url", "public"."company_profiles"."hr_contact_email", "public"."company_profiles"."hr_contact_phone", "public"."company_profiles"."employee_count", "public"."company_profiles"."office_address", "public"."company_profiles"."reference_links", "public"."company_profiles"."team_members", "public"."company_profiles"."created_at", "public"."company_profiles"."updated_at"
prisma:error 
Invalid `prisma.companyProfile.create()` invocation in
C:\Users\Admin\Documents\SchoolStuff\Ky8\EXE201\ProjectEXE\PortfolioTutTat\app\api\company\profile\route.ts:51:49

  48 const data = parsed.data
  49 
  50 // Create the company profile
ΓåÆ 51 const profile = await prisma.companyProfile.create(
Foreign key constraint violated on the constraint: `company_profiles_user_id_fkey`

 [31mΓ¥»[39m tests/company/company-profile.property.test.ts [2m([22m[2m4 tests[22m[2m | [22m[31m2 failed[39m[2m)[22m[33m 33298[2mms[22m[39m
[31m   [31m├ù[31m Property 5: URL Format Validation (https:// prefix) ΓÇö CompanyProfile websiteUrl[2m > [22mshould reject websiteUrl that does not start with https://[33m 9396[2mms[22m[31m[39m
[31m     ΓåÆ 
Invalid `prisma.user.deleteMany()` invocation in
C:\Users\Admin\Documents\SchoolStuff\Ky8\EXE201\ProjectEXE\PortfolioTutTat\tests\setup.ts:81:23

  78 await prisma.buddyProfile.deleteMany()
  79 await prisma.companyProfile.deleteMany()
  80 await prisma.profile.deleteMany()
ΓåÆ 81 await prisma.user.deleteMany(
Error occurred during query execution:
ConnectorError(ConnectorError { user_facing_error: None, kind: QueryError(PostgresError { code: "23001", message: "update or delete on table \"users\" violates RESTRICT setting of foreign key constraint \"jobs_company_id_fkey\" on table \"jobs\"", severity: "ERROR", detail: Some("Key (id)=(8b7c015c-7ab0-419c-a7bf-9870772d4b52) is referenced from table \"jobs\"."), column: None, hint: None }), transient: false })[39m
   [33m[2mΓ£ô[22m[39m Property 5: URL Format Validation (https:// prefix) ΓÇö CompanyProfile websiteUrl[2m > [22mshould accept websiteUrl that starts with https:// [33m3857[2mms[22m[39m
   [33m[2mΓ£ô[22m[39m Property 5: URL Format Validation (https:// prefix) ΓÇö CompanyProfile websiteUrl[2m > [22mshould accept empty string or undefined websiteUrl [33m4172[2mms[22m[39m
[31m   [31m├ù[31m Property 8: CompanyProfile Data Round-Trip[2m > [22mshould return matching data on GET after POST for any valid payload[33m 15855[2mms[22m[31m[39m
[31m     ΓåÆ Property failed after 10 tests
{ seed: 1203286432, path: "9", endOnFailure: true }
Counterexample: [{"companyName":"=qp6m@LcE3!1","summary":undefined,"productsServices":undefined,"websiteUrl":undefined,"hrContactEmail":undefined,"hrContactPhone":undefined,"teamMembers":[],"employeeCount":"51-200","officeAddress":undefined,"referenceLinks":[]}]
Shrunk 0 time(s)
Got AssertionError: expected 500 to be 201 // Object.is equality
    at C:\Users\Admin\Documents\SchoolStuff\Ky8\EXE201\ProjectEXE\PortfolioTutTat\tests\company\company-profile.property.test.ts:239:34
    at AsyncProperty.run (file:///C:/Users/Admin/Documents/SchoolStuff/Ky8/EXE201/ProjectEXE/PortfolioTutTat/node_modules/fast-check/lib/esm/check/property/AsyncProperty.generic.js:46:28)
    at asyncRunIt (file:///C:/Users/Admin/Documents/SchoolStuff/Ky8/EXE201/ProjectEXE/PortfolioTutTat/node_modules/fast-check/lib/esm/check/runner/Runner.js:33:21)
    at it.timeout (C:\Users\Admin\Documents\SchoolStuff\Ky8\EXE201\ProjectEXE\PortfolioTutTat\tests\company\company-profile.property.test.ts:225:7)
    at file:///C:/Users/Admin/Documents/SchoolStuff/Ky8/EXE201/ProjectEXE/PortfolioTutTat/node_modules/@vitest/runner/dist/index.js:533:5
    at runTest (file:///C:/Users/Admin/Documents/SchoolStuff/Ky8/EXE201/ProjectEXE/PortfolioTutTat/node_modules/@vitest/runner/dist/index.js:1056:11)
    at runSuite (file:///C:/Users/Admin/Documents/SchoolStuff/Ky8/EXE201/ProjectEXE/PortfolioTutTat/node_modules/@vitest/runner/dist/index.js:1205:15)
    at runSuite (file:///C:/Users/Admin/Documents/SchoolStuff/Ky8/EXE201/ProjectEXE/PortfolioTutTat/node_modules/@vitest/runner/dist/index.js:1205:15)
    at runFiles (file:///C:/Users/Admin/Documents/SchoolStuff/Ky8/EXE201/ProjectEXE/PortfolioTutTat/node_modules/@vitest/runner/dist/index.js:1262:5)
    at startTests (file:///C:/Users/Admin/Documents/SchoolStuff/Ky8/EXE201/ProjectEXE/PortfolioTutTat/node_modules/@vitest/runner/dist/index.js:1271:3)

Hint: Enable verbose mode in order to have the list of all failing values encountered during the run[39m
[90mstdout[2m | tests/company/application-status.property.test.ts[2m > [22m[2mProperty 22: Application Status State Machine[2m > [22m[2mshould allow all valid transitions (submittedΓåÆunder_review, under_reviewΓåÆaccepted, under_reviewΓåÆrejected)
[22m[39mprisma:query SELECT "public"."applications"."id", "public"."applications"."job_id", "public"."applications"."mentee_id", "public"."applications"."portfolio_ids", "public"."applications"."status"::text, "public"."applications"."created_at", "public"."applications"."updated_at" FROM "public"."applications" WHERE ("public"."applications"."id" = $1 AND 1=1) LIMIT $2 OFFSET $3

[90mstdout[2m | tests/company/application-status.property.test.ts[2m > [22m[2mProperty 22: Application Status State Machine[2m > [22m[2mshould reject all invalid transitions with 422 and INVALID_STATE_TRANSITION error
[22m[39mprisma:query SELECT "public"."applications"."id", "public"."applications"."job_id", "public"."applications"."mentee_id", "public"."applications"."portfolio_ids", "public"."applications"."status"::text, "public"."applications"."created_at", "public"."applications"."updated_at" FROM "public"."applications" WHERE ("public"."applications"."id" = $1 AND 1=1) LIMIT $2 OFFSET $3

[90mstdout[2m | tests/company/application-status.property.test.ts[2m > [22m[2mProperty 22: Application Status State Machine[2m > [22m[2mshould reject transition to "submitted" as it is not a valid target status (schema validation)
[22m[39mprisma:query SELECT "public"."applications"."id", "public"."applications"."job_id", "public"."applications"."mentee_id", "public"."applications"."portfolio_ids", "public"."applications"."status"::text, "public"."applications"."created_at", "public"."applications"."updated_at" FROM "public"."applications" WHERE ("public"."applications"."id" = $1 AND 1=1) LIMIT $2 OFFSET $3

[90mstdout[2m | tests/company/application-status.property.test.ts[2m > [22m[2mProperty 22: Application Status State Machine[2m > [22m[2mshould reject transition to "submitted" as it is not a valid target status (schema validation)
[22m[39mprisma:query SELECT "public"."jobs"."id", "public"."jobs"."title", "public"."jobs"."company_id" FROM "public"."jobs" WHERE "public"."jobs"."id" IN ($1) OFFSET $2

[90mstdout[2m | tests/company/application-status.property.test.ts[2m > [22m[2mProperty 22: Application Status State Machine[2m > [22m[2mshould reject transition to "submitted" as it is not a valid target status (schema validation)
[22m[39mprisma:query SELECT "public"."profiles"."id", "public"."profiles"."user_id", "public"."profiles"."full_name" FROM "public"."profiles" WHERE "public"."profiles"."id" IN ($1) OFFSET $2

[90mstdout[2m | tests/company/application-status.property.test.ts[2m > [22m[2mProperty 22: Application Status State Machine[2m > [22m[2mshould reject transition to "submitted" as it is not a valid target status (schema validation)
[22m[39mprisma:query SELECT 1

[90mstdout[2m | tests/company/application-status.property.test.ts[2m > [22m[2mProperty 22: Application Status State Machine[2m > [22m[2mshould reject transition to "submitted" as it is not a valid target status (schema validation)
[22m[39mprisma:query SELECT "public"."applications"."id", "public"."applications"."job_id", "public"."applications"."mentee_id", "public"."applications"."portfolio_ids", "public"."applications"."status"::text, "public"."applications"."created_at", "public"."applications"."updated_at" FROM "public"."applications" WHERE ("public"."applications"."id" = $1 AND 1=1) LIMIT $2 OFFSET $3

[90mstdout[2m | tests/company/application-status.property.test.ts[2m > [22m[2mProperty 22: Application Status State Machine[2m > [22m[2mshould reject transition to "submitted" as it is not a valid target status (schema validation)
[22m[39mprisma:query SELECT "public"."jobs"."id", "public"."jobs"."title", "public"."jobs"."company_id" FROM "public"."jobs" WHERE "public"."jobs"."id" IN ($1) OFFSET $2

[90mstdout[2m | tests/company/application-status.property.test.ts[2m > [22m[2mProperty 22: Application Status State Machine[2m > [22m[2mshould reject transition to "submitted" as it is not a valid target status (schema validation)
[22m[39mprisma:query SELECT "public"."profiles"."id", "public"."profiles"."user_id", "public"."profiles"."full_name" FROM "public"."profiles" WHERE "public"."profiles"."id" IN ($1) OFFSET $2

[90mstdout[2m | tests/company/application-status.property.test.ts[2m > [22m[2mProperty 22: Application Status State Machine[2m > [22m[2mshould reject transition to "submitted" as it is not a valid target status (schema validation)
[22m[39mprisma:query SELECT "public"."applications"."id", "public"."applications"."job_id", "public"."applications"."mentee_id", "public"."applications"."portfolio_ids", "public"."applications"."status"::text, "public"."applications"."created_at", "public"."applications"."updated_at" FROM "public"."applications" WHERE ("public"."applications"."id" = $1 AND 1=1) LIMIT $2 OFFSET $3

[90mstdout[2m | tests/company/application-status.property.test.ts[2m > [22m[2mProperty 22: Application Status State Machine[2m > [22m[2mshould reject transition to "submitted" as it is not a valid target status (schema validation)
[22m[39mprisma:query SELECT "public"."jobs"."id", "public"."jobs"."title", "public"."jobs"."company_id" FROM "public"."jobs" WHERE "public"."jobs"."id" IN ($1) OFFSET $2

[90mstdout[2m | tests/company/application-status.property.test.ts[2m > [22m[2mProperty 22: Application Status State Machine[2m > [22m[2mshould reject transition to "submitted" as it is not a valid target status (schema validation)
[22m[39mprisma:query SELECT "public"."profiles"."id", "public"."profiles"."user_id", "public"."profiles"."full_name" FROM "public"."profiles" WHERE "public"."profiles"."id" IN ($1) OFFSET $2

[90mstdout[2m | tests/company/application-status.property.test.ts[2m > [22m[2mProperty 22: Application Status State Machine[2m > [22m[2mshould reject arbitrary invalid status strings (not in enum)
[22m[39mprisma:query SELECT "public"."applications"."id", "public"."applications"."job_id", "public"."applications"."mentee_id", "public"."applications"."portfolio_ids", "public"."applications"."status"::text, "public"."applications"."created_at", "public"."applications"."updated_at" FROM "public"."applications" WHERE ("public"."applications"."id" = $1 AND 1=1) LIMIT $2 OFFSET $3

[90mstdout[2m | tests/company/application-status.property.test.ts[2m > [22m[2mProperty 22: Application Status State Machine[2m > [22m[2mshould reject arbitrary invalid status strings (not in enum)
[22m[39mprisma:query SELECT "public"."jobs"."id", "public"."jobs"."title", "public"."jobs"."company_id" FROM "public"."jobs" WHERE "public"."jobs"."id" IN ($1) OFFSET $2

[90mstdout[2m | tests/company/application-status.property.test.ts[2m > [22m[2mProperty 22: Application Status State Machine[2m > [22m[2mshould reject arbitrary invalid status strings (not in enum)
[22m[39mprisma:query SELECT "public"."profiles"."id", "public"."profiles"."user_id", "public"."profiles"."full_name" FROM "public"."profiles" WHERE "public"."profiles"."id" IN ($1) OFFSET $2

[90mstdout[2m | tests/company/application-status.property.test.ts[2m > [22m[2mProperty 22: Application Status State Machine[2m > [22m[2mshould reject arbitrary invalid status strings (not in enum)
[22m[39mprisma:query SELECT "public"."applications"."id", "public"."applications"."job_id", "public"."applications"."mentee_id", "public"."applications"."portfolio_ids", "public"."applications"."status"::text, "public"."applications"."created_at", "public"."applications"."updated_at" FROM "public"."applications" WHERE ("public"."applications"."id" = $1 AND 1=1) LIMIT $2 OFFSET $3

[90mstdout[2m | tests/company/application-status.property.test.ts[2m > [22m[2mProperty 22: Application Status State Machine[2m > [22m[2mshould reject arbitrary invalid status strings (not in enum)
[22m[39mprisma:query SELECT "public"."jobs"."id", "public"."jobs"."title", "public"."jobs"."company_id" FROM "public"."jobs" WHERE "public"."jobs"."id" IN ($1) OFFSET $2

[90mstdout[2m | tests/company/application-status.property.test.ts[2m > [22m[2mProperty 22: Application Status State Machine[2m > [22m[2mshould reject arbitrary invalid status strings (not in enum)
[22m[39mprisma:query SELECT "public"."profiles"."id", "public"."profiles"."user_id", "public"."profiles"."full_name" FROM "public"."profiles" WHERE "public"."profiles"."id" IN ($1) OFFSET $2

[90mstdout[2m | tests/company/application-status.property.test.ts[2m > [22m[2mProperty 22: Application Status State Machine[2m > [22m[2mshould reject arbitrary invalid status strings (not in enum)
[22m[39mprisma:query SELECT "public"."applications"."id", "public"."applications"."job_id", "public"."applications"."mentee_id", "public"."applications"."portfolio_ids", "public"."applications"."status"::text, "public"."applications"."created_at", "public"."applications"."updated_at" FROM "public"."applications" WHERE ("public"."applications"."id" = $1 AND 1=1) LIMIT $2 OFFSET $3

[90mstdout[2m | tests/company/application-status.property.test.ts[2m > [22m[2mProperty 22: Application Status State Machine[2m > [22m[2mshould reject arbitrary invalid status strings (not in enum)
[22m[39mprisma:query SELECT "public"."jobs"."id", "public"."jobs"."title", "public"."jobs"."company_id" FROM "public"."jobs" WHERE "public"."jobs"."id" IN ($1) OFFSET $2

[90mstdout[2m | tests/company/application-status.property.test.ts[2m > [22m[2mProperty 22: Application Status State Machine[2m > [22m[2mshould reject arbitrary invalid status strings (not in enum)
[22m[39mprisma:query SELECT "public"."profiles"."id", "public"."profiles"."user_id", "public"."profiles"."full_name" FROM "public"."profiles" WHERE "public"."profiles"."id" IN ($1) OFFSET $2

[90mstdout[2m | tests/company/application-status.property.test.ts[2m > [22m[2mProperty 22: Application Status State Machine[2m > [22m[2mshould reject arbitrary invalid status strings (not in enum)
[22m[39mprisma:query SELECT 1

[90mstdout[2m | tests/company/application-status.property.test.ts[2m > [22m[2mProperty 22: Application Status State Machine[2m > [22m[2mshould reject arbitrary invalid status strings (not in enum)
[22m[39mprisma:query SELECT "public"."applications"."id", "public"."applications"."job_id", "public"."applications"."mentee_id", "public"."applications"."portfolio_ids", "public"."applications"."status"::text, "public"."applications"."created_at", "public"."applications"."updated_at" FROM "public"."applications" WHERE ("public"."applications"."id" = $1 AND 1=1) LIMIT $2 OFFSET $3

[90mstdout[2m | tests/company/application-status.property.test.ts[2m > [22m[2mProperty 22: Application Status State Machine[2m > [22m[2mshould reject arbitrary invalid status strings (not in enum)
[22m[39mprisma:query SELECT "public"."jobs"."id", "public"."jobs"."title", "public"."jobs"."company_id" FROM "public"."jobs" WHERE "public"."jobs"."id" IN ($1) OFFSET $2

[90mstderr[2m | tests/company/application-status.property.test.ts[2m > [22m[2mProperty 22: Application Status State Machine[2m > [22m[2mshould reject 
arbitrary invalid status strings (not in enum)
[22m[39m[PATCH /api/company/applications/:id/status] PrismaClientUnknownRequestError: 
Invalid `prisma.application.findUnique()` invocation in
C:\Users\Admin\Documents\SchoolStuff\Ky8\EXE201\ProjectEXE\PortfolioTutTat\app\api\company\applications\[id]\status\route.ts:40:50

  37 const { userId } = authResult
  38 
  39 // Find the application with its related job and mentee
ΓåÆ 40 const application = await prisma.application.findUnique(
Inconsistent query result: Field job is required to return data, got `null` instead.
    at Zn.handleRequestError 
[90m(C:\Users\Admin\Documents\SchoolStuff\Ky8\EXE201\ProjectEXE\PortfolioTutTat\[39mnode_modules\[4m@prisma\client[24m\runtime\library.js:121:7649[90m)[39m
    at Zn.handleAndLogRequestError 
[90m(C:\Users\Admin\Documents\SchoolStuff\Ky8\EXE201\ProjectEXE\PortfolioTutTat\[39mnode_modules\[4m@prisma\client[24m\runtime\library.js:121:6784[90m)[39m
    at Zn.request 
[90m(C:\Users\Admin\Documents\SchoolStuff\Ky8\EXE201\ProjectEXE\PortfolioTutTat\[39mnode_modules\[4m@prisma\client[24m\runtime\library.js:121:6491[90m)[39m
    at l 
[90m(C:\Users\Admin\Documents\SchoolStuff\Ky8\EXE201\ProjectEXE\PortfolioTutTat\[39mnode_modules\[4m@prisma\client[24m\runtime\library.js:130:9778[90m)[39m
    at Module.PATCH 
[90m(C:\Users\Admin\Documents\SchoolStuff\Ky8\EXE201\ProjectEXE\PortfolioTutTat\[39mapp\api\company\applications\[id]\status\route.ts:40:25[90m)[39m
    at [90mC:\Users\Admin\Documents\SchoolStuff\Ky8\EXE201\ProjectEXE\PortfolioTutTat\[39mtests\company\application-status.property.test.ts:282:25
    at AsyncProperty.run [90m(file:///C:/Users/Admin/Documents/SchoolStuff/Ky8/EXE201/ProjectEXE/PortfolioTutTat/[39mnode_modules/[4mfast-check[24m/lib/esm/che
ck/property/AsyncProperty.generic.js:46:28[90m)[39m
    at asyncRunIt [90m(file:///C:/Users/Admin/Documents/SchoolStuff/Ky8/EXE201/ProjectEXE/PortfolioTutTat/[39mnode_modules/[4mfast-check[24m/lib/esm/check/runn
er/Runner.js:33:21[90m)[39m
    at __vite_ssr_import_0__.it.timeout 
[90m(C:\Users\Admin\Documents\SchoolStuff\Ky8\EXE201\ProjectEXE\PortfolioTutTat\[39mtests\company\application-status.property.test.ts:274:7[90m)[39m
    at [90mfile:///C:/Users/Admin/Documents/SchoolStuff/Ky8/EXE201/ProjectEXE/PortfolioTutTat/[39mnode_modules/[4m@vitest/runner[24m/dist/index.js:533:5 {
  clientVersion: [32m'6.9.0'[39m
}

[90mstdout[2m | tests/company/application-status.property.test.ts[2m > [22m[2mProperty 22: Application Status State Machine[2m > [22m[2mshould reject arbitrary invalid status strings (not in enum)
[22m[39mprisma:query SELECT "public"."profiles"."id", "public"."profiles"."user_id", "public"."profiles"."full_name" FROM "public"."profiles" WHERE "public"."profiles"."id" IN ($1) OFFSET $2
prisma:error 
Invalid `prisma.application.findUnique()` invocation in
C:\Users\Admin\Documents\SchoolStuff\Ky8\EXE201\ProjectEXE\PortfolioTutTat\app\api\company\applications\[id]\status\route.ts:40:50

  37 const { userId } = authResult
  38 
  39 // Find the application with its related job and mentee
ΓåÆ 40 const application = await prisma.application.findUnique(
Inconsistent query result: Field job is required to return data, got `null` instead.

 [31mΓ¥»[39m tests/company/application-status.property.test.ts [2m([22m[2m4 tests[22m[2m | [22m[31m4 failed[39m[2m)[22m[33m 47646[2mms[22m[39m
[31m   [31m├ù[31m Property 22: Application Status State Machine[2m > [22mshould allow all valid transitions (submittedΓåÆunder_review, under_reviewΓåÆaccepted, under_reviewΓåÆrejected)[33m 14230[2mms[22m[31m[39m
[31m     ΓåÆ Property failed after 1 tests
{ seed: -334514076, path: "0", endOnFailure: true }
Counterexample: [["under_review","rejected"]]
Shrunk 0 time(s)
Got AssertionError: expected 404 to be 200 // Object.is equality
    at C:\Users\Admin\Documents\SchoolStuff\Ky8\EXE201\ProjectEXE\PortfolioTutTat\tests\company\application-status.property.test.ts:162:32
    at AsyncProperty.run (file:///C:/Users/Admin/Documents/SchoolStuff/Ky8/EXE201/ProjectEXE/PortfolioTutTat/node_modules/fast-check/lib/esm/check/property/AsyncProperty.generic.js:46:28)
    at asyncRunIt (file:///C:/Users/Admin/Documents/SchoolStuff/Ky8/EXE201/ProjectEXE/PortfolioTutTat/node_modules/fast-check/lib/esm/check/runner/Runner.js:33:21)
    at it.timeout (C:\Users\Admin\Documents\SchoolStuff\Ky8\EXE201\ProjectEXE\PortfolioTutTat\tests\company\application-status.property.test.ts:149:7)
    at file:///C:/Users/Admin/Documents/SchoolStuff/Ky8/EXE201/ProjectEXE/PortfolioTutTat/node_modules/@vitest/runner/dist/index.js:533:5
    at runTest (file:///C:/Users/Admin/Documents/SchoolStuff/Ky8/EXE201/ProjectEXE/PortfolioTutTat/node_modules/@vitest/runner/dist/index.js:1056:11)
    at runSuite (file:///C:/Users/Admin/Documents/SchoolStuff/Ky8/EXE201/ProjectEXE/PortfolioTutTat/node_modules/@vitest/runner/dist/index.js:1205:15)
    at runSuite (file:///C:/Users/Admin/Documents/SchoolStuff/Ky8/EXE201/ProjectEXE/PortfolioTutTat/node_modules/@vitest/runner/dist/index.js:1205:15)
    at runFiles (file:///C:/Users/Admin/Documents/SchoolStuff/Ky8/EXE201/ProjectEXE/PortfolioTutTat/node_modules/@vitest/runner/dist/index.js:1262:5)
    at startTests (file:///C:/Users/Admin/Documents/SchoolStuff/Ky8/EXE201/ProjectEXE/PortfolioTutTat/node_modules/@vitest/runner/dist/index.js:1271:3)

Hint: Enable verbose mode in order to have the list of all failing values encountered during the run[39m
[31m   [31m├ù[31m Property 22: Application Status State Machine[2m > [22mshould reject all invalid transitions with 422 and INVALID_STATE_TRANSITION error[33m 6002[2mms[22m[31m[39m
[31m     ΓåÆ Property failed after 1 tests
{ seed: 13426399, path: "0", endOnFailure: true }
Counterexample: [["rejected","under_review"]]
Shrunk 0 time(s)
Got AssertionError: expected 404 to be 422 // Object.is equality
    at C:\Users\Admin\Documents\SchoolStuff\Ky8\EXE201\ProjectEXE\PortfolioTutTat\tests\company\application-status.property.test.ts:204:32
    at AsyncProperty.run (file:///C:/Users/Admin/Documents/SchoolStuff/Ky8/EXE201/ProjectEXE/PortfolioTutTat/node_modules/fast-check/lib/esm/check/property/AsyncProperty.generic.js:46:28)
    at asyncRunIt (file:///C:/Users/Admin/Documents/SchoolStuff/Ky8/EXE201/ProjectEXE/PortfolioTutTat/node_modules/fast-check/lib/esm/check/runner/Runner.js:33:21)
    at it.timeout (C:\Users\Admin\Documents\SchoolStuff\Ky8\EXE201\ProjectEXE\PortfolioTutTat\tests\company\application-status.property.test.ts:182:7)
    at file:///C:/Users/Admin/Documents/SchoolStuff/Ky8/EXE201/ProjectEXE/PortfolioTutTat/node_modules/@vitest/runner/dist/index.js:533:5
    at runTest (file:///C:/Users/Admin/Documents/SchoolStuff/Ky8/EXE201/ProjectEXE/PortfolioTutTat/node_modules/@vitest/runner/dist/index.js:1056:11)
    at runSuite (file:///C:/Users/Admin/Documents/SchoolStuff/Ky8/EXE201/ProjectEXE/PortfolioTutTat/node_modules/@vitest/runner/dist/index.js:1205:15)
    at runSuite (file:///C:/Users/Admin/Documents/SchoolStuff/Ky8/EXE201/ProjectEXE/PortfolioTutTat/node_modules/@vitest/runner/dist/index.js:1205:15)
    at runFiles (file:///C:/Users/Admin/Documents/SchoolStuff/Ky8/EXE201/ProjectEXE/PortfolioTutTat/node_modules/@vitest/runner/dist/index.js:1262:5)
    at startTests (file:///C:/Users/Admin/Documents/SchoolStuff/Ky8/EXE201/ProjectEXE/PortfolioTutTat/node_modules/@vitest/runner/dist/index.js:1271:3)

Hint: Enable verbose mode in order to have the list of all failing values encountered during the run[39m
[31m   [31m├ù[31m Property 22: Application Status State Machine[2m > [22mshould reject transition to "submitted" as it is not a valid target status (schema validation)[33m 12971[2mms[22m[31m[39m
[31m     ΓåÆ Property failed after 3 tests
{ seed: 1979815387, path: "2", endOnFailure: true }
Counterexample: ["submitted"]
Shrunk 0 time(s)
Got AssertionError: expected undefined to be 'submitted' // Object.is equality
    at C:\Users\Admin\Documents\SchoolStuff\Ky8\EXE201\ProjectEXE\PortfolioTutTat\tests\company\application-status.property.test.ts:258:35
    at AsyncProperty.run (file:///C:/Users/Admin/Documents/SchoolStuff/Ky8/EXE201/ProjectEXE/PortfolioTutTat/node_modules/fast-check/lib/esm/check/property/AsyncProperty.generic.js:46:28)
    at asyncRunIt (file:///C:/Users/Admin/Documents/SchoolStuff/Ky8/EXE201/ProjectEXE/PortfolioTutTat/node_modules/fast-check/lib/esm/check/runner/Runner.js:33:21)
    at it.timeout (C:\Users\Admin\Documents\SchoolStuff\Ky8\EXE201\ProjectEXE\PortfolioTutTat\tests\company\application-status.property.test.ts:236:7)
    at file:///C:/Users/Admin/Documents/SchoolStuff/Ky8/EXE201/ProjectEXE/PortfolioTutTat/node_modules/@vitest/runner/dist/index.js:533:5
    at runTest (file:///C:/Users/Admin/Documents/SchoolStuff/Ky8/EXE201/ProjectEXE/PortfolioTutTat/node_modules/@vitest/runner/dist/index.js:1056:11)
    at runSuite (file:///C:/Users/Admin/Documents/SchoolStuff/Ky8/EXE201/ProjectEXE/PortfolioTutTat/node_modules/@vitest/runner/dist/index.js:1205:15)
    at runSuite (file:///C:/Users/Admin/Documents/SchoolStuff/Ky8/EXE201/ProjectEXE/PortfolioTutTat/node_modules/@vitest/runner/dist/index.js:1205:15)
    at runFiles (file:///C:/Users/Admin/Documents/SchoolStuff/Ky8/EXE201/ProjectEXE/PortfolioTutTat/node_modules/@vitest/runner/dist/index.js:1262:5)
    at startTests (file:///C:/Users/Admin/Documents/SchoolStuff/Ky8/EXE201/ProjectEXE/PortfolioTutTat/node_modules/@vitest/runner/dist/index.js:1271:3)

Hint: Enable verbose mode in order to have the list of all failing values encountered during the run[39m
[31m   [31m├ù[31m Property 22: Application Status State Machine[2m > [22mshould reject arbitrary invalid status strings (not in enum)[33m 14421[2mms[22m[31m[39m
[31m     ΓåÆ Property failed after 4 tests
{ seed: -1849670118, path: "3", endOnFailure: true }
Counterexample: ["under_review","9Y"]
Shrunk 0 time(s)
Got AssertionError: expected 500 to be 400 // Object.is equality
    at C:\Users\Admin\Documents\SchoolStuff\Ky8\EXE201\ProjectEXE\PortfolioTutTat\tests\company\application-status.property.test.ts:288:32
    at AsyncProperty.run (file:///C:/Users/Admin/Documents/SchoolStuff/Ky8/EXE201/ProjectEXE/PortfolioTutTat/node_modules/fast-check/lib/esm/check/property/AsyncProperty.generic.js:46:28)
    at asyncRunIt (file:///C:/Users/Admin/Documents/SchoolStuff/Ky8/EXE201/ProjectEXE/PortfolioTutTat/node_modules/fast-check/lib/esm/check/runner/Runner.js:33:21)
    at it.timeout (C:\Users\Admin\Documents\SchoolStuff\Ky8\EXE201\ProjectEXE\PortfolioTutTat\tests\company\application-status.property.test.ts:274:7)
    at file:///C:/Users/Admin/Documents/SchoolStuff/Ky8/EXE201/ProjectEXE/PortfolioTutTat/node_modules/@vitest/runner/dist/index.js:533:5
    at runTest (file:///C:/Users/Admin/Documents/SchoolStuff/Ky8/EXE201/ProjectEXE/PortfolioTutTat/node_modules/@vitest/runner/dist/index.js:1056:11)
    at runSuite (file:///C:/Users/Admin/Documents/SchoolStuff/Ky8/EXE201/ProjectEXE/PortfolioTutTat/node_modules/@vitest/runner/dist/index.js:1205:15)
    at runSuite (file:///C:/Users/Admin/Documents/SchoolStuff/Ky8/EXE201/ProjectEXE/PortfolioTutTat/node_modules/@vitest/runner/dist/index.js:1205:15)
    at runFiles (file:///C:/Users/Admin/Documents/SchoolStuff/Ky8/EXE201/ProjectEXE/PortfolioTutTat/node_modules/@vitest/runner/dist/index.js:1262:5)
    at startTests (file:///C:/Users/Admin/Documents/SchoolStuff/Ky8/EXE201/ProjectEXE/PortfolioTutTat/node_modules/@vitest/runner/dist/index.js:1271:3)

Hint: Enable verbose mode in order to have the list of all failing values encountered during the run[39m
 [32mΓ£ô[39m tests/company/job-creation.property.test.ts [2m([22m[2m11 tests[22m[2m)[22m[33m 48779[2mms[22m[39m
   [33m[2mΓ£ô[22m[39m Property 19: Job Creation Validation ΓÇö Salary Range Consistency[2m > [22mshould reject when salaryMin > salaryMax [33m9320[2mms[22m[39m
   [33m[2mΓ£ô[22m[39m Property 19: Job Creation Validation ΓÇö Salary Range Consistency[2m > [22mshould accept when only salaryMin is provided (no salaryMax) [33m3791[2mms[22m[39m
   [33m[2mΓ£ô[22m[39m Property 19: Job Creation Validation ΓÇö Salary Range Consistency[2m > [22mshould accept when only salaryMax is provided (no salaryMin) [33m3803[2mms[22m[39m
   [33m[2mΓ£ô[22m[39m Property 19: Job Creation Validation ΓÇö Salary Range Consistency[2m > [22mshould accept when salaryMin <= salaryMax [33m4394[2mms[22m[39m
   [33m[2mΓ£ô[22m[39m Property 20: Job Creation ΓÇö Valid Data Creates Active Job[2m > [22mshould accept any valid payload with title (1-255), description (1-5000), openSlots (1-1000) [33m4139[2mms[22m[39m
   [33m[2mΓ£ô[22m[39m Property 20: Job Creation ΓÇö Valid Data Creates Active Job[2m > [22mshould accept valid payloads with all optional fields provided [33m3805[2mms[22m[39m
   [33m[2mΓ£ô[22m[39m Property 21: Job Creation ΓÇö openSlots Validation[2m > [22mshould reject openSlots that are zero or negative [33m4058[2mms[22m[39m
   [33m[2mΓ£ô[22m[39m Property 21: Job Creation ΓÇö openSlots Validation[2m > [22mshould reject openSlots greater than 1000 [33m3802[2mms[22m[39m
   [33m[2mΓ£ô[22m[39m Property 21: Job Creation ΓÇö openSlots Validation[2m > [22mshould reject openSlots that are decimal (non-integer) values [33m3801[2mms[22m[39m
   [33m[2mΓ£ô[22m[39m Property 21: Job Creation ΓÇö openSlots Validation[2m > [22mshould reject openSlots that are non-numeric values [33m3800[2mms[22m[39m
   [33m[2mΓ£ô[22m[39m Property 21: Job Creation ΓÇö openSlots Validation[2m > [22mshould accept openSlots that are valid positive integers between 1 and 1000 [33m4047[2mms[22m[39m
[90mstdout[2m | tests/buddy/buddy-profile-crud.test.ts[2m > [22m[2mPOST /api/buddy/profile[2m > [22m[2mshould create a BuddyProfile with valid data and calculate completionPct
[22m[39mprisma:query SELECT "public"."buddy_profiles"."id", "public"."buddy_profiles"."user_id", "public"."buddy_profiles"."full_name", "public"."buddy_profiles"."role_title", "public"."buddy_profiles"."bio", "public"."buddy_profiles"."avatar_url", "public"."buddy_profiles"."major"::text, "public"."buddy_profiles"."skills", "public"."buddy_profiles"."design_tools", "public"."buddy_profiles"."interests", "public"."buddy_profiles"."social_links", "public"."buddy_profiles"."completion_pct", "public"."buddy_profiles"."created_at", "public"."buddy_profiles"."updated_at" FROM "public"."buddy_profiles" WHERE ("public"."buddy_profiles"."user_id" = $1 AND 1=1) LIMIT $2 OFFSET $3

[90mstdout[2m | tests/buddy/buddy-profile-crud.test.ts[2m > [22m[2mPOST /api/buddy/profile[2m > [22m[2mshould create a BuddyProfile with valid data and calculate completionPct
[22m[39mprisma:query INSERT INTO "public"."buddy_profiles" ("id","user_id","full_name","role_title","bio","avatar_url","major","skills","design_tools","interests","social_links","completion_pct","created_at","updated_at") VALUES ($1,$2,$3,$4,$5,$6,CAST($7::text AS "public"."Major"),$8,$9,$10,$11,$12,$13,$14) RETURNING "public"."buddy_profiles"."id", "public"."buddy_profiles"."user_id", "public"."buddy_profiles"."full_name", "public"."buddy_profiles"."role_title", "public"."buddy_profiles"."bio", "public"."buddy_profiles"."avatar_url", "public"."buddy_profiles"."major"::text, "public"."buddy_profiles"."skills", "public"."buddy_profiles"."design_tools", "public"."buddy_profiles"."interests", "public"."buddy_profiles"."social_links", "public"."buddy_profiles"."completion_pct", "public"."buddy_profiles"."created_at", "public"."buddy_profiles"."updated_at"

[90mstdout[2m | tests/buddy/buddy-profile-crud.test.ts[2m > [22m[2mPOST /api/buddy/profile[2m > [22m[2mshould create a BuddyProfile with only required fields
[22m[39mprisma:query SELECT "public"."buddy_profiles"."id", "public"."buddy_profiles"."user_id", "public"."buddy_profiles"."full_name", "public"."buddy_profiles"."role_title", "public"."buddy_profiles"."bio", "public"."buddy_profiles"."avatar_url", "public"."buddy_profiles"."major"::text, "public"."buddy_profiles"."skills", "public"."buddy_profiles"."design_tools", "public"."buddy_profiles"."interests", "public"."buddy_profiles"."social_links", "public"."buddy_profiles"."completion_pct", "public"."buddy_profiles"."created_at", "public"."buddy_profiles"."updated_at" FROM "public"."buddy_profiles" WHERE ("public"."buddy_profiles"."user_id" = $1 AND 1=1) LIMIT $2 OFFSET $3

[90mstdout[2m | tests/buddy/buddy-profile-crud.test.ts[2m > [22m[2mPOST /api/buddy/profile[2m > [22m[2mshould create a BuddyProfile with only required fields
[22m[39mprisma:query INSERT INTO "public"."buddy_profiles" ("id","user_id","full_name","role_title","bio","avatar_url","major","skills","design_tools","interests","social_links","completion_pct","created_at","updated_at") VALUES ($1,$2,$3,$4,$5,$6,$7,$8,$9,$10,$11,$12,$13,$14) RETURNING "public"."buddy_profiles"."id", "public"."buddy_profiles"."user_id", "public"."buddy_profiles"."full_name", "public"."buddy_profiles"."role_title", "public"."buddy_profiles"."bio", "public"."buddy_profiles"."avatar_url", "public"."buddy_profiles"."major"::text, "public"."buddy_profiles"."skills", "public"."buddy_profiles"."design_tools", "public"."buddy_profiles"."interests", "public"."buddy_profiles"."social_links", "public"."buddy_profiles"."completion_pct", "public"."buddy_profiles"."created_at", "public"."buddy_profiles"."updated_at"

[90mstdout[2m | tests/buddy/buddy-profile-crud.test.ts[2m > [22m[2mPOST /api/buddy/profile[2m > [22m[2mshould return 409 CONFLICT when profile already exists (Req 2.8)
[22m[39mprisma:query SELECT "public"."buddy_profiles"."id", "public"."buddy_profiles"."user_id", "public"."buddy_profiles"."full_name", "public"."buddy_profiles"."role_title", "public"."buddy_profiles"."bio", "public"."buddy_profiles"."avatar_url", "public"."buddy_profiles"."major"::text, "public"."buddy_profiles"."skills", "public"."buddy_profiles"."design_tools", "public"."buddy_profiles"."interests", "public"."buddy_profiles"."social_links", "public"."buddy_profiles"."completion_pct", "public"."buddy_profiles"."created_at", "public"."buddy_profiles"."updated_at" FROM "public"."buddy_profiles" WHERE ("public"."buddy_profiles"."user_id" = $1 AND 1=1) LIMIT $2 OFFSET $3

[90mstdout[2m | tests/buddy/buddy-profile-crud.test.ts[2m > [22m[2mPOST /api/buddy/profile[2m > [22m[2mshould return 409 CONFLICT when profile already exists (Req 2.8)
[22m[39mprisma:query INSERT INTO "public"."buddy_profiles" ("id","user_id","full_name","role_title","bio","avatar_url","major","skills","design_tools","interests","social_links","completion_pct","created_at","updated_at") VALUES ($1,$2,$3,$4,$5,$6,CAST($7::text AS "public"."Major"),$8,$9,$10,$11,$12,$13,$14) RETURNING "public"."buddy_profiles"."id", "public"."buddy_profiles"."user_id", "public"."buddy_profiles"."full_name", "public"."buddy_profiles"."role_title", "public"."buddy_profiles"."bio", "public"."buddy_profiles"."avatar_url", "public"."buddy_profiles"."major"::text, "public"."buddy_profiles"."skills", "public"."buddy_profiles"."design_tools", "public"."buddy_profiles"."interests", "public"."buddy_profiles"."social_links", "public"."buddy_profiles"."completion_pct", "public"."buddy_profiles"."created_at", "public"."buddy_profiles"."updated_at"

[90mstdout[2m | tests/buddy/buddy-profile-crud.test.ts[2m > [22m[2mPOST /api/buddy/profile[2m > [22m[2mshould return 409 CONFLICT when profile already exists (Req 2.8)
[22m[39mprisma:query SELECT "public"."buddy_profiles"."id", "public"."buddy_profiles"."user_id", "public"."buddy_profiles"."full_name", "public"."buddy_profiles"."role_title", "public"."buddy_profiles"."bio", "public"."buddy_profiles"."avatar_url", "public"."buddy_profiles"."major"::text, "public"."buddy_profiles"."skills", "public"."buddy_profiles"."design_tools", "public"."buddy_profiles"."interests", "public"."buddy_profiles"."social_links", "public"."buddy_profiles"."completion_pct", "public"."buddy_profiles"."created_at", "public"."buddy_profiles"."updated_at" FROM "public"."buddy_profiles" WHERE ("public"."buddy_profiles"."user_id" = $1 AND 1=1) LIMIT $2 OFFSET $3

[90mstdout[2m | tests/buddy/buddy-profile-crud.test.ts[2m > [22m[2mPOST /api/buddy/profile[2m > [22m[2mshould return 400 when fullName is whitespace-only (Req 2.3)
[22m[39mprisma:query SELECT 1

[90mstdout[2m | tests/buddy/buddy-profile-crud.test.ts[2m > [22m[2mPOST /api/buddy/profile[2m > [22m[2mshould return 400 when fullName is whitespace-only (Req 2.3)
[22m[39mprisma:query SELECT "public"."buddy_profiles"."id", "public"."buddy_profiles"."user_id", "public"."buddy_profiles"."full_name", "public"."buddy_profiles"."role_title", "public"."buddy_profiles"."bio", "public"."buddy_profiles"."avatar_url", "public"."buddy_profiles"."major"::text, "public"."buddy_profiles"."skills", "public"."buddy_profiles"."design_tools", "public"."buddy_profiles"."interests", "public"."buddy_profiles"."social_links", "public"."buddy_profiles"."completion_pct", "public"."buddy_profiles"."created_at", "public"."buddy_profiles"."updated_at" FROM "public"."buddy_profiles" WHERE ("public"."buddy_profiles"."user_id" = $1 AND 1=1) LIMIT $2 OFFSET $3

[90mstdout[2m | tests/buddy/buddy-profile-crud.test.ts[2m > [22m[2mPOST /api/buddy/profile[2m > [22m[2mshould return 400 when roleTitle is whitespace-only (Req 2.3)
[22m[39mprisma:query SELECT "public"."buddy_profiles"."id", "public"."buddy_profiles"."user_id", "public"."buddy_profiles"."full_name", "public"."buddy_profiles"."role_title", "public"."buddy_profiles"."bio", "public"."buddy_profiles"."avatar_url", "public"."buddy_profiles"."major"::text, "public"."buddy_profiles"."skills", "public"."buddy_profiles"."design_tools", "public"."buddy_profiles"."interests", "public"."buddy_profiles"."social_links", "public"."buddy_profiles"."completion_pct", "public"."buddy_profiles"."created_at", "public"."buddy_profiles"."updated_at" FROM "public"."buddy_profiles" WHERE ("public"."buddy_profiles"."user_id" = $1 AND 1=1) LIMIT $2 OFFSET $3

[90mstdout[2m | tests/buddy/buddy-profile-crud.test.ts[2m > [22m[2mPOST /api/buddy/profile[2m > [22m[2mshould return 400 when socialLinks URL does not start with https:// (Req 2.7)
[22m[39mprisma:query SELECT "public"."buddy_profiles"."id", "public"."buddy_profiles"."user_id", "public"."buddy_profiles"."full_name", "public"."buddy_profiles"."role_title", "public"."buddy_profiles"."bio", "public"."buddy_profiles"."avatar_url", "public"."buddy_profiles"."major"::text, "public"."buddy_profiles"."skills", "public"."buddy_profiles"."design_tools", "public"."buddy_profiles"."interests", "public"."buddy_profiles"."social_links", "public"."buddy_profiles"."completion_pct", "public"."buddy_profiles"."created_at", "public"."buddy_profiles"."updated_at" FROM "public"."buddy_profiles" WHERE ("public"."buddy_profiles"."user_id" = $1 AND 1=1) LIMIT $2 OFFSET $3

[90mstdout[2m | tests/buddy/buddy-profile-crud.test.ts[2m > [22m[2mPOST /api/buddy/profile[2m > [22m[2mshould allow admin to create buddy profile
[22m[39mprisma:query SELECT 1

[90mstdout[2m | tests/buddy/buddy-profile-crud.test.ts[2m > [22m[2mPOST /api/buddy/profile[2m > [22m[2mshould allow admin to create buddy profile
[22m[39mprisma:query SELECT "public"."buddy_profiles"."id", "public"."buddy_profiles"."user_id", "public"."buddy_profiles"."full_name", "public"."buddy_profiles"."role_title", "public"."buddy_profiles"."bio", "public"."buddy_profiles"."avatar_url", "public"."buddy_profiles"."major"::text, "public"."buddy_profiles"."skills", "public"."buddy_profiles"."design_tools", "public"."buddy_profiles"."interests", "public"."buddy_profiles"."social_links", "public"."buddy_profiles"."completion_pct", "public"."buddy_profiles"."created_at", "public"."buddy_profiles"."updated_at" FROM "public"."buddy_profiles" WHERE ("public"."buddy_profiles"."user_id" = $1 AND 1=1) LIMIT $2 OFFSET $3

[90mstdout[2m | tests/buddy/buddy-profile-crud.test.ts[2m > [22m[2mPOST /api/buddy/profile[2m > [22m[2mshould allow admin to create buddy profile
[22m[39mprisma:query INSERT INTO "public"."buddy_profiles" ("id","user_id","full_name","role_title","bio","avatar_url","major","skills","design_tools","interests","social_links","completion_pct","created_at","updated_at") VALUES ($1,$2,$3,$4,$5,$6,CAST($7::text AS "public"."Major"),$8,$9,$10,$11,$12,$13,$14) RETURNING "public"."buddy_profiles"."id", "public"."buddy_profiles"."user_id", "public"."buddy_profiles"."full_name", "public"."buddy_profiles"."role_title", "public"."buddy_profiles"."bio", "public"."buddy_profiles"."avatar_url", "public"."buddy_profiles"."major"::text, "public"."buddy_profiles"."skills", "public"."buddy_profiles"."design_tools", "public"."buddy_profiles"."interests", "public"."buddy_profiles"."social_links", "public"."buddy_profiles"."completion_pct", "public"."buddy_profiles"."created_at", "public"."buddy_profiles"."updated_at"

[90mstdout[2m | tests/buddy/buddy-profile-crud.test.ts[2m > [22m[2mGET /api/buddy/profile/me[2m > [22m[2mshould return the buddy profile for authenticated user (Req 2.5)
[22m[39mprisma:query SELECT "public"."buddy_profiles"."id", "public"."buddy_profiles"."user_id", "public"."buddy_profiles"."full_name", "public"."buddy_profiles"."role_title", "public"."buddy_profiles"."bio", "public"."buddy_profiles"."avatar_url", "public"."buddy_profiles"."major"::text, "public"."buddy_profiles"."skills", "public"."buddy_profiles"."design_tools", "public"."buddy_profiles"."interests", "public"."buddy_profiles"."social_links", "public"."buddy_profiles"."completion_pct", "public"."buddy_profiles"."created_at", "public"."buddy_profiles"."updated_at" FROM "public"."buddy_profiles" WHERE ("public"."buddy_profiles"."user_id" = $1 AND 1=1) LIMIT $2 OFFSET $3

[90mstdout[2m | tests/buddy/buddy-profile-crud.test.ts[2m > [22m[2mGET /api/buddy/profile/me[2m > [22m[2mshould return 404 when profile does not exist
[22m[39mprisma:query SELECT "public"."buddy_profiles"."id", "public"."buddy_profiles"."user_id", "public"."buddy_profiles"."full_name", "public"."buddy_profiles"."role_title", "public"."buddy_profiles"."bio", "public"."buddy_profiles"."avatar_url", "public"."buddy_profiles"."major"::text, "public"."buddy_profiles"."skills", "public"."buddy_profiles"."design_tools", "public"."buddy_profiles"."interests", "public"."buddy_profiles"."social_links", "public"."buddy_profiles"."completion_pct", "public"."buddy_profiles"."created_at", "public"."buddy_profiles"."updated_at" FROM "public"."buddy_profiles" WHERE ("public"."buddy_profiles"."user_id" = $1 AND 1=1) LIMIT $2 OFFSET $3

[90mstdout[2m | tests/buddy/buddy-profile-crud.test.ts[2m > [22m[2mPUT /api/buddy/profile/me[2m > [22m[2mshould update profile and recalculate completionPct (Req 2.6)
[22m[39mprisma:query SELECT 1

[90mstdout[2m | tests/buddy/buddy-profile-crud.test.ts[2m > [22m[2mPUT /api/buddy/profile/me[2m > [22m[2mshould update profile and recalculate completionPct (Req 2.6)
[22m[39mprisma:query SELECT "public"."buddy_profiles"."id", "public"."buddy_profiles"."user_id", "public"."buddy_profiles"."full_name", "public"."buddy_profiles"."role_title", "public"."buddy_profiles"."bio", "public"."buddy_profiles"."avatar_url", "public"."buddy_profiles"."major"::text, "public"."buddy_profiles"."skills", "public"."buddy_profiles"."design_tools", "public"."buddy_profiles"."interests", "public"."buddy_profiles"."social_links", "public"."buddy_profiles"."completion_pct", "public"."buddy_profiles"."created_at", "public"."buddy_profiles"."updated_at" FROM "public"."buddy_profiles" WHERE ("public"."buddy_profiles"."user_id" = $1 AND 1=1) LIMIT $2 OFFSET $3

[90mstdout[2m | tests/buddy/buddy-profile-crud.test.ts[2m > [22m[2mPUT /api/buddy/profile/me[2m > [22m[2mshould update profile and recalculate completionPct (Req 2.6)
[22m[39mprisma:query UPDATE "public"."buddy_profiles" SET "completion_pct" = $1, "bio" = $2, "skills" = $3, "social_links" = $4, "updated_at" = $5 WHERE ("public"."buddy_profiles"."user_id" = $6 AND 1=1) RETURNING "public"."buddy_profiles"."id", "public"."buddy_profiles"."user_id", "public"."buddy_profiles"."full_name", "public"."buddy_profiles"."role_title", "public"."buddy_profiles"."bio", "public"."buddy_profiles"."avatar_url", "public"."buddy_profiles"."major"::text, "public"."buddy_profiles"."skills", "public"."buddy_profiles"."design_tools", "public"."buddy_profiles"."interests", "public"."buddy_profiles"."social_links", "public"."buddy_profiles"."completion_pct", "public"."buddy_profiles"."created_at", "public"."buddy_profiles"."updated_at"

[90mstdout[2m | tests/buddy/buddy-profile-crud.test.ts[2m > [22m[2mPUT /api/buddy/profile/me[2m > [22m[2mshould return 404 when profile does not exist
[22m[39mprisma:query SELECT "public"."buddy_profiles"."id", "public"."buddy_profiles"."user_id", "public"."buddy_profiles"."full_name", "public"."buddy_profiles"."role_title", "public"."buddy_profiles"."bio", "public"."buddy_profiles"."avatar_url", "public"."buddy_profiles"."major"::text, "public"."buddy_profiles"."skills", "public"."buddy_profiles"."design_tools", "public"."buddy_profiles"."interests", "public"."buddy_profiles"."social_links", "public"."buddy_profiles"."completion_pct", "public"."buddy_profiles"."created_at", "public"."buddy_profiles"."updated_at" FROM "public"."buddy_profiles" WHERE ("public"."buddy_profiles"."user_id" = $1 AND 1=1) LIMIT $2 OFFSET $3

[90mstdout[2m | tests/buddy/buddy-profile-crud.test.ts[2m > [22m[2mPUT /api/buddy/profile/me[2m > [22m[2mshould merge socialLinks with existing values
[22m[39mprisma:query SELECT 1

[90mstdout[2m | tests/buddy/buddy-profile-crud.test.ts[2m > [22m[2mPUT /api/buddy/profile/me[2m > [22m[2mshould merge socialLinks with existing values
[22m[39mprisma:query SELECT "public"."buddy_profiles"."id", "public"."buddy_profiles"."user_id", "public"."buddy_profiles"."full_name", "public"."buddy_profiles"."role_title", "public"."buddy_profiles"."bio", "public"."buddy_profiles"."avatar_url", "public"."buddy_profiles"."major"::text, "public"."buddy_profiles"."skills", "public"."buddy_profiles"."design_tools", "public"."buddy_profiles"."interests", "public"."buddy_profiles"."social_links", "public"."buddy_profiles"."completion_pct", "public"."buddy_profiles"."created_at", "public"."buddy_profiles"."updated_at" FROM "public"."buddy_profiles" WHERE ("public"."buddy_profiles"."user_id" = $1 AND 1=1) LIMIT $2 OFFSET $3

[90mstdout[2m | tests/buddy/buddy-profile-crud.test.ts[2m > [22m[2mPUT /api/buddy/profile/me[2m > [22m[2mshould merge socialLinks with existing values
[22m[39mprisma:query UPDATE "public"."buddy_profiles" SET "completion_pct" = $1, "social_links" = $2, "updated_at" = $3 WHERE ("public"."buddy_profiles"."user_id" = $4 AND 1=1) RETURNING "public"."buddy_profiles"."id", "public"."buddy_profiles"."user_id", "public"."buddy_profiles"."full_name", "public"."buddy_profiles"."role_title", "public"."buddy_profiles"."bio", "public"."buddy_profiles"."avatar_url", "public"."buddy_profiles"."major"::text, "public"."buddy_profiles"."skills", "public"."buddy_profiles"."design_tools", "public"."buddy_profiles"."interests", "public"."buddy_profiles"."social_links", "public"."buddy_profiles"."completion_pct", "public"."buddy_profiles"."created_at", "public"."buddy_profiles"."updated_at"

[90mstdout[2m | tests/buddy/buddy-profile-crud.test.ts[2m > [22m[2mPUT /api/buddy/profile/me[2m > [22m[2mshould merge socialLinks with existing values
[22m[39mprisma:query SELECT "public"."buddy_profiles"."id", "public"."buddy_profiles"."user_id", "public"."buddy_profiles"."full_name", "public"."buddy_profiles"."role_title", "public"."buddy_profiles"."bio", "public"."buddy_profiles"."avatar_url", "public"."buddy_profiles"."major"::text, "public"."buddy_profiles"."skills", "public"."buddy_profiles"."design_tools", "public"."buddy_profiles"."interests", "public"."buddy_profiles"."social_links", "public"."buddy_profiles"."completion_pct", "public"."buddy_profiles"."created_at", "public"."buddy_profiles"."updated_at" FROM "public"."buddy_profiles" WHERE ("public"."buddy_profiles"."user_id" = $1 AND 1=1) LIMIT $2 OFFSET $3

[90mstdout[2m | tests/buddy/buddy-profile-crud.test.ts[2m > [22m[2mPUT /api/buddy/profile/me[2m > [22m[2mshould merge socialLinks with existing values
[22m[39mprisma:query UPDATE "public"."buddy_profiles" SET "completion_pct" = $1, "social_links" = $2, "updated_at" = $3 WHERE ("public"."buddy_profiles"."user_id" = $4 AND 1=1) RETURNING "public"."buddy_profiles"."id", "public"."buddy_profiles"."user_id", "public"."buddy_profiles"."full_name", "public"."buddy_profiles"."role_title", "public"."buddy_profiles"."bio", "public"."buddy_profiles"."avatar_url", "public"."buddy_profiles"."major"::text, "public"."buddy_profiles"."skills", "public"."buddy_profiles"."design_tools", "public"."buddy_profiles"."interests", "public"."buddy_profiles"."social_links", "public"."buddy_profiles"."completion_pct", "public"."buddy_profiles"."created_at", "public"."buddy_profiles"."updated_at"

 [32mΓ£ô[39m tests/buddy/buddy-profile-crud.test.ts [2m([22m[2m16 tests[22m[2m)[22m[33m 85282[2mms[22m[39m
   [33m[2mΓ£ô[22m[39m POST /api/buddy/profile[2m > [22mshould create a BuddyProfile with valid data and calculate completionPct [33m12528[2mms[22m[39m
   [33m[2mΓ£ô[22m[39m POST /api/buddy/profile[2m > [22mshould create a BuddyProfile with only required fields [33m5294[2mms[22m[39m
   [33m[2mΓ£ô[22m[39m POST /api/buddy/profile[2m > [22mshould return 409 CONFLICT when profile already exists (Req 2.8) [33m5038[2mms[22m[39m
   [33m[2mΓ£ô[22m[39m POST /api/buddy/profile[2m > [22mshould return 400 when fullName is whitespace-only (Req 2.3) [33m4555[2mms[22m[39m
   [33m[2mΓ£ô[22m[39m POST /api/buddy/profile[2m > [22mshould return 400 when roleTitle is whitespace-only (Req 2.3) [33m4509[2mms[22m[39m
   [33m[2mΓ£ô[22m[39m POST /api/buddy/profile[2m > [22mshould return 400 when socialLinks URL does not start with https:// (Req 2.7) [33m4583[2mms[22m[39m
   [33m[2mΓ£ô[22m[39m POST /api/buddy/profile[2m > [22mshould return 403 when user role is not buddy (Req 12.1) [33m4321[2mms[22m[39m
   [33m[2mΓ£ô[22m[39m POST /api/buddy/profile[2m > [22mshould allow admin to create buddy profile [33m5033[2mms[22m[39m
   [33m[2mΓ£ô[22m[39m GET /api/buddy/profile/me[2m > [22mshould return the buddy profile for authenticated user (Req 2.5) [33m5035[2mms[22m[39m
   [33m[2mΓ£ô[22m[39m GET /api/buddy/profile/me[2m > [22mshould return 404 when profile does not exist [33m4802[2mms[22m[39m
   [33m[2mΓ£ô[22m[39m GET /api/buddy/profile/me[2m > [22mshould return 403 for non-buddy role [33m4564[2mms[22m[39m
   [33m[2mΓ£ô[22m[39m PUT /api/buddy/profile/me[2m > [22mshould update profile and recalculate completionPct (Req 2.6) [33m5519[2mms[22m[39m
   [33m[2mΓ£ô[22m[39m PUT /api/buddy/profile/me[2m > [22mshould return 400 for whitespace-only fullName update (Req 2.3) [33m4335[2mms[22m[39m
   [33m[2mΓ£ô[22m[39m PUT /api/buddy/profile/me[2m > [22mshould return 400 for invalid socialLinks URL (Req 2.7) [33m4340[2mms[22m[39m
   [33m[2mΓ£ô[22m[39m PUT /api/buddy/profile/me[2m > [22mshould return 404 when profile does not exist [33m4809[2mms[22m[39m
   [33m[2mΓ£ô[22m[39m PUT /api/buddy/profile/me[2m > [22mshould merge socialLinks with existing values [33m6000[2mms[22m[39m
 [31mΓ¥»[39m tests/projects/status-transition.test.ts [2m([22m[2m13 tests[22m[2m | [22m[31m12 failed[39m[2m)[22m[33m 74051[2mms[22m[39m
[31m   [31m├ù[31m PATCH /api/projects/:id/status[2m > [22mValid transitions[2m > [22mshould transition from draft to public[33m 11455[2mms[22m[31m[39m
[31m     ΓåÆ expected 401 to be 200 // Object.is equality[39m
[31m   [31m├ù[31m PATCH /api/projects/:id/status[2m > [22mValid transitions[2m > [22mshould transition from draft to pending_feedback[33m 5096[2mms[22m[31m[39m
[31m     ΓåÆ expected 401 to be 200 // Object.is equality[39m
[31m   [31m├ù[31m PATCH /api/projects/:id/status[2m > [22mValid transitions[2m > [22mshould transition from pending_feedback to public[33m 5354[2mms[22m[31m[39m
[31m     ΓåÆ expected 401 to be 200 // Object.is equality[39m
[31m   [31m├ù[31m PATCH /api/projects/:id/status[2m > [22mValid transitions[2m > [22mshould transition from pending_feedback to draft[33m 5113[2mms[22m[31m[39m
[31m     ΓåÆ expected 401 to be 200 // Object.is equality[39m
[31m   [31m├ù[31m PATCH /api/projects/:id/status[2m > [22mValid transitions[2m > [22mshould transition from public to draft (unpublish)[33m 5112[2mms[22m[31m[39m
[31m     ΓåÆ expected 401 to be 200 // Object.is equality[39m
[31m   [31m├ù[31m PATCH /api/projects/:id/status[2m > [22mInvalid transitions[2m > [22mshould reject transition from public to pending_feedback[33m 5349[2mms[22m[31m[39m
[31m     ΓåÆ expected 401 to be 400 // Object.is equality[39m
[31m   [31m├ù[31m PATCH /api/projects/:id/status[2m > [22mInvalid transitions[2m > [22mshould reject same status transition (no-op)[33m 5115[2mms[22m[31m[39m
[31m     ΓåÆ expected 401 to be 400 // Object.is equality[39m
   [33m[2mΓ£ô[22m[39m PATCH /api/projects/:id/status[2m > [22mAuthorization[2m > [22mshould return 401 when no user id header is provided [33m5347[2mms[22m[39m
[31m   [31m├ù[31m PATCH /api/projects/:id/status[2m > [22mAuthorization[2m > [22mshould return 403 when non-owner tries to change status[33m 5125[2mms[22m[31m[39m
[31m     ΓåÆ expected 401 to be 403 // Object.is equality[39m
[31m   [31m├ù[31m PATCH /api/projects/:id/status[2m > [22mValidation[2m > [22mshould return 404 for non-existent project[33m 4885[2mms[22m[31m[39m
[31m     ΓåÆ expected 401 to be 404 // Object.is equality[39m
[31m   [31m├ù[31m PATCH /api/projects/:id/status[2m > [22mValidation[2m > [22mshould return 400 for invalid status value[33m 5364[2mms[22m[31m[39m
[31m     ΓåÆ expected 401 to be 400 // Object.is equality[39m
[31m   [31m├ù[31m PATCH /api/projects/:id/status[2m > [22mValidation[2m > [22mshould return 400 for missing status field[33m 5116[2mms[22m[31m[39m
[31m     ΓåÆ expected 401 to be 400 // Object.is equality[39m
[31m   [31m├ù[31m PATCH /api/projects/:id/status[2m > [22mDatabase persistence[2m > [22mshould persist status change to database when transitioning to public[33m 5612[2mms[22m[31m[39m
[31m     ΓåÆ expected 'draft' to be 'public' // Object.is equality[39m
 [32mΓ£ô[39m tests/auth/role-guard.property.test.ts [2m([22m[2m5 tests[22m[2m)[22m[33m 24811[2mms[22m[39m
   [33m[2mΓ£ô[22m[39m Property 24: Role-Based API Access Control[2m > [22mshould grant access when user role is in the allowed set (buddy can access buddy endpoints, company can access company endpoints) [33m9302[2mms[22m[39m
   [33m[2mΓ£ô[22m[39m Property 24: Role-Based API Access Control[2m > [22mshould always grant access to admin regardless of endpoint restriction [33m3804[2mms[22m[39m
   [33m[2mΓ£ô[22m[39m Property 24: Role-Based API Access Control[2m > [22mshould return 403 FORBIDDEN with correct error format when role is not in allowed set [33m4072[2mms[22m[39m
   [33m[2mΓ£ô[22m[39m Property 24: Role-Based API Access Control[2m > [22mshould return 403 FORBIDDEN for invalid/unrecognized role values [33m3805[2mms[22m[39m
   [33m[2mΓ£ô[22m[39m Property 24: Role-Based API Access Control[2m > [22mshould return 401 UNAUTHORIZED when x-user-id or x-user-role headers are missing or empty [33m3810[2mms[22m[39m
[90mstdout[2m | tests/jobs/portfolio-selector.test.ts[2m > [22m[2mGET /api/applications/portfolios[2m > [22m[2mreturns only public projects
[22m[39mprisma:query SELECT "public"."profiles"."id", "public"."profiles"."user_id", "public"."profiles"."full_name", "public"."profiles"."role_title", "public"."profiles"."bio", "public"."profiles"."avatar_url", "public"."profiles"."major"::text, "public"."profiles"."skills", "public"."profiles"."design_tools", "public"."profiles"."interests", "public"."profiles"."social_links", "public"."profiles"."completion_pct", "public"."profiles"."created_at", "public"."profiles"."updated_at" FROM "public"."profiles" WHERE ("public"."profiles"."user_id" = $1 AND 1=1) LIMIT $2 OFFSET $3

[90mstdout[2m | tests/jobs/portfolio-selector.test.ts[2m > [22m[2mGET /api/applications/portfolios[2m > [22m[2mreturns only public projects
[22m[39mprisma:query SELECT "public"."projects"."id", "public"."projects"."title", "public"."projects"."description", "public"."projects"."tags", "public"."projects"."is_approved", "public"."projects"."created_at" FROM "public"."projects" WHERE ("public"."projects"."mentee_id" = $1 AND "public"."projects"."status" = CAST($2::text AS "public"."ProjectStatus")) ORDER BY "public"."projects"."created_at" DESC OFFSET $3

[90mstdout[2m | tests/jobs/portfolio-selector.test.ts[2m > [22m[2mGET /api/applications/portfolios[2m > [22m[2mshows "Buddy Approved" badge when isApproved is true
[22m[39mprisma:query SELECT "public"."profiles"."id", "public"."profiles"."user_id", "public"."profiles"."full_name", "public"."profiles"."role_title", "public"."profiles"."bio", "public"."profiles"."avatar_url", "public"."profiles"."major"::text, "public"."profiles"."skills", "public"."profiles"."design_tools", "public"."profiles"."interests", "public"."profiles"."social_links", "public"."profiles"."completion_pct", "public"."profiles"."created_at", "public"."profiles"."updated_at" FROM "public"."profiles" WHERE ("public"."profiles"."user_id" = $1 AND 1=1) LIMIT $2 OFFSET $3

[90mstdout[2m | tests/jobs/portfolio-selector.test.ts[2m > [22m[2mGET /api/applications/portfolios[2m > [22m[2mshows "Buddy Approved" badge when isApproved is true
[22m[39mprisma:query SELECT "public"."projects"."id", "public"."projects"."title", "public"."projects"."description", "public"."projects"."tags", "public"."projects"."is_approved", "public"."projects"."created_at" FROM "public"."projects" WHERE ("public"."projects"."mentee_id" = $1 AND "public"."projects"."status" = CAST($2::text AS "public"."ProjectStatus")) ORDER BY "public"."projects"."created_at" DESC OFFSET $3

[90mstdout[2m | tests/jobs/portfolio-selector.test.ts[2m > [22m[2mGET /api/applications/portfolios[2m > [22m[2mshows "Unreviewed" badge when isApproved is false
[22m[39mprisma:query SELECT "public"."profiles"."id", "public"."profiles"."user_id", "public"."profiles"."full_name", "public"."profiles"."role_title", "public"."profiles"."bio", "public"."profiles"."avatar_url", "public"."profiles"."major"::text, "public"."profiles"."skills", "public"."profiles"."design_tools", "public"."profiles"."interests", "public"."profiles"."social_links", "public"."profiles"."completion_pct", "public"."profiles"."created_at", "public"."profiles"."updated_at" FROM "public"."profiles" WHERE ("public"."profiles"."user_id" = $1 AND 1=1) LIMIT $2 OFFSET $3

[90mstdout[2m | tests/jobs/portfolio-selector.test.ts[2m > [22m[2mGET /api/applications/portfolios[2m > [22m[2mshows "Unreviewed" badge when isApproved is false
[22m[39mprisma:query SELECT "public"."projects"."id", "public"."projects"."title", "public"."projects"."description", "public"."projects"."tags", "public"."projects"."is_approved", "public"."projects"."created_at" FROM "public"."projects" WHERE ("public"."projects"."mentee_id" = $1 AND "public"."projects"."status" = CAST($2::text AS "public"."ProjectStatus")) ORDER BY "public"."projects"."created_at" DESC OFFSET $3

[90mstdout[2m | tests/jobs/portfolio-selector.test.ts[2m > [22m[2mGET /api/applications/portfolios[2m > [22m[2mreturns empty array when mentee has no public projects
[22m[39mprisma:query SELECT 1

[90mstdout[2m | tests/jobs/portfolio-selector.test.ts[2m > [22m[2mGET /api/applications/portfolios[2m > [22m[2mreturns empty array when mentee has no public projects
[22m[39mprisma:query SELECT "public"."profiles"."id", "public"."profiles"."user_id", "public"."profiles"."full_name", "public"."profiles"."role_title", "public"."profiles"."bio", "public"."profiles"."avatar_url", "public"."profiles"."major"::text, "public"."profiles"."skills", "public"."profiles"."design_tools", "public"."profiles"."interests", "public"."profiles"."social_links", "public"."profiles"."completion_pct", "public"."profiles"."created_at", "public"."profiles"."updated_at" FROM "public"."profiles" WHERE ("public"."profiles"."user_id" = $1 AND 1=1) LIMIT $2 OFFSET $3

[90mstdout[2m | tests/jobs/portfolio-selector.test.ts[2m > [22m[2mGET /api/applications/portfolios[2m > [22m[2mreturns empty array when mentee has no public projects
[22m[39mprisma:query SELECT "public"."projects"."id", "public"."projects"."title", "public"."projects"."description", "public"."projects"."tags", "public"."projects"."is_approved", "public"."projects"."created_at" FROM "public"."projects" WHERE ("public"."projects"."mentee_id" = $1 AND "public"."projects"."status" = CAST($2::text AS "public"."ProjectStatus")) ORDER BY "public"."projects"."created_at" DESC OFFSET $3

[90mstdout[2m | tests/jobs/portfolio-selector.test.ts[2m > [22m[2mGET /api/applications/portfolios[2m > [22m[2mreturns 404 when profile does not exist
[22m[39mprisma:query SELECT "public"."profiles"."id", "public"."profiles"."user_id", "public"."profiles"."full_name", "public"."profiles"."role_title", "public"."profiles"."bio", "public"."profiles"."avatar_url", "public"."profiles"."major"::text, "public"."profiles"."skills", "public"."profiles"."design_tools", "public"."profiles"."interests", "public"."profiles"."social_links", "public"."profiles"."completion_pct", "public"."profiles"."created_at", "public"."profiles"."updated_at" FROM "public"."profiles" WHERE ("public"."profiles"."user_id" = $1 AND 1=1) LIMIT $2 OFFSET $3

[90mstdout[2m | tests/jobs/portfolio-selector.test.ts[2m > [22m[2mGET /api/applications/portfolios[2m > [22m[2mincludes expected fields in response
[22m[39mprisma:query SELECT "public"."profiles"."id", "public"."profiles"."user_id", "public"."profiles"."full_name", "public"."profiles"."role_title", "public"."profiles"."bio", "public"."profiles"."avatar_url", "public"."profiles"."major"::text, "public"."profiles"."skills", "public"."profiles"."design_tools", "public"."profiles"."interests", "public"."profiles"."social_links", "public"."profiles"."completion_pct", "public"."profiles"."created_at", "public"."profiles"."updated_at" FROM "public"."profiles" WHERE ("public"."profiles"."user_id" = $1 AND 1=1) LIMIT $2 OFFSET $3

[90mstdout[2m | tests/jobs/portfolio-selector.test.ts[2m > [22m[2mGET /api/applications/portfolios[2m > [22m[2mincludes expected fields in response
[22m[39mprisma:query SELECT 1

[90mstdout[2m | tests/jobs/portfolio-selector.test.ts[2m > [22m[2mGET /api/applications/portfolios[2m > [22m[2mincludes expected fields in response
[22m[39mprisma:query SELECT "public"."projects"."id", "public"."projects"."title", "public"."projects"."description", "public"."projects"."tags", "public"."projects"."is_approved", "public"."projects"."created_at" FROM "public"."projects" WHERE ("public"."projects"."mentee_id" = $1 AND "public"."projects"."status" = CAST($2::text AS "public"."ProjectStatus")) ORDER BY "public"."projects"."created_at" DESC OFFSET $3

[90mstdout[2m | tests/jobs/portfolio-selector.test.ts[2m > [22m[2mGET /api/applications/portfolios[2m > [22m[2mdoes not show projects belonging to other mentees
[22m[39mprisma:query SELECT "public"."profiles"."id", "public"."profiles"."user_id", "public"."profiles"."full_name", "public"."profiles"."role_title", "public"."profiles"."bio", "public"."profiles"."avatar_url", "public"."profiles"."major"::text, "public"."profiles"."skills", "public"."profiles"."design_tools", "public"."profiles"."interests", "public"."profiles"."social_links", "public"."profiles"."completion_pct", "public"."profiles"."created_at", "public"."profiles"."updated_at" FROM "public"."profiles" WHERE ("public"."profiles"."user_id" = $1 AND 1=1) LIMIT $2 OFFSET $3

[90mstdout[2m | tests/jobs/portfolio-selector.test.ts[2m > [22m[2mGET /api/applications/portfolios[2m > [22m[2mdoes not show projects belonging to other mentees
[22m[39mprisma:query SELECT "public"."projects"."id", "public"."projects"."title", "public"."projects"."description", "public"."projects"."tags", "public"."projects"."is_approved", "public"."projects"."created_at" FROM "public"."projects" WHERE ("public"."projects"."mentee_id" = $1 AND "public"."projects"."status" = CAST($2::text AS "public"."ProjectStatus")) ORDER BY "public"."projects"."created_at" DESC OFFSET $3

 [32mΓ£ô[39m tests/jobs/portfolio-selector.test.ts [2m([22m[2m8 tests[22m[2m)[22m[33m 51080[2mms[22m[39m
   [33m[2mΓ£ô[22m[39m GET /api/applications/portfolios[2m > [22mreturns only public projects [33m13988[2mms[22m[39m
   [33m[2mΓ£ô[22m[39m GET /api/applications/portfolios[2m > [22mshows "Buddy Approved" badge when isApproved is true [33m5538[2mms[22m[39m
   [33m[2mΓ£ô[22m[39m GET /api/applications/portfolios[2m > [22mshows "Unreviewed" badge when isApproved is false [33m5063[2mms[22m[39m
   [33m[2mΓ£ô[22m[39m GET /api/applications/portfolios[2m > [22mreturns empty array when mentee has no public projects [33m5295[2mms[22m[39m
   [33m[2mΓ£ô[22m[39m GET /api/applications/portfolios[2m > [22mreturns 401 when no auth headers present [33m4588[2mms[22m[39m
   [33m[2mΓ£ô[22m[39m GET /api/applications/portfolios[2m > [22mreturns 404 when profile does not exist [33m4866[2mms[22m[39m
   [33m[2mΓ£ô[22m[39m GET /api/applications/portfolios[2m > [22mincludes expected fields in response [33m5651[2mms[22m[39m
   [33m[2mΓ£ô[22m[39m GET /api/applications/portfolios[2m > [22mdoes not show projects belonging to other mentees [33m6076[2mms[22m[39m
[90mstdout[2m | tests/buddy/buddy-profile-roundtrip.property.test.ts[2m > [22m[2mProperty 6: BuddyProfile Data Round-Trip[2m > [22m[2mshould return matching data on GET after POST for any valid payload
[22m[39mprisma:query INSERT INTO "public"."users" ("id","email","password_hash","role","created_at","updated_at") VALUES ($1,$2,$3,CAST($4::text AS "public"."UserRole"),$5,$6) RETURNING "public"."users"."id", "public"."users"."email", "public"."users"."password_hash", "public"."users"."role"::text, "public"."users"."created_at", "public"."users"."updated_at"

[90mstdout[2m | tests/buddy/buddy-profile-roundtrip.property.test.ts[2m > [22m[2mProperty 6: BuddyProfile Data Round-Trip[2m > [22m[2mshould return matching data on GET after POST for any valid payload
[22m[39mprisma:query SELECT "public"."buddy_profiles"."id", "public"."buddy_profiles"."user_id", "public"."buddy_profiles"."full_name", "public"."buddy_profiles"."role_title", "public"."buddy_profiles"."bio", "public"."buddy_profiles"."avatar_url", "public"."buddy_profiles"."major"::text, "public"."buddy_profiles"."skills", "public"."buddy_profiles"."design_tools", "public"."buddy_profiles"."interests", "public"."buddy_profiles"."social_links", "public"."buddy_profiles"."completion_pct", "public"."buddy_profiles"."created_at", "public"."buddy_profiles"."updated_at" FROM "public"."buddy_profiles" WHERE ("public"."buddy_profiles"."user_id" = $1 AND 1=1) LIMIT $2 OFFSET $3

[90mstdout[2m | tests/buddy/buddy-profile-roundtrip.property.test.ts[2m > [22m[2mProperty 6: BuddyProfile Data Round-Trip[2m > [22m[2mshould return matching data on GET after POST for any valid payload
[22m[39mprisma:query INSERT INTO "public"."buddy_profiles" ("id","user_id","full_name","role_title","bio","avatar_url","major","skills","design_tools","interests","social_links","completion_pct","created_at","updated_at") VALUES ($1,$2,$3,$4,$5,$6,$7,$8,$9,$10,$11,$12,$13,$14) RETURNING "public"."buddy_profiles"."id", "public"."buddy_profiles"."user_id", "public"."buddy_profiles"."full_name", "public"."buddy_profiles"."role_title", "public"."buddy_profiles"."bio", "public"."buddy_profiles"."avatar_url", "public"."buddy_profiles"."major"::text, "public"."buddy_profiles"."skills", "public"."buddy_profiles"."design_tools", "public"."buddy_profiles"."interests", "public"."buddy_profiles"."social_links", "public"."buddy_profiles"."completion_pct", "public"."buddy_profiles"."created_at", "public"."buddy_profiles"."updated_at"

[90mstdout[2m | tests/buddy/buddy-profile-roundtrip.property.test.ts[2m > [22m[2mProperty 6: BuddyProfile Data Round-Trip[2m > [22m[2mshould return matching data on GET after POST for any valid payload
[22m[39mprisma:query SELECT "public"."buddy_profiles"."id", "public"."buddy_profiles"."user_id", "public"."buddy_profiles"."full_name", "public"."buddy_profiles"."role_title", "public"."buddy_profiles"."bio", "public"."buddy_profiles"."avatar_url", "public"."buddy_profiles"."major"::text, "public"."buddy_profiles"."skills", "public"."buddy_profiles"."design_tools", "public"."buddy_profiles"."interests", "public"."buddy_profiles"."social_links", "public"."buddy_profiles"."completion_pct", "public"."buddy_profiles"."created_at", "public"."buddy_profiles"."updated_at" FROM "public"."buddy_profiles" WHERE ("public"."buddy_profiles"."user_id" = $1 AND 1=1) LIMIT $2 OFFSET $3

[90mstdout[2m | tests/buddy/buddy-profile-roundtrip.property.test.ts[2m > [22m[2mProperty 6: BuddyProfile Data Round-Trip[2m > [22m[2mshould return matching data on GET after POST for any valid payload
[22m[39mprisma:query INSERT INTO "public"."users" ("id","email","password_hash","role","created_at","updated_at") VALUES ($1,$2,$3,CAST($4::text AS "public"."UserRole"),$5,$6) RETURNING "public"."users"."id", "public"."users"."email", "public"."users"."password_hash", "public"."users"."role"::text, "public"."users"."created_at", "public"."users"."updated_at"

[90mstdout[2m | tests/buddy/buddy-profile-roundtrip.property.test.ts[2m > [22m[2mProperty 6: BuddyProfile Data Round-Trip[2m > [22m[2mshould return matching data on GET after POST for any valid payload
[22m[39mprisma:query SELECT "public"."buddy_profiles"."id", "public"."buddy_profiles"."user_id", "public"."buddy_profiles"."full_name", "public"."buddy_profiles"."role_title", "public"."buddy_profiles"."bio", "public"."buddy_profiles"."avatar_url", "public"."buddy_profiles"."major"::text, "public"."buddy_profiles"."skills", "public"."buddy_profiles"."design_tools", "public"."buddy_profiles"."interests", "public"."buddy_profiles"."social_links", "public"."buddy_profiles"."completion_pct", "public"."buddy_profiles"."created_at", "public"."buddy_profiles"."updated_at" FROM "public"."buddy_profiles" WHERE ("public"."buddy_profiles"."user_id" = $1 AND 1=1) LIMIT $2 OFFSET $3

[90mstdout[2m | tests/buddy/buddy-profile-roundtrip.property.test.ts[2m > [22m[2mProperty 6: BuddyProfile Data Round-Trip[2m > [22m[2mshould return matching data on GET after POST for any valid payload
[22m[39mprisma:query INSERT INTO "public"."buddy_profiles" ("id","user_id","full_name","role_title","bio","avatar_url","major","skills","design_tools","interests","social_links","completion_pct","created_at","updated_at") VALUES ($1,$2,$3,$4,$5,$6,$7,$8,$9,$10,$11,$12,$13,$14) RETURNING "public"."buddy_profiles"."id", "public"."buddy_profiles"."user_id", "public"."buddy_profiles"."full_name", "public"."buddy_profiles"."role_title", "public"."buddy_profiles"."bio", "public"."buddy_profiles"."avatar_url", "public"."buddy_profiles"."major"::text, "public"."buddy_profiles"."skills", "public"."buddy_profiles"."design_tools", "public"."buddy_profiles"."interests", "public"."buddy_profiles"."social_links", "public"."buddy_profiles"."completion_pct", "public"."buddy_profiles"."created_at", "public"."buddy_profiles"."updated_at"

[90mstdout[2m | tests/buddy/buddy-profile-roundtrip.property.test.ts[2m > [22m[2mProperty 6: BuddyProfile Data Round-Trip[2m > [22m[2mshould return matching data on GET after POST for any valid payload
[22m[39mprisma:query SELECT "public"."buddy_profiles"."id", "public"."buddy_profiles"."user_id", "public"."buddy_profiles"."full_name", "public"."buddy_profiles"."role_title", "public"."buddy_profiles"."bio", "public"."buddy_profiles"."avatar_url", "public"."buddy_profiles"."major"::text, "public"."buddy_profiles"."skills", "public"."buddy_profiles"."design_tools", "public"."buddy_profiles"."interests", "public"."buddy_profiles"."social_links", "public"."buddy_profiles"."completion_pct", "public"."buddy_profiles"."created_at", "public"."buddy_profiles"."updated_at" FROM "public"."buddy_profiles" WHERE ("public"."buddy_profiles"."user_id" = $1 AND 1=1) LIMIT $2 OFFSET $3

[90mstdout[2m | tests/buddy/buddy-profile-roundtrip.property.test.ts[2m > [22m[2mProperty 6: BuddyProfile Data Round-Trip[2m > [22m[2mshould return matching data on GET after POST for any valid payload
[22m[39mprisma:query INSERT INTO "public"."users" ("id","email","password_hash","role","created_at","updated_at") VALUES ($1,$2,$3,CAST($4::text AS "public"."UserRole"),$5,$6) RETURNING "public"."users"."id", "public"."users"."email", "public"."users"."password_hash", "public"."users"."role"::text, "public"."users"."created_at", "public"."users"."updated_at"

[90mstdout[2m | tests/buddy/buddy-profile-roundtrip.property.test.ts[2m > [22m[2mProperty 6: BuddyProfile Data Round-Trip[2m > [22m[2mshould return matching data on GET after POST for any valid payload
[22m[39mprisma:query SELECT "public"."buddy_profiles"."id", "public"."buddy_profiles"."user_id", "public"."buddy_profiles"."full_name", "public"."buddy_profiles"."role_title", "public"."buddy_profiles"."bio", "public"."buddy_profiles"."avatar_url", "public"."buddy_profiles"."major"::text, "public"."buddy_profiles"."skills", "public"."buddy_profiles"."design_tools", "public"."buddy_profiles"."interests", "public"."buddy_profiles"."social_links", "public"."buddy_profiles"."completion_pct", "public"."buddy_profiles"."created_at", "public"."buddy_profiles"."updated_at" FROM "public"."buddy_profiles" WHERE ("public"."buddy_profiles"."user_id" = $1 AND 1=1) LIMIT $2 OFFSET $3

[90mstdout[2m | tests/buddy/buddy-profile-roundtrip.property.test.ts[2m > [22m[2mProperty 6: BuddyProfile Data Round-Trip[2m > [22m[2mshould return matching data on GET after POST for any valid payload
[22m[39mprisma:query INSERT INTO "public"."buddy_profiles" ("id","user_id","full_name","role_title","bio","avatar_url","major","skills","design_tools","interests","social_links","completion_pct","created_at","updated_at") VALUES ($1,$2,$3,$4,$5,$6,CAST($7::text AS "public"."Major"),$8,$9,$10,$11,$12,$13,$14) RETURNING "public"."buddy_profiles"."id", "public"."buddy_profiles"."user_id", "public"."buddy_profiles"."full_name", "public"."buddy_profiles"."role_title", "public"."buddy_profiles"."bio", "public"."buddy_profiles"."avatar_url", "public"."buddy_profiles"."major"::text, "public"."buddy_profiles"."skills", "public"."buddy_profiles"."design_tools", "public"."buddy_profiles"."interests", "public"."buddy_profiles"."social_links", "public"."buddy_profiles"."completion_pct", "public"."buddy_profiles"."created_at", "public"."buddy_profiles"."updated_at"

[90mstdout[2m | tests/buddy/buddy-profile-roundtrip.property.test.ts[2m > [22m[2mProperty 6: BuddyProfile Data Round-Trip[2m > [22m[2mshould return matching data on GET after POST for any valid payload
[22m[39mprisma:query SELECT "public"."buddy_profiles"."id", "public"."buddy_profiles"."user_id", "public"."buddy_profiles"."full_name", "public"."buddy_profiles"."role_title", "public"."buddy_profiles"."bio", "public"."buddy_profiles"."avatar_url", "public"."buddy_profiles"."major"::text, "public"."buddy_profiles"."skills", "public"."buddy_profiles"."design_tools", "public"."buddy_profiles"."interests", "public"."buddy_profiles"."social_links", "public"."buddy_profiles"."completion_pct", "public"."buddy_profiles"."created_at", "public"."buddy_profiles"."updated_at" FROM "public"."buddy_profiles" WHERE ("public"."buddy_profiles"."user_id" = $1 AND 1=1) LIMIT $2 OFFSET $3

[90mstdout[2m | tests/buddy/buddy-profile-roundtrip.property.test.ts[2m > [22m[2mProperty 6: BuddyProfile Data Round-Trip[2m > [22m[2mshould return matching data on GET after POST for any valid payload
[22m[39mprisma:query INSERT INTO "public"."users" ("id","email","password_hash","role","created_at","updated_at") VALUES ($1,$2,$3,CAST($4::text AS "public"."UserRole"),$5,$6) RETURNING "public"."users"."id", "public"."users"."email", "public"."users"."password_hash", "public"."users"."role"::text, "public"."users"."created_at", "public"."users"."updated_at"

[90mstdout[2m | tests/buddy/buddy-profile-roundtrip.property.test.ts[2m > [22m[2mProperty 6: BuddyProfile Data Round-Trip[2m > [22m[2mshould return matching data on GET after POST for any valid payload
[22m[39mprisma:query SELECT "public"."buddy_profiles"."id", "public"."buddy_profiles"."user_id", "public"."buddy_profiles"."full_name", "public"."buddy_profiles"."role_title", "public"."buddy_profiles"."bio", "public"."buddy_profiles"."avatar_url", "public"."buddy_profiles"."major"::text, "public"."buddy_profiles"."skills", "public"."buddy_profiles"."design_tools", "public"."buddy_profiles"."interests", "public"."buddy_profiles"."social_links", "public"."buddy_profiles"."completion_pct", "public"."buddy_profiles"."created_at", "public"."buddy_profiles"."updated_at" FROM "public"."buddy_profiles" WHERE ("public"."buddy_profiles"."user_id" = $1 AND 1=1) LIMIT $2 OFFSET $3

[90mstdout[2m | tests/buddy/buddy-profile-roundtrip.property.test.ts[2m > [22m[2mProperty 6: BuddyProfile Data Round-Trip[2m > [22m[2mshould return matching data on GET after POST for any valid payload
[22m[39mprisma:query INSERT INTO "public"."buddy_profiles" ("id","user_id","full_name","role_title","bio","avatar_url","major","skills","design_tools","interests","social_links","completion_pct","created_at","updated_at") VALUES ($1,$2,$3,$4,$5,$6,$7,$8,$9,$10,$11,$12,$13,$14) RETURNING "public"."buddy_profiles"."id", "public"."buddy_profiles"."user_id", "public"."buddy_profiles"."full_name", "public"."buddy_profiles"."role_title", "public"."buddy_profiles"."bio", "public"."buddy_profiles"."avatar_url", "public"."buddy_profiles"."major"::text, "public"."buddy_profiles"."skills", "public"."buddy_profiles"."design_tools", "public"."buddy_profiles"."interests", "public"."buddy_profiles"."social_links", "public"."buddy_profiles"."completion_pct", "public"."buddy_profiles"."created_at", "public"."buddy_profiles"."updated_at"

[90mstdout[2m | tests/buddy/buddy-profile-roundtrip.property.test.ts[2m > [22m[2mProperty 6: BuddyProfile Data Round-Trip[2m > [22m[2mshould return matching data on GET after POST for any valid payload
[22m[39mprisma:query SELECT "public"."buddy_profiles"."id", "public"."buddy_profiles"."user_id", "public"."buddy_profiles"."full_name", "public"."buddy_profiles"."role_title", "public"."buddy_profiles"."bio", "public"."buddy_profiles"."avatar_url", "public"."buddy_profiles"."major"::text, "public"."buddy_profiles"."skills", "public"."buddy_profiles"."design_tools", "public"."buddy_profiles"."interests", "public"."buddy_profiles"."social_links", "public"."buddy_profiles"."completion_pct", "public"."buddy_profiles"."created_at", "public"."buddy_profiles"."updated_at" FROM "public"."buddy_profiles" WHERE ("public"."buddy_profiles"."user_id" = $1 AND 1=1) LIMIT $2 OFFSET $3

[90mstdout[2m | tests/buddy/buddy-profile-roundtrip.property.test.ts[2m > [22m[2mProperty 6: BuddyProfile Data Round-Trip[2m > [22m[2mshould return matching data on GET after POST for any valid payload
[22m[39mprisma:query INSERT INTO "public"."users" ("id","email","password_hash","role","created_at","updated_at") VALUES ($1,$2,$3,CAST($4::text AS "public"."UserRole"),$5,$6) RETURNING "public"."users"."id", "public"."users"."email", "public"."users"."password_hash", "public"."users"."role"::text, "public"."users"."created_at", "public"."users"."updated_at"

[90mstdout[2m | tests/buddy/buddy-profile-roundtrip.property.test.ts[2m > [22m[2mProperty 6: BuddyProfile Data Round-Trip[2m > [22m[2mshould return matching data on GET after POST for any valid payload
[22m[39mprisma:query SELECT "public"."buddy_profiles"."id", "public"."buddy_profiles"."user_id", "public"."buddy_profiles"."full_name", "public"."buddy_profiles"."role_title", "public"."buddy_profiles"."bio", "public"."buddy_profiles"."avatar_url", "public"."buddy_profiles"."major"::text, "public"."buddy_profiles"."skills", "public"."buddy_profiles"."design_tools", "public"."buddy_profiles"."interests", "public"."buddy_profiles"."social_links", "public"."buddy_profiles"."completion_pct", "public"."buddy_profiles"."created_at", "public"."buddy_profiles"."updated_at" FROM "public"."buddy_profiles" WHERE ("public"."buddy_profiles"."user_id" = $1 AND 1=1) LIMIT $2 OFFSET $3

[90mstdout[2m | tests/buddy/buddy-profile-roundtrip.property.test.ts[2m > [22m[2mProperty 6: BuddyProfile Data Round-Trip[2m > [22m[2mshould return matching data on GET after POST for any valid payload
[22m[39mprisma:query INSERT INTO "public"."buddy_profiles" ("id","user_id","full_name","role_title","bio","avatar_url","major","skills","design_tools","interests","social_links","completion_pct","created_at","updated_at") VALUES ($1,$2,$3,$4,$5,$6,$7,$8,$9,$10,$11,$12,$13,$14) RETURNING "public"."buddy_profiles"."id", "public"."buddy_profiles"."user_id", "public"."buddy_profiles"."full_name", "public"."buddy_profiles"."role_title", "public"."buddy_profiles"."bio", "public"."buddy_profiles"."avatar_url", "public"."buddy_profiles"."major"::text, "public"."buddy_profiles"."skills", "public"."buddy_profiles"."design_tools", "public"."buddy_profiles"."interests", "public"."buddy_profiles"."social_links", "public"."buddy_profiles"."completion_pct", "public"."buddy_profiles"."created_at", "public"."buddy_profiles"."updated_at"

[90mstdout[2m | tests/buddy/buddy-profile-roundtrip.property.test.ts[2m > [22m[2mProperty 6: BuddyProfile Data Round-Trip[2m > [22m[2mshould return matching data on GET after POST for any valid payload
[22m[39mprisma:query SELECT "public"."buddy_profiles"."id", "public"."buddy_profiles"."user_id", "public"."buddy_profiles"."full_name", "public"."buddy_profiles"."role_title", "public"."buddy_profiles"."bio", "public"."buddy_profiles"."avatar_url", "public"."buddy_profiles"."major"::text, "public"."buddy_profiles"."skills", "public"."buddy_profiles"."design_tools", "public"."buddy_profiles"."interests", "public"."buddy_profiles"."social_links", "public"."buddy_profiles"."completion_pct", "public"."buddy_profiles"."created_at", "public"."buddy_profiles"."updated_at" FROM "public"."buddy_profiles" WHERE ("public"."buddy_profiles"."user_id" = $1 AND 1=1) LIMIT $2 OFFSET $3

[90mstdout[2m | tests/buddy/buddy-profile-roundtrip.property.test.ts[2m > [22m[2mProperty 6: BuddyProfile Data Round-Trip[2m > [22m[2mshould return matching data on GET after POST for any valid payload
[22m[39mprisma:query INSERT INTO "public"."users" ("id","email","password_hash","role","created_at","updated_at") VALUES ($1,$2,$3,CAST($4::text AS "public"."UserRole"),$5,$6) RETURNING "public"."users"."id", "public"."users"."email", "public"."users"."password_hash", "public"."users"."role"::text, "public"."users"."created_at", "public"."users"."updated_at"

[90mstdout[2m | tests/buddy/buddy-profile-roundtrip.property.test.ts[2m > [22m[2mProperty 6: BuddyProfile Data Round-Trip[2m > [22m[2mshould return matching data on GET after POST for any valid payload
[22m[39mprisma:query SELECT "public"."buddy_profiles"."id", "public"."buddy_profiles"."user_id", "public"."buddy_profiles"."full_name", "public"."buddy_profiles"."role_title", "public"."buddy_profiles"."bio", "public"."buddy_profiles"."avatar_url", "public"."buddy_profiles"."major"::text, "public"."buddy_profiles"."skills", "public"."buddy_profiles"."design_tools", "public"."buddy_profiles"."interests", "public"."buddy_profiles"."social_links", "public"."buddy_profiles"."completion_pct", "public"."buddy_profiles"."created_at", "public"."buddy_profiles"."updated_at" FROM "public"."buddy_profiles" WHERE ("public"."buddy_profiles"."user_id" = $1 AND 1=1) LIMIT $2 OFFSET $3

[90mstdout[2m | tests/buddy/buddy-profile-roundtrip.property.test.ts[2m > [22m[2mProperty 6: BuddyProfile Data Round-Trip[2m > [22m[2mshould return matching data on GET after POST for any valid payload
[22m[39mprisma:query INSERT INTO "public"."buddy_profiles" ("id","user_id","full_name","role_title","bio","avatar_url","major","skills","design_tools","interests","social_links","completion_pct","created_at","updated_at") VALUES ($1,$2,$3,$4,$5,$6,CAST($7::text AS "public"."Major"),$8,$9,$10,$11,$12,$13,$14) RETURNING "public"."buddy_profiles"."id", "public"."buddy_profiles"."user_id", "public"."buddy_profiles"."full_name", "public"."buddy_profiles"."role_title", "public"."buddy_profiles"."bio", "public"."buddy_profiles"."avatar_url", "public"."buddy_profiles"."major"::text, "public"."buddy_profiles"."skills", "public"."buddy_profiles"."design_tools", "public"."buddy_profiles"."interests", "public"."buddy_profiles"."social_links", "public"."buddy_profiles"."completion_pct", "public"."buddy_profiles"."created_at", "public"."buddy_profiles"."updated_at"

[90mstdout[2m | tests/buddy/buddy-profile-roundtrip.property.test.ts[2m > [22m[2mProperty 6: BuddyProfile Data Round-Trip[2m > [22m[2mshould return matching data on GET after POST for any valid payload
[22m[39mprisma:query SELECT "public"."buddy_profiles"."id", "public"."buddy_profiles"."user_id", "public"."buddy_profiles"."full_name", "public"."buddy_profiles"."role_title", "public"."buddy_profiles"."bio", "public"."buddy_profiles"."avatar_url", "public"."buddy_profiles"."major"::text, "public"."buddy_profiles"."skills", "public"."buddy_profiles"."design_tools", "public"."buddy_profiles"."interests", "public"."buddy_profiles"."social_links", "public"."buddy_profiles"."completion_pct", "public"."buddy_profiles"."created_at", "public"."buddy_profiles"."updated_at" FROM "public"."buddy_profiles" WHERE ("public"."buddy_profiles"."user_id" = $1 AND 1=1) LIMIT $2 OFFSET $3

[90mstdout[2m | tests/buddy/buddy-profile-roundtrip.property.test.ts[2m > [22m[2mProperty 6: BuddyProfile Data Round-Trip[2m > [22m[2mshould return matching data on GET after POST for any valid payload
[22m[39mprisma:query INSERT INTO "public"."users" ("id","email","password_hash","role","created_at","updated_at") VALUES ($1,$2,$3,CAST($4::text AS "public"."UserRole"),$5,$6) RETURNING "public"."users"."id", "public"."users"."email", "public"."users"."password_hash", "public"."users"."role"::text, "public"."users"."created_at", "public"."users"."updated_at"

[90mstdout[2m | tests/buddy/buddy-profile-roundtrip.property.test.ts[2m > [22m[2mProperty 6: BuddyProfile Data Round-Trip[2m > [22m[2mshould return matching data on GET after POST for any valid payload
[22m[39mprisma:query SELECT "public"."buddy_profiles"."id", "public"."buddy_profiles"."user_id", "public"."buddy_profiles"."full_name", "public"."buddy_profiles"."role_title", "public"."buddy_profiles"."bio", "public"."buddy_profiles"."avatar_url", "public"."buddy_profiles"."major"::text, "public"."buddy_profiles"."skills", "public"."buddy_profiles"."design_tools", "public"."buddy_profiles"."interests", "public"."buddy_profiles"."social_links", "public"."buddy_profiles"."completion_pct", "public"."buddy_profiles"."created_at", "public"."buddy_profiles"."updated_at" FROM "public"."buddy_profiles" WHERE ("public"."buddy_profiles"."user_id" = $1 AND 1=1) LIMIT $2 OFFSET $3

[90mstdout[2m | tests/buddy/buddy-profile-roundtrip.property.test.ts[2m > [22m[2mProperty 6: BuddyProfile Data Round-Trip[2m > [22m[2mshould return matching data on GET after POST for any valid payload
[22m[39mprisma:query INSERT INTO "public"."buddy_profiles" ("id","user_id","full_name","role_title","bio","avatar_url","major","skills","design_tools","interests","social_links","completion_pct","created_at","updated_at") VALUES ($1,$2,$3,$4,$5,$6,$7,$8,$9,$10,$11,$12,$13,$14) RETURNING "public"."buddy_profiles"."id", "public"."buddy_profiles"."user_id", "public"."buddy_profiles"."full_name", "public"."buddy_profiles"."role_title", "public"."buddy_profiles"."bio", "public"."buddy_profiles"."avatar_url", "public"."buddy_profiles"."major"::text, "public"."buddy_profiles"."skills", "public"."buddy_profiles"."design_tools", "public"."buddy_profiles"."interests", "public"."buddy_profiles"."social_links", "public"."buddy_profiles"."completion_pct", "public"."buddy_profiles"."created_at", "public"."buddy_profiles"."updated_at"

[90mstdout[2m | tests/buddy/buddy-profile-roundtrip.property.test.ts[2m > [22m[2mProperty 6: BuddyProfile Data Round-Trip[2m > [22m[2mshould return matching data on GET after POST for any valid payload
[22m[39mprisma:query SELECT "public"."buddy_profiles"."id", "public"."buddy_profiles"."user_id", "public"."buddy_profiles"."full_name", "public"."buddy_profiles"."role_title", "public"."buddy_profiles"."bio", "public"."buddy_profiles"."avatar_url", "public"."buddy_profiles"."major"::text, "public"."buddy_profiles"."skills", "public"."buddy_profiles"."design_tools", "public"."buddy_profiles"."interests", "public"."buddy_profiles"."social_links", "public"."buddy_profiles"."completion_pct", "public"."buddy_profiles"."created_at", "public"."buddy_profiles"."updated_at" FROM "public"."buddy_profiles" WHERE ("public"."buddy_profiles"."user_id" = $1 AND 1=1) LIMIT $2 OFFSET $3

[90mstdout[2m | tests/buddy/buddy-profile-roundtrip.property.test.ts[2m > [22m[2mProperty 6: BuddyProfile Data Round-Trip[2m > [22m[2mshould return matching data on GET after POST for any valid payload
[22m[39mprisma:query INSERT INTO "public"."users" ("id","email","password_hash","role","created_at","updated_at") VALUES ($1,$2,$3,CAST($4::text AS "public"."UserRole"),$5,$6) RETURNING "public"."users"."id", "public"."users"."email", "public"."users"."password_hash", "public"."users"."role"::text, "public"."users"."created_at", "public"."users"."updated_at"

[90mstdout[2m | tests/buddy/buddy-profile-roundtrip.property.test.ts[2m > [22m[2mProperty 6: BuddyProfile Data Round-Trip[2m > [22m[2mshould return matching data on GET after POST for any valid payload
[22m[39mprisma:query SELECT "public"."buddy_profiles"."id", "public"."buddy_profiles"."user_id", "public"."buddy_profiles"."full_name", "public"."buddy_profiles"."role_title", "public"."buddy_profiles"."bio", "public"."buddy_profiles"."avatar_url", "public"."buddy_profiles"."major"::text, "public"."buddy_profiles"."skills", "public"."buddy_profiles"."design_tools", "public"."buddy_profiles"."interests", "public"."buddy_profiles"."social_links", "public"."buddy_profiles"."completion_pct", "public"."buddy_profiles"."created_at", "public"."buddy_profiles"."updated_at" FROM "public"."buddy_profiles" WHERE ("public"."buddy_profiles"."user_id" = $1 AND 1=1) LIMIT $2 OFFSET $3

[90mstdout[2m | tests/buddy/buddy-profile-roundtrip.property.test.ts[2m > [22m[2mProperty 6: BuddyProfile Data Round-Trip[2m > [22m[2mshould return matching data on GET after POST for any valid payload
[22m[39mprisma:query INSERT INTO "public"."buddy_profiles" ("id","user_id","full_name","role_title","bio","avatar_url","major","skills","design_tools","interests","social_links","completion_pct","created_at","updated_at") VALUES ($1,$2,$3,$4,$5,$6,$7,$8,$9,$10,$11,$12,$13,$14) RETURNING "public"."buddy_profiles"."id", "public"."buddy_profiles"."user_id", "public"."buddy_profiles"."full_name", "public"."buddy_profiles"."role_title", "public"."buddy_profiles"."bio", "public"."buddy_profiles"."avatar_url", "public"."buddy_profiles"."major"::text, "public"."buddy_profiles"."skills", "public"."buddy_profiles"."design_tools", "public"."buddy_profiles"."interests", "public"."buddy_profiles"."social_links", "public"."buddy_profiles"."completion_pct", "public"."buddy_profiles"."created_at", "public"."buddy_profiles"."updated_at"

[90mstdout[2m | tests/buddy/buddy-profile-roundtrip.property.test.ts[2m > [22m[2mProperty 6: BuddyProfile Data Round-Trip[2m > [22m[2mshould return matching data on GET after POST for any valid payload
[22m[39mprisma:query SELECT "public"."buddy_profiles"."id", "public"."buddy_profiles"."user_id", "public"."buddy_profiles"."full_name", "public"."buddy_profiles"."role_title", "public"."buddy_profiles"."bio", "public"."buddy_profiles"."avatar_url", "public"."buddy_profiles"."major"::text, "public"."buddy_profiles"."skills", "public"."buddy_profiles"."design_tools", "public"."buddy_profiles"."interests", "public"."buddy_profiles"."social_links", "public"."buddy_profiles"."completion_pct", "public"."buddy_profiles"."created_at", "public"."buddy_profiles"."updated_at" FROM "public"."buddy_profiles" WHERE ("public"."buddy_profiles"."user_id" = $1 AND 1=1) LIMIT $2 OFFSET $3

[90mstdout[2m | tests/buddy/buddy-profile-roundtrip.property.test.ts[2m > [22m[2mProperty 6: BuddyProfile Data Round-Trip[2m > [22m[2mshould return matching data on GET after POST for any valid payload
[22m[39mprisma:query INSERT INTO "public"."users" ("id","email","password_hash","role","created_at","updated_at") VALUES ($1,$2,$3,CAST($4::text AS "public"."UserRole"),$5,$6) RETURNING "public"."users"."id", "public"."users"."email", "public"."users"."password_hash", "public"."users"."role"::text, "public"."users"."created_at", "public"."users"."updated_at"

[90mstdout[2m | tests/buddy/buddy-profile-roundtrip.property.test.ts[2m > [22m[2mProperty 6: BuddyProfile Data Round-Trip[2m > [22m[2mshould return matching data on GET after POST for any valid payload
[22m[39mprisma:query SELECT "public"."buddy_profiles"."id", "public"."buddy_profiles"."user_id", "public"."buddy_profiles"."full_name", "public"."buddy_profiles"."role_title", "public"."buddy_profiles"."bio", "public"."buddy_profiles"."avatar_url", "public"."buddy_profiles"."major"::text, "public"."buddy_profiles"."skills", "public"."buddy_profiles"."design_tools", "public"."buddy_profiles"."interests", "public"."buddy_profiles"."social_links", "public"."buddy_profiles"."completion_pct", "public"."buddy_profiles"."created_at", "public"."buddy_profiles"."updated_at" FROM "public"."buddy_profiles" WHERE ("public"."buddy_profiles"."user_id" = $1 AND 1=1) LIMIT $2 OFFSET $3

[90mstdout[2m | tests/buddy/buddy-profile-roundtrip.property.test.ts[2m > [22m[2mProperty 6: BuddyProfile Data Round-Trip[2m > [22m[2mshould return matching data on GET after POST for any valid payload
[22m[39mprisma:query INSERT INTO "public"."buddy_profiles" ("id","user_id","full_name","role_title","bio","avatar_url","major","skills","design_tools","interests","social_links","completion_pct","created_at","updated_at") VALUES ($1,$2,$3,$4,$5,$6,CAST($7::text AS "public"."Major"),$8,$9,$10,$11,$12,$13,$14) RETURNING "public"."buddy_profiles"."id", "public"."buddy_profiles"."user_id", "public"."buddy_profiles"."full_name", "public"."buddy_profiles"."role_title", "public"."buddy_profiles"."bio", "public"."buddy_profiles"."avatar_url", "public"."buddy_profiles"."major"::text, "public"."buddy_profiles"."skills", "public"."buddy_profiles"."design_tools", "public"."buddy_profiles"."interests", "public"."buddy_profiles"."social_links", "public"."buddy_profiles"."completion_pct", "public"."buddy_profiles"."created_at", "public"."buddy_profiles"."updated_at"

[90mstdout[2m | tests/buddy/buddy-profile-roundtrip.property.test.ts[2m > [22m[2mProperty 6: BuddyProfile Data Round-Trip[2m > [22m[2mshould return matching data on GET after POST for any valid payload
[22m[39mprisma:query SELECT "public"."buddy_profiles"."id", "public"."buddy_profiles"."user_id", "public"."buddy_profiles"."full_name", "public"."buddy_profiles"."role_title", "public"."buddy_profiles"."bio", "public"."buddy_profiles"."avatar_url", "public"."buddy_profiles"."major"::text, "public"."buddy_profiles"."skills", "public"."buddy_profiles"."design_tools", "public"."buddy_profiles"."interests", "public"."buddy_profiles"."social_links", "public"."buddy_profiles"."completion_pct", "public"."buddy_profiles"."created_at", "public"."buddy_profiles"."updated_at" FROM "public"."buddy_profiles" WHERE ("public"."buddy_profiles"."user_id" = $1 AND 1=1) LIMIT $2 OFFSET $3

[90mstdout[2m | tests/buddy/buddy-profile-roundtrip.property.test.ts[2m > [22m[2mProperty 6: BuddyProfile Data Round-Trip[2m > [22m[2mshould return matching data on GET after POST for any valid payload
[22m[39mprisma:query INSERT INTO "public"."users" ("id","email","password_hash","role","created_at","updated_at") VALUES ($1,$2,$3,CAST($4::text AS "public"."UserRole"),$5,$6) RETURNING "public"."users"."id", "public"."users"."email", "public"."users"."password_hash", "public"."users"."role"::text, "public"."users"."created_at", "public"."users"."updated_at"

[90mstdout[2m | tests/buddy/buddy-profile-roundtrip.property.test.ts[2m > [22m[2mProperty 6: BuddyProfile Data Round-Trip[2m > [22m[2mshould return matching data on GET after POST for any valid payload
[22m[39mprisma:query SELECT "public"."buddy_profiles"."id", "public"."buddy_profiles"."user_id", "public"."buddy_profiles"."full_name", "public"."buddy_profiles"."role_title", "public"."buddy_profiles"."bio", "public"."buddy_profiles"."avatar_url", "public"."buddy_profiles"."major"::text, "public"."buddy_profiles"."skills", "public"."buddy_profiles"."design_tools", "public"."buddy_profiles"."interests", "public"."buddy_profiles"."social_links", "public"."buddy_profiles"."completion_pct", "public"."buddy_profiles"."created_at", "public"."buddy_profiles"."updated_at" FROM "public"."buddy_profiles" WHERE ("public"."buddy_profiles"."user_id" = $1 AND 1=1) LIMIT $2 OFFSET $3

[90mstdout[2m | tests/buddy/buddy-profile-roundtrip.property.test.ts[2m > [22m[2mProperty 6: BuddyProfile Data Round-Trip[2m > [22m[2mshould return matching data on GET after POST for any valid payload
[22m[39mprisma:query INSERT INTO "public"."buddy_profiles" ("id","user_id","full_name","role_title","bio","avatar_url","major","skills","design_tools","interests","social_links","completion_pct","created_at","updated_at") VALUES ($1,$2,$3,$4,$5,$6,$7,$8,$9,$10,$11,$12,$13,$14) RETURNING "public"."buddy_profiles"."id", "public"."buddy_profiles"."user_id", "public"."buddy_profiles"."full_name", "public"."buddy_profiles"."role_title", "public"."buddy_profiles"."bio", "public"."buddy_profiles"."avatar_url", "public"."buddy_profiles"."major"::text, "public"."buddy_profiles"."skills", "public"."buddy_profiles"."design_tools", "public"."buddy_profiles"."interests", "public"."buddy_profiles"."social_links", "public"."buddy_profiles"."completion_pct", "public"."buddy_profiles"."created_at", "public"."buddy_profiles"."updated_at"

[90mstdout[2m | tests/buddy/buddy-profile-roundtrip.property.test.ts[2m > [22m[2mProperty 6: BuddyProfile Data Round-Trip[2m > [22m[2mshould return matching data on GET after POST for any valid payload
[22m[39mprisma:query SELECT "public"."buddy_profiles"."id", "public"."buddy_profiles"."user_id", "public"."buddy_profiles"."full_name", "public"."buddy_profiles"."role_title", "public"."buddy_profiles"."bio", "public"."buddy_profiles"."avatar_url", "public"."buddy_profiles"."major"::text, "public"."buddy_profiles"."skills", "public"."buddy_profiles"."design_tools", "public"."buddy_profiles"."interests", "public"."buddy_profiles"."social_links", "public"."buddy_profiles"."completion_pct", "public"."buddy_profiles"."created_at", "public"."buddy_profiles"."updated_at" FROM "public"."buddy_profiles" WHERE ("public"."buddy_profiles"."user_id" = $1 AND 1=1) LIMIT $2 OFFSET $3

 [31mΓ¥»[39m tests/buddy/buddy-profile-roundtrip.property.test.ts [2m([22m[2m1 test[22m[2m | [22m[31m1 failed[39m[2m)[22m[33m 22220[2mms[22m[39m
[31m   [31m├ù[31m Property 6: BuddyProfile Data Round-Trip[2m > [22mshould return matching data on GET after POST for any valid payload[33m 22208[2mms[22m[31m[39m
[31m     ΓåÆ Property failed after 10 tests
{ seed: 1790335148, path: "9", endOnFailure: true }
Counterexample: [{"fullName":"q*oc0,C))","roleTitle":"]o5r","bio":"/eA03","avatarUrl":undefined,"major":undefined,"skills":["14=hczq+","#A8Cn~I8F]","@"],"designTools":["!>]#*","Ki5P8<%X","|A="],"interests":[],"socialLinks":undefined}]
Shrunk 0 time(s)
Got AssertionError: expected 404 to be 200 // Object.is equality
    at C:\Users\Admin\Documents\SchoolStuff\Ky8\EXE201\ProjectEXE\PortfolioTutTat\tests\buddy\buddy-profile-roundtrip.property.test.ts:158:33
    at AsyncProperty.run (file:///C:/Users/Admin/Documents/SchoolStuff/Ky8/EXE201/ProjectEXE/PortfolioTutTat/node_modules/fast-check/lib/esm/check/property/AsyncProperty.generic.js:46:28)
    at asyncRunIt (file:///C:/Users/Admin/Documents/SchoolStuff/Ky8/EXE201/ProjectEXE/PortfolioTutTat/node_modules/fast-check/lib/esm/check/runner/Runner.js:33:21)
    at it.timeout (C:\Users\Admin\Documents\SchoolStuff\Ky8\EXE201\ProjectEXE\PortfolioTutTat\tests\buddy\buddy-profile-roundtrip.property.test.ts:135:7)
    at file:///C:/Users/Admin/Documents/SchoolStuff/Ky8/EXE201/ProjectEXE/PortfolioTutTat/node_modules/@vitest/runner/dist/index.js:533:5
    at runTest (file:///C:/Users/Admin/Documents/SchoolStuff/Ky8/EXE201/ProjectEXE/PortfolioTutTat/node_modules/@vitest/runner/dist/index.js:1056:11)
    at runSuite (file:///C:/Users/Admin/Documents/SchoolStuff/Ky8/EXE201/ProjectEXE/PortfolioTutTat/node_modules/@vitest/runner/dist/index.js:1205:15)
    at runSuite (file:///C:/Users/Admin/Documents/SchoolStuff/Ky8/EXE201/ProjectEXE/PortfolioTutTat/node_modules/@vitest/runner/dist/index.js:1205:15)
    at runFiles (file:///C:/Users/Admin/Documents/SchoolStuff/Ky8/EXE201/ProjectEXE/PortfolioTutTat/node_modules/@vitest/runner/dist/index.js:1262:5)
    at startTests (file:///C:/Users/Admin/Documents/SchoolStuff/Ky8/EXE201/ProjectEXE/PortfolioTutTat/node_modules/@vitest/runner/dist/index.js:1271:3)

Hint: Enable verbose mode in order to have the list of all failing values encountered during the run[39m
[90mstdout[2m | tests/applications/portfolio-selector.property.test.ts[2m > [22m[2mProperty 25: Portfolio Selector Shows Only Public Portfolios[2m > [22m[2mshould only return public projects and exclude draft/pending_feedback projects
[22m[39mprisma:query SELECT "public"."profiles"."id", "public"."profiles"."user_id", "public"."profiles"."full_name", "public"."profiles"."role_title", "public"."profiles"."bio", "public"."profiles"."avatar_url", "public"."profiles"."major"::text, "public"."profiles"."skills", "public"."profiles"."design_tools", "public"."profiles"."interests", "public"."profiles"."social_links", "public"."profiles"."completion_pct", "public"."profiles"."created_at", "public"."profiles"."updated_at" FROM "public"."profiles" WHERE ("public"."profiles"."user_id" = $1 AND 1=1) LIMIT $2 OFFSET $3

[90mstdout[2m | tests/applications/portfolio-selector.property.test.ts[2m > [22m[2mProperty 25: Portfolio Selector Shows Only Public Portfolios[2m > [22m[2mshould only return public projects and exclude draft/pending_feedback projects
[22m[39mprisma:query SELECT "public"."projects"."id", "public"."projects"."title", "public"."projects"."description", "public"."projects"."tags", "public"."projects"."is_approved", "public"."projects"."created_at" FROM "public"."projects" WHERE ("public"."projects"."mentee_id" = $1 AND "public"."projects"."status" = CAST($2::text AS "public"."ProjectStatus")) ORDER BY "public"."projects"."created_at" DESC OFFSET $3

[90mstdout[2m | tests/applications/portfolio-selector.property.test.ts[2m > [22m[2mProperty 25: Portfolio Selector Shows Only Public Portfolios[2m > [22m[2mshould only return public projects and exclude draft/pending_feedback projects
[22m[39mprisma:query SELECT "public"."profiles"."id", "public"."profiles"."user_id", "public"."profiles"."full_name", "public"."profiles"."role_title", "public"."profiles"."bio", "public"."profiles"."avatar_url", "public"."profiles"."major"::text, "public"."profiles"."skills", "public"."profiles"."design_tools", "public"."profiles"."interests", "public"."profiles"."social_links", "public"."profiles"."completion_pct", "public"."profiles"."created_at", "public"."profiles"."updated_at" FROM "public"."profiles" WHERE ("public"."profiles"."user_id" = $1 AND 1=1) LIMIT $2 OFFSET $3

[90mstdout[2m | tests/applications/portfolio-selector.property.test.ts[2m > [22m[2mProperty 25: Portfolio Selector Shows Only Public Portfolios[2m > [22m[2mshould only return public projects and exclude draft/pending_feedback projects
[22m[39mprisma:query SELECT "public"."projects"."id", "public"."projects"."title", "public"."projects"."description", "public"."projects"."tags", "public"."projects"."is_approved", "public"."projects"."created_at" FROM "public"."projects" WHERE ("public"."projects"."mentee_id" = $1 AND "public"."projects"."status" = CAST($2::text AS "public"."ProjectStatus")) ORDER BY "public"."projects"."created_at" DESC OFFSET $3

[90mstdout[2m | tests/applications/portfolio-selector.property.test.ts[2m > [22m[2mProperty 25: Portfolio Selector Shows Only Public Portfolios[2m > [22m[2mshould only return public projects and exclude draft/pending_feedback projects
[22m[39mprisma:query SELECT "public"."profiles"."id", "public"."profiles"."user_id", "public"."profiles"."full_name", "public"."profiles"."role_title", "public"."profiles"."bio", "public"."profiles"."avatar_url", "public"."profiles"."major"::text, "public"."profiles"."skills", "public"."profiles"."design_tools", "public"."profiles"."interests", "public"."profiles"."social_links", "public"."profiles"."completion_pct", "public"."profiles"."created_at", "public"."profiles"."updated_at" FROM "public"."profiles" WHERE ("public"."profiles"."user_id" = $1 AND 1=1) LIMIT $2 OFFSET $3

[90mstdout[2m | tests/applications/portfolio-selector.property.test.ts[2m > [22m[2mProperty 25: Portfolio Selector Shows Only Public Portfolios[2m > [22m[2mshould only return public projects and exclude draft/pending_feedback projects
[22m[39mprisma:query SELECT "public"."projects"."id", "public"."projects"."title", "public"."projects"."description", "public"."projects"."tags", "public"."projects"."is_approved", "public"."projects"."created_at" FROM "public"."projects" WHERE ("public"."projects"."mentee_id" = $1 AND "public"."projects"."status" = CAST($2::text AS "public"."ProjectStatus")) ORDER BY "public"."projects"."created_at" DESC OFFSET $3

[90mstdout[2m | tests/applications/portfolio-selector.property.test.ts[2m > [22m[2mProperty 25: Portfolio Selector Shows Only Public Portfolios[2m > [22m[2mshould only return public projects and exclude draft/pending_feedback projects
[22m[39mprisma:query SELECT "public"."profiles"."id", "public"."profiles"."user_id", "public"."profiles"."full_name", "public"."profiles"."role_title", "public"."profiles"."bio", "public"."profiles"."avatar_url", "public"."profiles"."major"::text, "public"."profiles"."skills", "public"."profiles"."design_tools", "public"."profiles"."interests", "public"."profiles"."social_links", "public"."profiles"."completion_pct", "public"."profiles"."created_at", "public"."profiles"."updated_at" FROM "public"."profiles" WHERE ("public"."profiles"."user_id" = $1 AND 1=1) LIMIT $2 OFFSET $3

[90mstdout[2m | tests/applications/portfolio-selector.property.test.ts[2m > [22m[2mProperty 25: Portfolio Selector Shows Only Public Portfolios[2m > [22m[2mshould only return public projects and exclude draft/pending_feedback projects
[22m[39mprisma:query SELECT "public"."projects"."id", "public"."projects"."title", "public"."projects"."description", "public"."projects"."tags", "public"."projects"."is_approved", "public"."projects"."created_at" FROM "public"."projects" WHERE ("public"."projects"."mentee_id" = $1 AND "public"."projects"."status" = CAST($2::text AS "public"."ProjectStatus")) ORDER BY "public"."projects"."created_at" DESC OFFSET $3

[90mstdout[2m | tests/applications/portfolio-selector.property.test.ts[2m > [22m[2mProperty 25: Portfolio Selector Shows Only Public Portfolios[2m > [22m[2mshould only return public projects and exclude draft/pending_feedback projects
[22m[39mprisma:query SELECT "public"."profiles"."id", "public"."profiles"."user_id", "public"."profiles"."full_name", "public"."profiles"."role_title", "public"."profiles"."bio", "public"."profiles"."avatar_url", "public"."profiles"."major"::text, "public"."profiles"."skills", "public"."profiles"."design_tools", "public"."profiles"."interests", "public"."profiles"."social_links", "public"."profiles"."completion_pct", "public"."profiles"."created_at", "public"."profiles"."updated_at" FROM "public"."profiles" WHERE ("public"."profiles"."user_id" = $1 AND 1=1) LIMIT $2 OFFSET $3

[90mstdout[2m | tests/applications/portfolio-selector.property.test.ts[2m > [22m[2mProperty 25: Portfolio Selector Shows Only Public Portfolios[2m > [22m[2mshould only return public projects and exclude draft/pending_feedback projects
[22m[39mprisma:query SELECT "public"."projects"."id", "public"."projects"."title", "public"."projects"."description", "public"."projects"."tags", "public"."projects"."is_approved", "public"."projects"."created_at" FROM "public"."projects" WHERE ("public"."projects"."mentee_id" = $1 AND "public"."projects"."status" = CAST($2::text AS "public"."ProjectStatus")) ORDER BY "public"."projects"."created_at" DESC OFFSET $3

[90mstdout[2m | tests/applications/portfolio-selector.property.test.ts[2m > [22m[2mProperty 25: Portfolio Selector Shows Only Public Portfolios[2m > [22m[2mshould only return public projects and exclude draft/pending_feedback projects
[22m[39mprisma:query SELECT 1

[90mstdout[2m | tests/applications/portfolio-selector.property.test.ts[2m > [22m[2mProperty 25: Portfolio Selector Shows Only Public Portfolios[2m > [22m[2mshould only return public projects and exclude draft/pending_feedback projects
[22m[39mprisma:query SELECT "public"."profiles"."id", "public"."profiles"."user_id", "public"."profiles"."full_name", "public"."profiles"."role_title", "public"."profiles"."bio", "public"."profiles"."avatar_url", "public"."profiles"."major"::text, "public"."profiles"."skills", "public"."profiles"."design_tools", "public"."profiles"."interests", "public"."profiles"."social_links", "public"."profiles"."completion_pct", "public"."profiles"."created_at", "public"."profiles"."updated_at" FROM "public"."profiles" WHERE ("public"."profiles"."user_id" = $1 AND 1=1) LIMIT $2 OFFSET $3

[90mstdout[2m | tests/applications/portfolio-selector.property.test.ts[2m > [22m[2mProperty 25: Portfolio Selector Shows Only Public Portfolios[2m > [22m[2mshould only return public projects and exclude draft/pending_feedback projects
[22m[39mprisma:query SELECT "public"."projects"."id", "public"."projects"."title", "public"."projects"."description", "public"."projects"."tags", "public"."projects"."is_approved", "public"."projects"."created_at" FROM "public"."projects" WHERE ("public"."projects"."mentee_id" = $1 AND "public"."projects"."status" = CAST($2::text AS "public"."ProjectStatus")) ORDER BY "public"."projects"."created_at" DESC OFFSET $3

[90mstdout[2m | tests/applications/portfolio-selector.property.test.ts[2m > [22m[2mProperty 25: Portfolio Selector Shows Only Public Portfolios[2m > [22m[2mshould only return public projects and exclude draft/pending_feedback projects
[22m[39mprisma:query SELECT "public"."profiles"."id", "public"."profiles"."user_id", "public"."profiles"."full_name", "public"."profiles"."role_title", "public"."profiles"."bio", "public"."profiles"."avatar_url", "public"."profiles"."major"::text, "public"."profiles"."skills", "public"."profiles"."design_tools", "public"."profiles"."interests", "public"."profiles"."social_links", "public"."profiles"."completion_pct", "public"."profiles"."created_at", "public"."profiles"."updated_at" FROM "public"."profiles" WHERE ("public"."profiles"."user_id" = $1 AND 1=1) LIMIT $2 OFFSET $3

[90mstdout[2m | tests/applications/portfolio-selector.property.test.ts[2m > [22m[2mProperty 25: Portfolio Selector Shows Only Public Portfolios[2m > [22m[2mshould only return public projects and exclude draft/pending_feedback projects
[22m[39mprisma:query SELECT "public"."projects"."id", "public"."projects"."title", "public"."projects"."description", "public"."projects"."tags", "public"."projects"."is_approved", "public"."projects"."created_at" FROM "public"."projects" WHERE ("public"."projects"."mentee_id" = $1 AND "public"."projects"."status" = CAST($2::text AS "public"."ProjectStatus")) ORDER BY "public"."projects"."created_at" DESC OFFSET $3

[90mstdout[2m | tests/applications/portfolio-selector.property.test.ts[2m > [22m[2mProperty 25: Portfolio Selector Shows Only Public Portfolios[2m > [22m[2mshould only return public projects and exclude draft/pending_feedback projects
[22m[39mprisma:query SELECT "public"."profiles"."id", "public"."profiles"."user_id", "public"."profiles"."full_name", "public"."profiles"."role_title", "public"."profiles"."bio", "public"."profiles"."avatar_url", "public"."profiles"."major"::text, "public"."profiles"."skills", "public"."profiles"."design_tools", "public"."profiles"."interests", "public"."profiles"."social_links", "public"."profiles"."completion_pct", "public"."profiles"."created_at", "public"."profiles"."updated_at" FROM "public"."profiles" WHERE ("public"."profiles"."user_id" = $1 AND 1=1) LIMIT $2 OFFSET $3

[90mstdout[2m | tests/applications/portfolio-selector.property.test.ts[2m > [22m[2mProperty 25: Portfolio Selector Shows Only Public Portfolios[2m > [22m[2mshould only return public projects and exclude draft/pending_feedback projects
[22m[39mprisma:query SELECT "public"."projects"."id", "public"."projects"."title", "public"."projects"."description", "public"."projects"."tags", "public"."projects"."is_approved", "public"."projects"."created_at" FROM "public"."projects" WHERE ("public"."projects"."mentee_id" = $1 AND "public"."projects"."status" = CAST($2::text AS "public"."ProjectStatus")) ORDER BY "public"."projects"."created_at" DESC OFFSET $3

[90mstdout[2m | tests/applications/portfolio-selector.property.test.ts[2m > [22m[2mProperty 25: Portfolio Selector Shows Only Public Portfolios[2m > [22m[2mshould only return public projects and exclude draft/pending_feedback projects
[22m[39mprisma:query SELECT "public"."profiles"."id", "public"."profiles"."user_id", "public"."profiles"."full_name", "public"."profiles"."role_title", "public"."profiles"."bio", "public"."profiles"."avatar_url", "public"."profiles"."major"::text, "public"."profiles"."skills", "public"."profiles"."design_tools", "public"."profiles"."interests", "public"."profiles"."social_links", "public"."profiles"."completion_pct", "public"."profiles"."created_at", "public"."profiles"."updated_at" FROM "public"."profiles" WHERE ("public"."profiles"."user_id" = $1 AND 1=1) LIMIT $2 OFFSET $3

[90mstdout[2m | tests/applications/portfolio-selector.property.test.ts[2m > [22m[2mProperty 25: Portfolio Selector Shows Only Public Portfolios[2m > [22m[2mshould only return public projects and exclude draft/pending_feedback projects
[22m[39mprisma:query SELECT "public"."projects"."id", "public"."projects"."title", "public"."projects"."description", "public"."projects"."tags", "public"."projects"."is_approved", "public"."projects"."created_at" FROM "public"."projects" WHERE ("public"."projects"."mentee_id" = $1 AND "public"."projects"."status" = CAST($2::text AS "public"."ProjectStatus")) ORDER BY "public"."projects"."created_at" DESC OFFSET $3

[90mstdout[2m | tests/applications/portfolio-selector.property.test.ts[2m > [22m[2mProperty 25: Portfolio Selector Shows Only Public Portfolios[2m > [22m[2mshould only return public projects and exclude draft/pending_feedback projects
[22m[39mprisma:query SELECT "public"."profiles"."id", "public"."profiles"."user_id", "public"."profiles"."full_name", "public"."profiles"."role_title", "public"."profiles"."bio", "public"."profiles"."avatar_url", "public"."profiles"."major"::text, "public"."profiles"."skills", "public"."profiles"."design_tools", "public"."profiles"."interests", "public"."profiles"."social_links", "public"."profiles"."completion_pct", "public"."profiles"."created_at", "public"."profiles"."updated_at" FROM "public"."profiles" WHERE ("public"."profiles"."user_id" = $1 AND 1=1) LIMIT $2 OFFSET $3

[90mstdout[2m | tests/applications/portfolio-selector.property.test.ts[2m > [22m[2mProperty 25: Portfolio Selector Shows Only Public Portfolios[2m > [22m[2mshould only return public projects and exclude draft/pending_feedback projects
[22m[39mprisma:query SELECT "public"."projects"."id", "public"."projects"."title", "public"."projects"."description", "public"."projects"."tags", "public"."projects"."is_approved", "public"."projects"."created_at" FROM "public"."projects" WHERE ("public"."projects"."mentee_id" = $1 AND "public"."projects"."status" = CAST($2::text AS "public"."ProjectStatus")) ORDER BY "public"."projects"."created_at" DESC OFFSET $3

[90mstdout[2m | tests/applications/portfolio-selector.property.test.ts[2m > [22m[2mProperty 25: Portfolio Selector Shows Only Public Portfolios[2m > [22m[2mshould only return public projects and exclude draft/pending_feedback projects
[22m[39mprisma:query SELECT "public"."profiles"."id", "public"."profiles"."user_id", "public"."profiles"."full_name", "public"."profiles"."role_title", "public"."profiles"."bio", "public"."profiles"."avatar_url", "public"."profiles"."major"::text, "public"."profiles"."skills", "public"."profiles"."design_tools", "public"."profiles"."interests", "public"."profiles"."social_links", "public"."profiles"."completion_pct", "public"."profiles"."created_at", "public"."profiles"."updated_at" FROM "public"."profiles" WHERE ("public"."profiles"."user_id" = $1 AND 1=1) LIMIT $2 OFFSET $3

[90mstdout[2m | tests/applications/portfolio-selector.property.test.ts[2m > [22m[2mProperty 25: Portfolio Selector Shows Only Public Portfolios[2m > [22m[2mshould only return public projects and exclude draft/pending_feedback projects
[22m[39mprisma:query SELECT "public"."projects"."id", "public"."projects"."title", "public"."projects"."description", "public"."projects"."tags", "public"."projects"."is_approved", "public"."projects"."created_at" FROM "public"."projects" WHERE ("public"."projects"."mentee_id" = $1 AND "public"."projects"."status" = CAST($2::text AS "public"."ProjectStatus")) ORDER BY "public"."projects"."created_at" DESC OFFSET $3

[90mstdout[2m | tests/applications/portfolio-selector.property.test.ts[2m > [22m[2mProperty 25: Portfolio Selector Shows Only Public Portfolios[2m > [22m[2mshould only return public projects and exclude draft/pending_feedback projects
[22m[39mprisma:query SELECT 1

[90mstdout[2m | tests/applications/portfolio-selector.property.test.ts[2m > [22m[2mProperty 25: Portfolio Selector Shows Only Public Portfolios[2m > [22m[2mshould only return public projects and exclude draft/pending_feedback projects
[22m[39mprisma:query SELECT "public"."profiles"."id", "public"."profiles"."user_id", "public"."profiles"."full_name", "public"."profiles"."role_title", "public"."profiles"."bio", "public"."profiles"."avatar_url", "public"."profiles"."major"::text, "public"."profiles"."skills", "public"."profiles"."design_tools", "public"."profiles"."interests", "public"."profiles"."social_links", "public"."profiles"."completion_pct", "public"."profiles"."created_at", "public"."profiles"."updated_at" FROM "public"."profiles" WHERE ("public"."profiles"."user_id" = $1 AND 1=1) LIMIT $2 OFFSET $3

[90mstdout[2m | tests/applications/portfolio-selector.property.test.ts[2m > [22m[2mProperty 25: Portfolio Selector Shows Only Public Portfolios[2m > [22m[2mshould only return public projects and exclude draft/pending_feedback projects
[22m[39mprisma:query SELECT "public"."projects"."id", "public"."projects"."title", "public"."projects"."description", "public"."projects"."tags", "public"."projects"."is_approved", "public"."projects"."created_at" FROM "public"."projects" WHERE ("public"."projects"."mentee_id" = $1 AND "public"."projects"."status" = CAST($2::text AS "public"."ProjectStatus")) ORDER BY "public"."projects"."created_at" DESC OFFSET $3

[90mstdout[2m | tests/applications/portfolio-selector.property.test.ts[2m > [22m[2mProperty 25: Portfolio Selector Shows Only Public Portfolios[2m > [22m[2mshould only return public projects and exclude draft/pending_feedback projects
[22m[39mprisma:query SELECT "public"."profiles"."id", "public"."profiles"."user_id", "public"."profiles"."full_name", "public"."profiles"."role_title", "public"."profiles"."bio", "public"."profiles"."avatar_url", "public"."profiles"."major"::text, "public"."profiles"."skills", "public"."profiles"."design_tools", "public"."profiles"."interests", "public"."profiles"."social_links", "public"."profiles"."completion_pct", "public"."profiles"."created_at", "public"."profiles"."updated_at" FROM "public"."profiles" WHERE ("public"."profiles"."user_id" = $1 AND 1=1) LIMIT $2 OFFSET $3

[90mstdout[2m | tests/applications/portfolio-selector.property.test.ts[2m > [22m[2mProperty 25: Portfolio Selector Shows Only Public Portfolios[2m > [22m[2mshould only return public projects and exclude draft/pending_feedback projects
[22m[39mprisma:query SELECT "public"."projects"."id", "public"."projects"."title", "public"."projects"."description", "public"."projects"."tags", "public"."projects"."is_approved", "public"."projects"."created_at" FROM "public"."projects" WHERE ("public"."projects"."mentee_id" = $1 AND "public"."projects"."status" = CAST($2::text AS "public"."ProjectStatus")) ORDER BY "public"."projects"."created_at" DESC OFFSET $3

[90mstdout[2m | tests/applications/portfolio-selector.property.test.ts[2m > [22m[2mProperty 25: Portfolio Selector Shows Only Public Portfolios[2m > [22m[2mshould only return public projects and exclude draft/pending_feedback projects
[22m[39mprisma:query SELECT "public"."profiles"."id", "public"."profiles"."user_id", "public"."profiles"."full_name", "public"."profiles"."role_title", "public"."profiles"."bio", "public"."profiles"."avatar_url", "public"."profiles"."major"::text, "public"."profiles"."skills", "public"."profiles"."design_tools", "public"."profiles"."interests", "public"."profiles"."social_links", "public"."profiles"."completion_pct", "public"."profiles"."created_at", "public"."profiles"."updated_at" FROM "public"."profiles" WHERE ("public"."profiles"."user_id" = $1 AND 1=1) LIMIT $2 OFFSET $3

[90mstdout[2m | tests/applications/portfolio-selector.property.test.ts[2m > [22m[2mProperty 25: Portfolio Selector Shows Only Public Portfolios[2m > [22m[2mshould only return public projects and exclude draft/pending_feedback projects
[22m[39mprisma:query SELECT "public"."projects"."id", "public"."projects"."title", "public"."projects"."description", "public"."projects"."tags", "public"."projects"."is_approved", "public"."projects"."created_at" FROM "public"."projects" WHERE ("public"."projects"."mentee_id" = $1 AND "public"."projects"."status" = CAST($2::text AS "public"."ProjectStatus")) ORDER BY "public"."projects"."created_at" DESC OFFSET $3

[90mstdout[2m | tests/applications/portfolio-selector.property.test.ts[2m > [22m[2mProperty 25: Portfolio Selector Shows Only Public Portfolios[2m > [22m[2mshould only return public projects and exclude draft/pending_feedback projects
[22m[39mprisma:query SELECT "public"."profiles"."id", "public"."profiles"."user_id", "public"."profiles"."full_name", "public"."profiles"."role_title", "public"."profiles"."bio", "public"."profiles"."avatar_url", "public"."profiles"."major"::text, "public"."profiles"."skills", "public"."profiles"."design_tools", "public"."profiles"."interests", "public"."profiles"."social_links", "public"."profiles"."completion_pct", "public"."profiles"."created_at", "public"."profiles"."updated_at" FROM "public"."profiles" WHERE ("public"."profiles"."user_id" = $1 AND 1=1) LIMIT $2 OFFSET $3

[90mstdout[2m | tests/applications/portfolio-selector.property.test.ts[2m > [22m[2mProperty 25: Portfolio Selector Shows Only Public Portfolios[2m > [22m[2mshould only return public projects and exclude draft/pending_feedback projects
[22m[39mprisma:query SELECT "public"."projects"."id", "public"."projects"."title", "public"."projects"."description", "public"."projects"."tags", "public"."projects"."is_approved", "public"."projects"."created_at" FROM "public"."projects" WHERE ("public"."projects"."mentee_id" = $1 AND "public"."projects"."status" = CAST($2::text AS "public"."ProjectStatus")) ORDER BY "public"."projects"."created_at" DESC OFFSET $3

 [32mΓ£ô[39m tests/applications/portfolio-selector.property.test.ts [2m([22m[2m1 test[22m[2m)[22m[33m 57059[2mms[22m[39m
   [33m[2mΓ£ô[22m[39m Property 25: Portfolio Selector Shows Only Public Portfolios[2m > [22mshould only return public projects and exclude draft/pending_feedback projects [33m57037[2mms[22m[39m
[90mstdout[2m | tests/jobs/keyword-search.property.test.ts[2m > [22m[2mProperty: Job keyword search returns only matching results[2m > [22m[2mevery job in search results must contain the keyword in title or company name (case-insensitive)
[22m[39mprisma:query SELECT COUNT(*) AS "_count._all" FROM (SELECT "public"."jobs"."id" FROM "public"."jobs" LEFT JOIN "public"."users" AS "j0" ON ("j0"."id") = ("public"."jobs"."company_id") LEFT JOIN "public"."users" AS "j1" ON ("j1"."id") = ("public"."jobs"."company_id") LEFT JOIN "public"."profiles" AS "j2" ON ("j2"."user_id") = ("j1"."id") LEFT JOIN "public"."users" AS "j3" ON ("j3"."id") = ("public"."jobs"."company_id") LEFT JOIN "public"."company_profiles" AS "j4" ON ("j4"."user_id") = ("j3"."id") WHERE ("public"."jobs"."is_active" = $1 AND ("public"."jobs"."title" ILIKE $2 OR "public"."jobs"."required_skills" && $3 OR ("j0"."email" ILIKE $4 AND ("j0"."id" IS NOT NULL)) OR ("j2"."full_name" ILIKE $5 AND ("j2"."id" IS NOT NULL) AND ("j1"."id" IS NOT NULL)) OR ("j4"."company_name" ILIKE $6 AND ("j4"."id" IS NOT NULL) AND ("j3"."id" IS NOT NULL)))) OFFSET $7) AS "sub"

[90mstdout[2m | tests/jobs/keyword-search.property.test.ts[2m > [22m[2mProperty: Job keyword search returns only matching results[2m > [22m[2mevery job in search results must contain the keyword in title or company name (case-insensitive)
[22m[39mprisma:query SELECT "public"."jobs"."id", "public"."jobs"."title", "public"."jobs"."description", "public"."jobs"."location", "public"."jobs"."job_type"::text, "public"."jobs"."salary_min", "public"."jobs"."salary_max", "public"."jobs"."salary_currency", "public"."jobs"."salary_period", "public"."jobs"."is_remote", "public"."jobs"."required_skills", "public"."jobs"."employment_type"::text, "public"."jobs"."seniority_level"::text, "public"."jobs"."open_slots", "public"."jobs"."category", "public"."jobs"."created_at", "public"."jobs"."company_id" FROM "public"."jobs" LEFT JOIN "public"."users" AS "j0" ON ("j0"."id") = ("public"."jobs"."company_id") LEFT JOIN "public"."users" AS "j1" ON ("j1"."id") = ("public"."jobs"."company_id") LEFT JOIN "public"."profiles" AS "j2" ON ("j2"."user_id") = ("j1"."id") LEFT JOIN "public"."users" AS "j3" ON ("j3"."id") = ("public"."jobs"."company_id") LEFT JOIN "public"."company_profiles" AS "j4" ON ("j4"."user_id") = ("j3"."id") WHERE ("public"."jobs"."is_active" = $1 AND ("public"."jobs"."title" ILIKE $2 OR "public"."jobs"."required_skills" && $3 OR ("j0"."email" ILIKE $4 AND ("j0"."id" IS NOT NULL)) OR ("j2"."full_name" ILIKE $5 AND ("j2"."id" IS NOT NULL) AND ("j1"."id" IS NOT NULL)) OR ("j4"."company_name" ILIKE $6 AND ("j4"."id" IS NOT NULL) AND ("j3"."id" IS NOT NULL)))) ORDER BY "public"."jobs"."created_at" DESC LIMIT $7 OFFSET $8

[90mstdout[2m | tests/jobs/keyword-search.property.test.ts[2m > [22m[2mProperty: Job keyword search returns only matching results[2m > [22m[2mevery job in search results must contain the keyword in title or company name (case-insensitive)
[22m[39mprisma:query SELECT COUNT(*) AS "_count._all" FROM (SELECT "public"."jobs"."id" FROM "public"."jobs" LEFT JOIN "public"."users" AS "j0" ON ("j0"."id") = ("public"."jobs"."company_id") LEFT JOIN "public"."users" AS "j1" ON ("j1"."id") = ("public"."jobs"."company_id") LEFT JOIN "public"."profiles" AS "j2" ON ("j2"."user_id") = ("j1"."id") LEFT JOIN "public"."users" AS "j3" ON ("j3"."id") = ("public"."jobs"."company_id") LEFT JOIN "public"."company_profiles" AS "j4" ON ("j4"."user_id") = ("j3"."id") WHERE ("public"."jobs"."is_active" = $1 AND ("public"."jobs"."title" ILIKE $2 OR "public"."jobs"."required_skills" && $3 OR ("j0"."email" ILIKE $4 AND ("j0"."id" IS NOT NULL)) OR ("j2"."full_name" ILIKE $5 AND ("j2"."id" IS NOT NULL) AND ("j1"."id" IS NOT NULL)) OR ("j4"."company_name" ILIKE $6 AND ("j4"."id" IS NOT NULL) AND ("j3"."id" IS NOT NULL)))) OFFSET $7) AS "sub"

[90mstdout[2m | tests/jobs/keyword-search.property.test.ts[2m > [22m[2mProperty: Job keyword search returns only matching results[2m > [22m[2mevery job in search results must contain the keyword in title or company name (case-insensitive)
[22m[39mprisma:query SELECT "public"."jobs"."id", "public"."jobs"."title", "public"."jobs"."description", "public"."jobs"."location", "public"."jobs"."job_type"::text, "public"."jobs"."salary_min", "public"."jobs"."salary_max", "public"."jobs"."salary_currency", "public"."jobs"."salary_period", "public"."jobs"."is_remote", "public"."jobs"."required_skills", "public"."jobs"."employment_type"::text, "public"."jobs"."seniority_level"::text, "public"."jobs"."open_slots", "public"."jobs"."category", "public"."jobs"."created_at", "public"."jobs"."company_id" FROM "public"."jobs" LEFT JOIN "public"."users" AS "j0" ON ("j0"."id") = ("public"."jobs"."company_id") LEFT JOIN "public"."users" AS "j1" ON ("j1"."id") = ("public"."jobs"."company_id") LEFT JOIN "public"."profiles" AS "j2" ON ("j2"."user_id") = ("j1"."id") LEFT JOIN "public"."users" AS "j3" ON ("j3"."id") = ("public"."jobs"."company_id") LEFT JOIN "public"."company_profiles" AS "j4" ON ("j4"."user_id") = ("j3"."id") WHERE ("public"."jobs"."is_active" = $1 AND ("public"."jobs"."title" ILIKE $2 OR "public"."jobs"."required_skills" && $3 OR ("j0"."email" ILIKE $4 AND ("j0"."id" IS NOT NULL)) OR ("j2"."full_name" ILIKE $5 AND ("j2"."id" IS NOT NULL) AND ("j1"."id" IS NOT NULL)) OR ("j4"."company_name" ILIKE $6 AND ("j4"."id" IS NOT NULL) AND ("j3"."id" IS NOT NULL)))) ORDER BY "public"."jobs"."created_at" DESC LIMIT $7 OFFSET $8

[90mstdout[2m | tests/jobs/keyword-search.property.test.ts[2m > [22m[2mProperty: Job keyword search returns only matching results[2m > [22m[2mevery job in search results must contain the keyword in title or company name (case-insensitive)
[22m[39mprisma:query SELECT "public"."jobs"."id", "public"."jobs"."title", "public"."jobs"."description", "public"."jobs"."location", "public"."jobs"."job_type"::text, "public"."jobs"."salary_min", "public"."jobs"."salary_max", "public"."jobs"."salary_currency", "public"."jobs"."salary_period", "public"."jobs"."is_remote", "public"."jobs"."required_skills", "public"."jobs"."employment_type"::text, "public"."jobs"."seniority_level"::text, "public"."jobs"."open_slots", "public"."jobs"."category", "public"."jobs"."created_at", "public"."jobs"."company_id" FROM "public"."jobs" LEFT JOIN "public"."users" AS "j0" ON ("j0"."id") = ("public"."jobs"."company_id") LEFT JOIN "public"."users" AS "j1" ON ("j1"."id") = ("public"."jobs"."company_id") LEFT JOIN "public"."profiles" AS "j2" ON ("j2"."user_id") = ("j1"."id") LEFT JOIN "public"."users" AS "j3" ON ("j3"."id") = ("public"."jobs"."company_id") LEFT JOIN "public"."company_profiles" AS "j4" ON ("j4"."user_id") = ("j3"."id") WHERE ("public"."jobs"."is_active" = $1 AND ("public"."jobs"."title" ILIKE $2 OR "public"."jobs"."required_skills" && $3 OR ("j0"."email" ILIKE $4 AND ("j0"."id" IS NOT NULL)) OR ("j2"."full_name" ILIKE $5 AND ("j2"."id" IS NOT NULL) AND ("j1"."id" IS NOT NULL)) OR ("j4"."company_name" ILIKE $6 AND ("j4"."id" IS NOT NULL) AND ("j3"."id" IS NOT NULL)))) ORDER BY "public"."jobs"."created_at" DESC LIMIT $7 OFFSET $8

[90mstdout[2m | tests/jobs/keyword-search.property.test.ts[2m > [22m[2mProperty: Job keyword search returns only matching results[2m > [22m[2mevery job in search results must contain the keyword in title or company name (case-insensitive)
[22m[39mprisma:query SELECT COUNT(*) AS "_count._all" FROM (SELECT "public"."jobs"."id" FROM "public"."jobs" LEFT JOIN "public"."users" AS "j0" ON ("j0"."id") = ("public"."jobs"."company_id") LEFT JOIN "public"."users" AS "j1" ON ("j1"."id") = ("public"."jobs"."company_id") LEFT JOIN "public"."profiles" AS "j2" ON ("j2"."user_id") = ("j1"."id") LEFT JOIN "public"."users" AS "j3" ON ("j3"."id") = ("public"."jobs"."company_id") LEFT JOIN "public"."company_profiles" AS "j4" ON ("j4"."user_id") = ("j3"."id") WHERE ("public"."jobs"."is_active" = $1 AND ("public"."jobs"."title" ILIKE $2 OR "public"."jobs"."required_skills" && $3 OR ("j0"."email" ILIKE $4 AND ("j0"."id" IS NOT NULL)) OR ("j2"."full_name" ILIKE $5 AND ("j2"."id" IS NOT NULL) AND ("j1"."id" IS NOT NULL)) OR ("j4"."company_name" ILIKE $6 AND ("j4"."id" IS NOT NULL) AND ("j3"."id" IS NOT NULL)))) OFFSET $7) AS "sub"

[90mstdout[2m | tests/jobs/keyword-search.property.test.ts[2m > [22m[2mProperty: Job keyword search returns only matching results[2m > [22m[2mevery job in search results must contain the keyword in title or company name (case-insensitive)
[22m[39mprisma:query SELECT "public"."jobs"."id", "public"."jobs"."title", "public"."jobs"."description", "public"."jobs"."location", "public"."jobs"."job_type"::text, "public"."jobs"."salary_min", "public"."jobs"."salary_max", "public"."jobs"."salary_currency", "public"."jobs"."salary_period", "public"."jobs"."is_remote", "public"."jobs"."required_skills", "public"."jobs"."employment_type"::text, "public"."jobs"."seniority_level"::text, "public"."jobs"."open_slots", "public"."jobs"."category", "public"."jobs"."created_at", "public"."jobs"."company_id" FROM "public"."jobs" LEFT JOIN "public"."users" AS "j0" ON ("j0"."id") = ("public"."jobs"."company_id") LEFT JOIN "public"."users" AS "j1" ON ("j1"."id") = ("public"."jobs"."company_id") LEFT JOIN "public"."profiles" AS "j2" ON ("j2"."user_id") = ("j1"."id") LEFT JOIN "public"."users" AS "j3" ON ("j3"."id") = ("public"."jobs"."company_id") LEFT JOIN "public"."company_profiles" AS "j4" ON ("j4"."user_id") = ("j3"."id") WHERE ("public"."jobs"."is_active" = $1 AND ("public"."jobs"."title" ILIKE $2 OR "public"."jobs"."required_skills" && $3 OR ("j0"."email" ILIKE $4 AND ("j0"."id" IS NOT NULL)) OR ("j2"."full_name" ILIKE $5 AND ("j2"."id" IS NOT NULL) AND ("j1"."id" IS NOT NULL)) OR ("j4"."company_name" ILIKE $6 AND ("j4"."id" IS NOT NULL) AND ("j3"."id" IS NOT NULL)))) ORDER BY "public"."jobs"."created_at" DESC LIMIT $7 OFFSET $8

[90mstdout[2m | tests/jobs/keyword-search.property.test.ts[2m > [22m[2mProperty: Job keyword search returns only matching results[2m > [22m[2mevery job in search results must contain the keyword in title or company name (case-insensitive)
[22m[39mprisma:query SELECT COUNT(*) AS "_count._all" FROM (SELECT "public"."jobs"."id" FROM "public"."jobs" LEFT JOIN "public"."users" AS "j0" ON ("j0"."id") = ("public"."jobs"."company_id") LEFT JOIN "public"."users" AS "j1" ON ("j1"."id") = ("public"."jobs"."company_id") LEFT JOIN "public"."profiles" AS "j2" ON ("j2"."user_id") = ("j1"."id") LEFT JOIN "public"."users" AS "j3" ON ("j3"."id") = ("public"."jobs"."company_id") LEFT JOIN "public"."company_profiles" AS "j4" ON ("j4"."user_id") = ("j3"."id") WHERE ("public"."jobs"."is_active" = $1 AND ("public"."jobs"."title" ILIKE $2 OR "public"."jobs"."required_skills" && $3 OR ("j0"."email" ILIKE $4 AND ("j0"."id" IS NOT NULL)) OR ("j2"."full_name" ILIKE $5 AND ("j2"."id" IS NOT NULL) AND ("j1"."id" IS NOT NULL)) OR ("j4"."company_name" ILIKE $6 AND ("j4"."id" IS NOT NULL) AND ("j3"."id" IS NOT NULL)))) OFFSET $7) AS "sub"

[90mstdout[2m | tests/jobs/keyword-search.property.test.ts[2m > [22m[2mProperty: Job keyword search returns only matching results[2m > [22m[2mevery job in search results must contain the keyword in title or company name (case-insensitive)
[22m[39mprisma:query SELECT COUNT(*) AS "_count._all" FROM (SELECT "public"."jobs"."id" FROM "public"."jobs" LEFT JOIN "public"."users" AS "j0" ON ("j0"."id") = ("public"."jobs"."company_id") LEFT JOIN "public"."users" AS "j1" ON ("j1"."id") = ("public"."jobs"."company_id") LEFT JOIN "public"."profiles" AS "j2" ON ("j2"."user_id") = ("j1"."id") LEFT JOIN "public"."users" AS "j3" ON ("j3"."id") = ("public"."jobs"."company_id") LEFT JOIN "public"."company_profiles" AS "j4" ON ("j4"."user_id") = ("j3"."id") WHERE ("public"."jobs"."is_active" = $1 AND ("public"."jobs"."title" ILIKE $2 OR "public"."jobs"."required_skills" && $3 OR ("j0"."email" ILIKE $4 AND ("j0"."id" IS NOT NULL)) OR ("j2"."full_name" ILIKE $5 AND ("j2"."id" IS NOT NULL) AND ("j1"."id" IS NOT NULL)) OR ("j4"."company_name" ILIKE $6 AND ("j4"."id" IS NOT NULL) AND ("j3"."id" IS NOT NULL)))) OFFSET $7) AS "sub"
prisma:query SELECT "public"."jobs"."id", "public"."jobs"."title", "public"."jobs"."description", "public"."jobs"."location", "public"."jobs"."job_type"::text, "public"."jobs"."salary_min", "public"."jobs"."salary_max", "public"."jobs"."salary_currency", "public"."jobs"."salary_period", "public"."jobs"."is_remote", "public"."jobs"."required_skills", "public"."jobs"."employment_type"::text, "public"."jobs"."seniority_level"::text, "public"."jobs"."open_slots", "public"."jobs"."category", "public"."jobs"."created_at", "public"."jobs"."company_id" FROM "public"."jobs" LEFT JOIN "public"."users" AS "j0" ON ("j0"."id") = ("public"."jobs"."company_id") LEFT JOIN "public"."users" AS "j1" ON ("j1"."id") = ("public"."jobs"."company_id") LEFT JOIN "public"."profiles" AS "j2" ON ("j2"."user_id") = ("j1"."id") LEFT JOIN "public"."users" AS "j3" ON ("j3"."id") = ("public"."jobs"."company_id") LEFT JOIN "public"."company_profiles" AS "j4" ON ("j4"."user_id") = ("j3"."id") WHERE ("public"."jobs"."is_active" = $1 AND ("public"."jobs"."title" ILIKE $2 OR "public"."jobs"."required_skills" && $3 OR ("j0"."email" ILIKE $4 AND ("j0"."id" IS NOT NULL)) OR ("j2"."full_name" ILIKE $5 AND ("j2"."id" IS NOT NULL) AND ("j1"."id" IS NOT NULL)) OR ("j4"."company_name" ILIKE $6 AND ("j4"."id" IS NOT NULL) AND ("j3"."id" IS NOT NULL)))) ORDER BY "public"."jobs"."created_at" DESC LIMIT $7 OFFSET $8

[90mstdout[2m | tests/jobs/keyword-search.property.test.ts[2m > [22m[2mProperty: Job keyword search returns only matching results[2m > [22m[2mevery job in search results must contain the keyword in title or company name (case-insensitive)
[22m[39mprisma:query SELECT COUNT(*) AS "_count._all" FROM (SELECT "public"."jobs"."id" FROM "public"."jobs" LEFT JOIN "public"."users" AS "j0" ON ("j0"."id") = ("public"."jobs"."company_id") LEFT JOIN "public"."users" AS "j1" ON ("j1"."id") = ("public"."jobs"."company_id") LEFT JOIN "public"."profiles" AS "j2" ON ("j2"."user_id") = ("j1"."id") LEFT JOIN "public"."users" AS "j3" ON ("j3"."id") = ("public"."jobs"."company_id") LEFT JOIN "public"."company_profiles" AS "j4" ON ("j4"."user_id") = ("j3"."id") WHERE ("public"."jobs"."is_active" = $1 AND ("public"."jobs"."title" ILIKE $2 OR "public"."jobs"."required_skills" && $3 OR ("j0"."email" ILIKE $4 AND ("j0"."id" IS NOT NULL)) OR ("j2"."full_name" ILIKE $5 AND ("j2"."id" IS NOT NULL) AND ("j1"."id" IS NOT NULL)) OR ("j4"."company_name" ILIKE $6 AND ("j4"."id" IS NOT NULL) AND ("j3"."id" IS NOT NULL)))) OFFSET $7) AS "sub"

[90mstdout[2m | tests/jobs/keyword-search.property.test.ts[2m > [22m[2mProperty: Job keyword search returns only matching results[2m > [22m[2mevery job in search results must contain the keyword in title or company name (case-insensitive)
[22m[39mprisma:query SELECT "public"."jobs"."id", "public"."jobs"."title", "public"."jobs"."description", "public"."jobs"."location", "public"."jobs"."job_type"::text, "public"."jobs"."salary_min", "public"."jobs"."salary_max", "public"."jobs"."salary_currency", "public"."jobs"."salary_period", "public"."jobs"."is_remote", "public"."jobs"."required_skills", "public"."jobs"."employment_type"::text, "public"."jobs"."seniority_level"::text, "public"."jobs"."open_slots", "public"."jobs"."category", "public"."jobs"."created_at", "public"."jobs"."company_id" FROM "public"."jobs" LEFT JOIN "public"."users" AS "j0" ON ("j0"."id") = ("public"."jobs"."company_id") LEFT JOIN "public"."users" AS "j1" ON ("j1"."id") = ("public"."jobs"."company_id") LEFT JOIN "public"."profiles" AS "j2" ON ("j2"."user_id") = ("j1"."id") LEFT JOIN "public"."users" AS "j3" ON ("j3"."id") = ("public"."jobs"."company_id") LEFT JOIN "public"."company_profiles" AS "j4" ON ("j4"."user_id") = ("j3"."id") WHERE ("public"."jobs"."is_active" = $1 AND ("public"."jobs"."title" ILIKE $2 OR "public"."jobs"."required_skills" && $3 OR ("j0"."email" ILIKE $4 AND ("j0"."id" IS NOT NULL)) OR ("j2"."full_name" ILIKE $5 AND ("j2"."id" IS NOT NULL) AND ("j1"."id" IS NOT NULL)) OR ("j4"."company_name" ILIKE $6 AND ("j4"."id" IS NOT NULL) AND ("j3"."id" IS NOT NULL)))) ORDER BY "public"."jobs"."created_at" DESC LIMIT $7 OFFSET $8

[90mstdout[2m | tests/jobs/keyword-search.property.test.ts[2m > [22m[2mProperty: Job keyword search returns only matching results[2m > [22m[2mevery job in search results must contain the keyword in title or company name (case-insensitive)
[22m[39mprisma:query SELECT "public"."jobs"."id", "public"."jobs"."title", "public"."jobs"."description", "public"."jobs"."location", "public"."jobs"."job_type"::text, "public"."jobs"."salary_min", "public"."jobs"."salary_max", "public"."jobs"."salary_currency", "public"."jobs"."salary_period", "public"."jobs"."is_remote", "public"."jobs"."required_skills", "public"."jobs"."employment_type"::text, "public"."jobs"."seniority_level"::text, "public"."jobs"."open_slots", "public"."jobs"."category", "public"."jobs"."created_at", "public"."jobs"."company_id" FROM "public"."jobs" LEFT JOIN "public"."users" AS "j0" ON ("j0"."id") = ("public"."jobs"."company_id") LEFT JOIN "public"."users" AS "j1" ON ("j1"."id") = ("public"."jobs"."company_id") LEFT JOIN "public"."profiles" AS "j2" ON ("j2"."user_id") = ("j1"."id") LEFT JOIN "public"."users" AS "j3" ON ("j3"."id") = ("public"."jobs"."company_id") LEFT JOIN "public"."company_profiles" AS "j4" ON ("j4"."user_id") = ("j3"."id") WHERE ("public"."jobs"."is_active" = $1 AND ("public"."jobs"."title" ILIKE $2 OR "public"."jobs"."required_skills" && $3 OR ("j0"."email" ILIKE $4 AND ("j0"."id" IS NOT NULL)) OR ("j2"."full_name" ILIKE $5 AND ("j2"."id" IS NOT NULL) AND ("j1"."id" IS NOT NULL)) OR ("j4"."company_name" ILIKE $6 AND ("j4"."id" IS NOT NULL) AND ("j3"."id" IS NOT NULL)))) ORDER BY "public"."jobs"."created_at" DESC LIMIT $7 OFFSET $8

[90mstdout[2m | tests/jobs/keyword-search.property.test.ts[2m > [22m[2mProperty: Job keyword search returns only matching results[2m > [22m[2mevery job in search results must contain the keyword in title or company name (case-insensitive)
[22m[39mprisma:query SELECT COUNT(*) AS "_count._all" FROM (SELECT "public"."jobs"."id" FROM "public"."jobs" LEFT JOIN "public"."users" AS "j0" ON ("j0"."id") = ("public"."jobs"."company_id") LEFT JOIN "public"."users" AS "j1" ON ("j1"."id") = ("public"."jobs"."company_id") LEFT JOIN "public"."profiles" AS "j2" ON ("j2"."user_id") = ("j1"."id") LEFT JOIN "public"."users" AS "j3" ON ("j3"."id") = ("public"."jobs"."company_id") LEFT JOIN "public"."company_profiles" AS "j4" ON ("j4"."user_id") = ("j3"."id") WHERE ("public"."jobs"."is_active" = $1 AND ("public"."jobs"."title" ILIKE $2 OR "public"."jobs"."required_skills" && $3 OR ("j0"."email" ILIKE $4 AND ("j0"."id" IS NOT NULL)) OR ("j2"."full_name" ILIKE $5 AND ("j2"."id" IS NOT NULL) AND ("j1"."id" IS NOT NULL)) OR ("j4"."company_name" ILIKE $6 AND ("j4"."id" IS NOT NULL) AND ("j3"."id" IS NOT NULL)))) OFFSET $7) AS "sub"

[90mstdout[2m | tests/jobs/keyword-search.property.test.ts[2m > [22m[2mProperty: Job keyword search returns only matching results[2m > [22m[2mevery job in search results must contain the keyword in title or company name (case-insensitive)
[22m[39mprisma:query SELECT "public"."jobs"."id", "public"."jobs"."title", "public"."jobs"."description", "public"."jobs"."location", "public"."jobs"."job_type"::text, "public"."jobs"."salary_min", "public"."jobs"."salary_max", "public"."jobs"."salary_currency", "public"."jobs"."salary_period", "public"."jobs"."is_remote", "public"."jobs"."required_skills", "public"."jobs"."employment_type"::text, "public"."jobs"."seniority_level"::text, "public"."jobs"."open_slots", "public"."jobs"."category", "public"."jobs"."created_at", "public"."jobs"."company_id" FROM "public"."jobs" LEFT JOIN "public"."users" AS "j0" ON ("j0"."id") = ("public"."jobs"."company_id") LEFT JOIN "public"."users" AS "j1" ON ("j1"."id") = ("public"."jobs"."company_id") LEFT JOIN "public"."profiles" AS "j2" ON ("j2"."user_id") = ("j1"."id") LEFT JOIN "public"."users" AS "j3" ON ("j3"."id") = ("public"."jobs"."company_id") LEFT JOIN "public"."company_profiles" AS "j4" ON ("j4"."user_id") = ("j3"."id") WHERE ("public"."jobs"."is_active" = $1 AND ("public"."jobs"."title" ILIKE $2 OR "public"."jobs"."required_skills" && $3 OR ("j0"."email" ILIKE $4 AND ("j0"."id" IS NOT NULL)) OR ("j2"."full_name" ILIKE $5 AND ("j2"."id" IS NOT NULL) AND ("j1"."id" IS NOT NULL)) OR ("j4"."company_name" ILIKE $6 AND ("j4"."id" IS NOT NULL) AND ("j3"."id" IS NOT NULL)))) ORDER BY "public"."jobs"."created_at" DESC LIMIT $7 OFFSET $8

[90mstdout[2m | tests/jobs/keyword-search.property.test.ts[2m > [22m[2mProperty: Job keyword search returns only matching results[2m > [22m[2mevery job in search results must contain the keyword in title or company name (case-insensitive)
[22m[39mprisma:query SELECT COUNT(*) AS "_count._all" FROM (SELECT "public"."jobs"."id" FROM "public"."jobs" LEFT JOIN "public"."users" AS "j0" ON ("j0"."id") = ("public"."jobs"."company_id") LEFT JOIN "public"."users" AS "j1" ON ("j1"."id") = ("public"."jobs"."company_id") LEFT JOIN "public"."profiles" AS "j2" ON ("j2"."user_id") = ("j1"."id") LEFT JOIN "public"."users" AS "j3" ON ("j3"."id") = ("public"."jobs"."company_id") LEFT JOIN "public"."company_profiles" AS "j4" ON ("j4"."user_id") = ("j3"."id") WHERE ("public"."jobs"."is_active" = $1 AND ("public"."jobs"."title" ILIKE $2 OR "public"."jobs"."required_skills" && $3 OR ("j0"."email" ILIKE $4 AND ("j0"."id" IS NOT NULL)) OR ("j2"."full_name" ILIKE $5 AND ("j2"."id" IS NOT NULL) AND ("j1"."id" IS NOT NULL)) OR ("j4"."company_name" ILIKE $6 AND ("j4"."id" IS NOT NULL) AND ("j3"."id" IS NOT NULL)))) OFFSET $7) AS "sub"

[90mstdout[2m | tests/jobs/keyword-search.property.test.ts[2m > [22m[2mProperty: Job keyword search returns only matching results[2m > [22m[2mevery job in search results must contain the keyword in title or company name (case-insensitive)
[22m[39mprisma:query SELECT "public"."jobs"."id", "public"."jobs"."title", "public"."jobs"."description", "public"."jobs"."location", "public"."jobs"."job_type"::text, "public"."jobs"."salary_min", "public"."jobs"."salary_max", "public"."jobs"."salary_currency", "public"."jobs"."salary_period", "public"."jobs"."is_remote", "public"."jobs"."required_skills", "public"."jobs"."employment_type"::text, "public"."jobs"."seniority_level"::text, "public"."jobs"."open_slots", "public"."jobs"."category", "public"."jobs"."created_at", "public"."jobs"."company_id" FROM "public"."jobs" LEFT JOIN "public"."users" AS "j0" ON ("j0"."id") = ("public"."jobs"."company_id") LEFT JOIN "public"."users" AS "j1" ON ("j1"."id") = ("public"."jobs"."company_id") LEFT JOIN "public"."profiles" AS "j2" ON ("j2"."user_id") = ("j1"."id") LEFT JOIN "public"."users" AS "j3" ON ("j3"."id") = ("public"."jobs"."company_id") LEFT JOIN "public"."company_profiles" AS "j4" ON ("j4"."user_id") = ("j3"."id") WHERE ("public"."jobs"."is_active" = $1 AND ("public"."jobs"."title" ILIKE $2 OR "public"."jobs"."required_skills" && $3 OR ("j0"."email" ILIKE $4 AND ("j0"."id" IS NOT NULL)) OR ("j2"."full_name" ILIKE $5 AND ("j2"."id" IS NOT NULL) AND ("j1"."id" IS NOT NULL)) OR ("j4"."company_name" ILIKE $6 AND ("j4"."id" IS NOT NULL) AND ("j3"."id" IS NOT NULL)))) ORDER BY "public"."jobs"."created_at" DESC LIMIT $7 OFFSET $8
prisma:query SELECT COUNT(*) AS "_count._all" FROM (SELECT "public"."jobs"."id" FROM "public"."jobs" LEFT JOIN "public"."users" AS "j0" ON ("j0"."id") = ("public"."jobs"."company_id") LEFT JOIN "public"."users" AS "j1" ON ("j1"."id") = ("public"."jobs"."company_id") LEFT JOIN "public"."profiles" AS "j2" ON ("j2"."user_id") = ("j1"."id") LEFT JOIN "public"."users" AS "j3" ON ("j3"."id") = ("public"."jobs"."company_id") LEFT JOIN "public"."company_profiles" AS "j4" ON ("j4"."user_id") = ("j3"."id") WHERE ("public"."jobs"."is_active" = $1 AND ("public"."jobs"."title" ILIKE $2 OR "public"."jobs"."required_skills" && $3 OR ("j0"."email" ILIKE $4 AND ("j0"."id" IS NOT NULL)) OR ("j2"."full_name" ILIKE $5 AND ("j2"."id" IS NOT NULL) AND ("j1"."id" IS NOT NULL)) OR ("j4"."company_name" ILIKE $6 AND ("j4"."id" IS NOT NULL) AND ("j3"."id" IS NOT NULL)))) OFFSET $7) AS "sub"

[90mstdout[2m | tests/jobs/keyword-search.property.test.ts[2m > [22m[2mProperty: Job keyword search returns only matching results[2m > [22m[2mevery job in search results must contain the keyword in title or company name (case-insensitive)
[22m[39mprisma:query SELECT "public"."jobs"."id", "public"."jobs"."title", "public"."jobs"."description", "public"."jobs"."location", "public"."jobs"."job_type"::text, "public"."jobs"."salary_min", "public"."jobs"."salary_max", "public"."jobs"."salary_currency", "public"."jobs"."salary_period", "public"."jobs"."is_remote", "public"."jobs"."required_skills", "public"."jobs"."employment_type"::text, "public"."jobs"."seniority_level"::text, "public"."jobs"."open_slots", "public"."jobs"."category", "public"."jobs"."created_at", "public"."jobs"."company_id" FROM "public"."jobs" LEFT JOIN "public"."users" AS "j0" ON ("j0"."id") = ("public"."jobs"."company_id") LEFT JOIN "public"."users" AS "j1" ON ("j1"."id") = ("public"."jobs"."company_id") LEFT JOIN "public"."profiles" AS "j2" ON ("j2"."user_id") = ("j1"."id") LEFT JOIN "public"."users" AS "j3" ON ("j3"."id") = ("public"."jobs"."company_id") LEFT JOIN "public"."company_profiles" AS "j4" ON ("j4"."user_id") = ("j3"."id") WHERE ("public"."jobs"."is_active" = $1 AND ("public"."jobs"."title" ILIKE $2 OR "public"."jobs"."required_skills" && $3 OR ("j0"."email" ILIKE $4 AND ("j0"."id" IS NOT NULL)) OR ("j2"."full_name" ILIKE $5 AND ("j2"."id" IS NOT NULL) AND ("j1"."id" IS NOT NULL)) OR ("j4"."company_name" ILIKE $6 AND ("j4"."id" IS NOT NULL) AND ("j3"."id" IS NOT NULL)))) ORDER BY "public"."jobs"."created_at" DESC LIMIT $7 OFFSET $8
prisma:query SELECT COUNT(*) AS "_count._all" FROM (SELECT "public"."jobs"."id" FROM "public"."jobs" LEFT JOIN "public"."users" AS "j0" ON ("j0"."id") = ("public"."jobs"."company_id") LEFT JOIN "public"."users" AS "j1" ON ("j1"."id") = ("public"."jobs"."company_id") LEFT JOIN "public"."profiles" AS "j2" ON ("j2"."user_id") = ("j1"."id") LEFT JOIN "public"."users" AS "j3" ON ("j3"."id") = ("public"."jobs"."company_id") LEFT JOIN "public"."company_profiles" AS "j4" ON ("j4"."user_id") = ("j3"."id") WHERE ("public"."jobs"."is_active" = $1 AND ("public"."jobs"."title" ILIKE $2 OR "public"."jobs"."required_skills" && $3 OR ("j0"."email" ILIKE $4 AND ("j0"."id" IS NOT NULL)) OR ("j2"."full_name" ILIKE $5 AND ("j2"."id" IS NOT NULL) AND ("j1"."id" IS NOT NULL)) OR ("j4"."company_name" ILIKE $6 AND ("j4"."id" IS NOT NULL) AND ("j3"."id" IS NOT NULL)))) OFFSET $7) AS "sub"

[90mstdout[2m | tests/jobs/keyword-search.property.test.ts[2m > [22m[2mProperty: Job keyword search returns only matching results[2m > [22m[2mevery job in search results must contain the keyword in title or company name (case-insensitive)
[22m[39mprisma:query SELECT "public"."jobs"."id", "public"."jobs"."title", "public"."jobs"."description", "public"."jobs"."location", "public"."jobs"."job_type"::text, "public"."jobs"."salary_min", "public"."jobs"."salary_max", "public"."jobs"."salary_currency", "public"."jobs"."salary_period", "public"."jobs"."is_remote", "public"."jobs"."required_skills", "public"."jobs"."employment_type"::text, "public"."jobs"."seniority_level"::text, "public"."jobs"."open_slots", "public"."jobs"."category", "public"."jobs"."created_at", "public"."jobs"."company_id" FROM "public"."jobs" LEFT JOIN "public"."users" AS "j0" ON ("j0"."id") = ("public"."jobs"."company_id") LEFT JOIN "public"."users" AS "j1" ON ("j1"."id") = ("public"."jobs"."company_id") LEFT JOIN "public"."profiles" AS "j2" ON ("j2"."user_id") = ("j1"."id") LEFT JOIN "public"."users" AS "j3" ON ("j3"."id") = ("public"."jobs"."company_id") LEFT JOIN "public"."company_profiles" AS "j4" ON ("j4"."user_id") = ("j3"."id") WHERE ("public"."jobs"."is_active" = $1 AND ("public"."jobs"."title" ILIKE $2 OR "public"."jobs"."required_skills" && $3 OR ("j0"."email" ILIKE $4 AND ("j0"."id" IS NOT NULL)) OR ("j2"."full_name" ILIKE $5 AND ("j2"."id" IS NOT NULL) AND ("j1"."id" IS NOT NULL)) OR ("j4"."company_name" ILIKE $6 AND ("j4"."id" IS NOT NULL) AND ("j3"."id" IS NOT NULL)))) ORDER BY "public"."jobs"."created_at" DESC LIMIT $7 OFFSET $8
prisma:query SELECT COUNT(*) AS "_count._all" FROM (SELECT "public"."jobs"."id" FROM "public"."jobs" LEFT JOIN "public"."users" AS "j0" ON ("j0"."id") = ("public"."jobs"."company_id") LEFT JOIN "public"."users" AS "j1" ON ("j1"."id") = ("public"."jobs"."company_id") LEFT JOIN "public"."profiles" AS "j2" ON ("j2"."user_id") = ("j1"."id") LEFT JOIN "public"."users" AS "j3" ON ("j3"."id") = ("public"."jobs"."company_id") LEFT JOIN "public"."company_profiles" AS "j4" ON ("j4"."user_id") = ("j3"."id") WHERE ("public"."jobs"."is_active" = $1 AND ("public"."jobs"."title" ILIKE $2 OR "public"."jobs"."required_skills" && $3 OR ("j0"."email" ILIKE $4 AND ("j0"."id" IS NOT NULL)) OR ("j2"."full_name" ILIKE $5 AND ("j2"."id" IS NOT NULL) AND ("j1"."id" IS NOT NULL)) OR ("j4"."company_name" ILIKE $6 AND ("j4"."id" IS NOT NULL) AND ("j3"."id" IS NOT NULL)))) OFFSET $7) AS "sub"

[90mstdout[2m | tests/jobs/keyword-search.property.test.ts[2m > [22m[2mProperty: Job keyword search returns only matching results[2m > [22m[2mevery job in search results must contain the keyword in title or company name (case-insensitive)
[22m[39mprisma:query SELECT "public"."jobs"."id", "public"."jobs"."title", "public"."jobs"."description", "public"."jobs"."location", "public"."jobs"."job_type"::text, "public"."jobs"."salary_min", "public"."jobs"."salary_max", "public"."jobs"."salary_currency", "public"."jobs"."salary_period", "public"."jobs"."is_remote", "public"."jobs"."required_skills", "public"."jobs"."employment_type"::text, "public"."jobs"."seniority_level"::text, "public"."jobs"."open_slots", "public"."jobs"."category", "public"."jobs"."created_at", "public"."jobs"."company_id" FROM "public"."jobs" LEFT JOIN "public"."users" AS "j0" ON ("j0"."id") = ("public"."jobs"."company_id") LEFT JOIN "public"."users" AS "j1" ON ("j1"."id") = ("public"."jobs"."company_id") LEFT JOIN "public"."profiles" AS "j2" ON ("j2"."user_id") = ("j1"."id") LEFT JOIN "public"."users" AS "j3" ON ("j3"."id") = ("public"."jobs"."company_id") LEFT JOIN "public"."company_profiles" AS "j4" ON ("j4"."user_id") = ("j3"."id") WHERE ("public"."jobs"."is_active" = $1 AND ("public"."jobs"."title" ILIKE $2 OR "public"."jobs"."required_skills" && $3 OR ("j0"."email" ILIKE $4 AND ("j0"."id" IS NOT NULL)) OR ("j2"."full_name" ILIKE $5 AND ("j2"."id" IS NOT NULL) AND ("j1"."id" IS NOT NULL)) OR ("j4"."company_name" ILIKE $6 AND ("j4"."id" IS NOT NULL) AND ("j3"."id" IS NOT NULL)))) ORDER BY "public"."jobs"."created_at" DESC LIMIT $7 OFFSET $8
prisma:query SELECT COUNT(*) AS "_count._all" FROM (SELECT "public"."jobs"."id" FROM "public"."jobs" LEFT JOIN "public"."users" AS "j0" ON ("j0"."id") = ("public"."jobs"."company_id") LEFT JOIN "public"."users" AS "j1" ON ("j1"."id") = ("public"."jobs"."company_id") LEFT JOIN "public"."profiles" AS "j2" ON ("j2"."user_id") = ("j1"."id") LEFT JOIN "public"."users" AS "j3" ON ("j3"."id") = ("public"."jobs"."company_id") LEFT JOIN "public"."company_profiles" AS "j4" ON ("j4"."user_id") = ("j3"."id") WHERE ("public"."jobs"."is_active" = $1 AND ("public"."jobs"."title" ILIKE $2 OR "public"."jobs"."required_skills" && $3 OR ("j0"."email" ILIKE $4 AND ("j0"."id" IS NOT NULL)) OR ("j2"."full_name" ILIKE $5 AND ("j2"."id" IS NOT NULL) AND ("j1"."id" IS NOT NULL)) OR ("j4"."company_name" ILIKE $6 AND ("j4"."id" IS NOT NULL) AND ("j3"."id" IS NOT NULL)))) OFFSET $7) AS "sub"

[90mstdout[2m | tests/jobs/keyword-search.property.test.ts[2m > [22m[2mProperty: Job keyword search returns only matching results[2m > [22m[2mevery job in search results must contain the keyword in title or company name (case-insensitive)
[22m[39mprisma:query SELECT "public"."jobs"."id", "public"."jobs"."title", "public"."jobs"."description", "public"."jobs"."location", "public"."jobs"."job_type"::text, "public"."jobs"."salary_min", "public"."jobs"."salary_max", "public"."jobs"."salary_currency", "public"."jobs"."salary_period", "public"."jobs"."is_remote", "public"."jobs"."required_skills", "public"."jobs"."employment_type"::text, "public"."jobs"."seniority_level"::text, "public"."jobs"."open_slots", "public"."jobs"."category", "public"."jobs"."created_at", "public"."jobs"."company_id" FROM "public"."jobs" LEFT JOIN "public"."users" AS "j0" ON ("j0"."id") = ("public"."jobs"."company_id") LEFT JOIN "public"."users" AS "j1" ON ("j1"."id") = ("public"."jobs"."company_id") LEFT JOIN "public"."profiles" AS "j2" ON ("j2"."user_id") = ("j1"."id") LEFT JOIN "public"."users" AS "j3" ON ("j3"."id") = ("public"."jobs"."company_id") LEFT JOIN "public"."company_profiles" AS "j4" ON ("j4"."user_id") = ("j3"."id") WHERE ("public"."jobs"."is_active" = $1 AND ("public"."jobs"."title" ILIKE $2 OR "public"."jobs"."required_skills" && $3 OR ("j0"."email" ILIKE $4 AND ("j0"."id" IS NOT NULL)) OR ("j2"."full_name" ILIKE $5 AND ("j2"."id" IS NOT NULL) AND ("j1"."id" IS NOT NULL)) OR ("j4"."company_name" ILIKE $6 AND ("j4"."id" IS NOT NULL) AND ("j3"."id" IS NOT NULL)))) ORDER BY "public"."jobs"."created_at" DESC LIMIT $7 OFFSET $8

[90mstdout[2m | tests/jobs/keyword-search.property.test.ts[2m > [22m[2mProperty: Job keyword search returns only matching results[2m > [22m[2mevery job in search results must contain the keyword in title or company name (case-insensitive)
[22m[39mprisma:query SELECT COUNT(*) AS "_count._all" FROM (SELECT "public"."jobs"."id" FROM "public"."jobs" LEFT JOIN "public"."users" AS "j0" ON ("j0"."id") = ("public"."jobs"."company_id") LEFT JOIN "public"."users" AS "j1" ON ("j1"."id") = ("public"."jobs"."company_id") LEFT JOIN "public"."profiles" AS "j2" ON ("j2"."user_id") = ("j1"."id") LEFT JOIN "public"."users" AS "j3" ON ("j3"."id") = ("public"."jobs"."company_id") LEFT JOIN "public"."company_profiles" AS "j4" ON ("j4"."user_id") = ("j3"."id") WHERE ("public"."jobs"."is_active" = $1 AND ("public"."jobs"."title" ILIKE $2 OR "public"."jobs"."required_skills" && $3 OR ("j0"."email" ILIKE $4 AND ("j0"."id" IS NOT NULL)) OR ("j2"."full_name" ILIKE $5 AND ("j2"."id" IS NOT NULL) AND ("j1"."id" IS NOT NULL)) OR ("j4"."company_name" ILIKE $6 AND ("j4"."id" IS NOT NULL) AND ("j3"."id" IS NOT NULL)))) OFFSET $7) AS "sub"

[90mstdout[2m | tests/jobs/keyword-search.property.test.ts[2m > [22m[2mProperty: Job keyword search returns only matching results[2m > [22m[2mevery job in search results must contain the keyword in title or company name (case-insensitive)
[22m[39mprisma:query SELECT "public"."jobs"."id", "public"."jobs"."title", "public"."jobs"."description", "public"."jobs"."location", "public"."jobs"."job_type"::text, "public"."jobs"."salary_min", "public"."jobs"."salary_max", "public"."jobs"."salary_currency", "public"."jobs"."salary_period", "public"."jobs"."is_remote", "public"."jobs"."required_skills", "public"."jobs"."employment_type"::text, "public"."jobs"."seniority_level"::text, "public"."jobs"."open_slots", "public"."jobs"."category", "public"."jobs"."created_at", "public"."jobs"."company_id" FROM "public"."jobs" LEFT JOIN "public"."users" AS "j0" ON ("j0"."id") = ("public"."jobs"."company_id") LEFT JOIN "public"."users" AS "j1" ON ("j1"."id") = ("public"."jobs"."company_id") LEFT JOIN "public"."profiles" AS "j2" ON ("j2"."user_id") = ("j1"."id") LEFT JOIN "public"."users" AS "j3" ON ("j3"."id") = ("public"."jobs"."company_id") LEFT JOIN "public"."company_profiles" AS "j4" ON ("j4"."user_id") = ("j3"."id") WHERE ("public"."jobs"."is_active" = $1 AND ("public"."jobs"."title" ILIKE $2 OR "public"."jobs"."required_skills" && $3 OR ("j0"."email" ILIKE $4 AND ("j0"."id" IS NOT NULL)) OR ("j2"."full_name" ILIKE $5 AND ("j2"."id" IS NOT NULL) AND ("j1"."id" IS NOT NULL)) OR ("j4"."company_name" ILIKE $6 AND ("j4"."id" IS NOT NULL) AND ("j3"."id" IS NOT NULL)))) ORDER BY "public"."jobs"."created_at" DESC LIMIT $7 OFFSET $8
prisma:query SELECT COUNT(*) AS "_count._all" FROM (SELECT "public"."jobs"."id" FROM "public"."jobs" LEFT JOIN "public"."users" AS "j0" ON ("j0"."id") = ("public"."jobs"."company_id") LEFT JOIN "public"."users" AS "j1" ON ("j1"."id") = ("public"."jobs"."company_id") LEFT JOIN "public"."profiles" AS "j2" ON ("j2"."user_id") = ("j1"."id") LEFT JOIN "public"."users" AS "j3" ON ("j3"."id") = ("public"."jobs"."company_id") LEFT JOIN "public"."company_profiles" AS "j4" ON ("j4"."user_id") = ("j3"."id") WHERE ("public"."jobs"."is_active" = $1 AND ("public"."jobs"."title" ILIKE $2 OR "public"."jobs"."required_skills" && $3 OR ("j0"."email" ILIKE $4 AND ("j0"."id" IS NOT NULL)) OR ("j2"."full_name" ILIKE $5 AND ("j2"."id" IS NOT NULL) AND ("j1"."id" IS NOT NULL)) OR ("j4"."company_name" ILIKE $6 AND ("j4"."id" IS NOT NULL) AND ("j3"."id" IS NOT NULL)))) OFFSET $7) AS "sub"

[90mstdout[2m | tests/jobs/keyword-search.property.test.ts[2m > [22m[2mProperty: Job keyword search returns only matching results[2m > [22m[2mevery job in search results must contain the keyword in title or company name (case-insensitive)
[22m[39mprisma:query SELECT "public"."jobs"."id", "public"."jobs"."title", "public"."jobs"."description", "public"."jobs"."location", "public"."jobs"."job_type"::text, "public"."jobs"."salary_min", "public"."jobs"."salary_max", "public"."jobs"."salary_currency", "public"."jobs"."salary_period", "public"."jobs"."is_remote", "public"."jobs"."required_skills", "public"."jobs"."employment_type"::text, "public"."jobs"."seniority_level"::text, "public"."jobs"."open_slots", "public"."jobs"."category", "public"."jobs"."created_at", "public"."jobs"."company_id" FROM "public"."jobs" LEFT JOIN "public"."users" AS "j0" ON ("j0"."id") = ("public"."jobs"."company_id") LEFT JOIN "public"."users" AS "j1" ON ("j1"."id") = ("public"."jobs"."company_id") LEFT JOIN "public"."profiles" AS "j2" ON ("j2"."user_id") = ("j1"."id") LEFT JOIN "public"."users" AS "j3" ON ("j3"."id") = ("public"."jobs"."company_id") LEFT JOIN "public"."company_profiles" AS "j4" ON ("j4"."user_id") = ("j3"."id") WHERE ("public"."jobs"."is_active" = $1 AND ("public"."jobs"."title" ILIKE $2 OR "public"."jobs"."required_skills" && $3 OR ("j0"."email" ILIKE $4 AND ("j0"."id" IS NOT NULL)) OR ("j2"."full_name" ILIKE $5 AND ("j2"."id" IS NOT NULL) AND ("j1"."id" IS NOT NULL)) OR ("j4"."company_name" ILIKE $6 AND ("j4"."id" IS NOT NULL) AND ("j3"."id" IS NOT NULL)))) ORDER BY "public"."jobs"."created_at" DESC LIMIT $7 OFFSET $8

[90mstdout[2m | tests/jobs/keyword-search.property.test.ts[2m > [22m[2mProperty: Job keyword search returns only matching results[2m > [22m[2mevery job in search results must contain the keyword in title or company name (case-insensitive)
[22m[39mprisma:query SELECT COUNT(*) AS "_count._all" FROM (SELECT "public"."jobs"."id" FROM "public"."jobs" LEFT JOIN "public"."users" AS "j0" ON ("j0"."id") = ("public"."jobs"."company_id") LEFT JOIN "public"."users" AS "j1" ON ("j1"."id") = ("public"."jobs"."company_id") LEFT JOIN "public"."profiles" AS "j2" ON ("j2"."user_id") = ("j1"."id") LEFT JOIN "public"."users" AS "j3" ON ("j3"."id") = ("public"."jobs"."company_id") LEFT JOIN "public"."company_profiles" AS "j4" ON ("j4"."user_id") = ("j3"."id") WHERE ("public"."jobs"."is_active" = $1 AND ("public"."jobs"."title" ILIKE $2 OR "public"."jobs"."required_skills" && $3 OR ("j0"."email" ILIKE $4 AND ("j0"."id" IS NOT NULL)) OR ("j2"."full_name" ILIKE $5 AND ("j2"."id" IS NOT NULL) AND ("j1"."id" IS NOT NULL)) OR ("j4"."company_name" ILIKE $6 AND ("j4"."id" IS NOT NULL) AND ("j3"."id" IS NOT NULL)))) OFFSET $7) AS "sub"

[90mstdout[2m | tests/jobs/keyword-search.property.test.ts[2m > [22m[2mProperty: Job keyword search returns only matching results[2m > [22m[2mevery job in search results must contain the keyword in title or company name (case-insensitive)
[22m[39mprisma:query SELECT "public"."jobs"."id", "public"."jobs"."title", "public"."jobs"."description", "public"."jobs"."location", "public"."jobs"."job_type"::text, "public"."jobs"."salary_min", "public"."jobs"."salary_max", "public"."jobs"."salary_currency", "public"."jobs"."salary_period", "public"."jobs"."is_remote", "public"."jobs"."required_skills", "public"."jobs"."employment_type"::text, "public"."jobs"."seniority_level"::text, "public"."jobs"."open_slots", "public"."jobs"."category", "public"."jobs"."created_at", "public"."jobs"."company_id" FROM "public"."jobs" LEFT JOIN "public"."users" AS "j0" ON ("j0"."id") = ("public"."jobs"."company_id") LEFT JOIN "public"."users" AS "j1" ON ("j1"."id") = ("public"."jobs"."company_id") LEFT JOIN "public"."profiles" AS "j2" ON ("j2"."user_id") = ("j1"."id") LEFT JOIN "public"."users" AS "j3" ON ("j3"."id") = ("public"."jobs"."company_id") LEFT JOIN "public"."company_profiles" AS "j4" ON ("j4"."user_id") = ("j3"."id") WHERE ("public"."jobs"."is_active" = $1 AND ("public"."jobs"."title" ILIKE $2 OR "public"."jobs"."required_skills" && $3 OR ("j0"."email" ILIKE $4 AND ("j0"."id" IS NOT NULL)) OR ("j2"."full_name" ILIKE $5 AND ("j2"."id" IS NOT NULL) AND ("j1"."id" IS NOT NULL)) OR ("j4"."company_name" ILIKE $6 AND ("j4"."id" IS NOT NULL) AND ("j3"."id" IS NOT NULL)))) ORDER BY "public"."jobs"."created_at" DESC LIMIT $7 OFFSET $8

[90mstdout[2m | tests/jobs/keyword-search.property.test.ts[2m > [22m[2mProperty: Job keyword search returns only matching results[2m > [22m[2mevery job in search results must contain the keyword in title or company name (case-insensitive)
[22m[39mprisma:query SELECT COUNT(*) AS "_count._all" FROM (SELECT "public"."jobs"."id" FROM "public"."jobs" LEFT JOIN "public"."users" AS "j0" ON ("j0"."id") = ("public"."jobs"."company_id") LEFT JOIN "public"."users" AS "j1" ON ("j1"."id") = ("public"."jobs"."company_id") LEFT JOIN "public"."profiles" AS "j2" ON ("j2"."user_id") = ("j1"."id") LEFT JOIN "public"."users" AS "j3" ON ("j3"."id") = ("public"."jobs"."company_id") LEFT JOIN "public"."company_profiles" AS "j4" ON ("j4"."user_id") = ("j3"."id") WHERE ("public"."jobs"."is_active" = $1 AND ("public"."jobs"."title" ILIKE $2 OR "public"."jobs"."required_skills" && $3 OR ("j0"."email" ILIKE $4 AND ("j0"."id" IS NOT NULL)) OR ("j2"."full_name" ILIKE $5 AND ("j2"."id" IS NOT NULL) AND ("j1"."id" IS NOT NULL)) OR ("j4"."company_name" ILIKE $6 AND ("j4"."id" IS NOT NULL) AND ("j3"."id" IS NOT NULL)))) OFFSET $7) AS "sub"

[90mstdout[2m | tests/jobs/keyword-search.property.test.ts[2m > [22m[2mProperty: Job keyword search returns only matching results[2m > [22m[2mevery job in search results must contain the keyword in title or company name (case-insensitive)
[22m[39mprisma:query SELECT "public"."jobs"."id", "public"."jobs"."title", "public"."jobs"."description", "public"."jobs"."location", "public"."jobs"."job_type"::text, "public"."jobs"."salary_min", "public"."jobs"."salary_max", "public"."jobs"."salary_currency", "public"."jobs"."salary_period", "public"."jobs"."is_remote", "public"."jobs"."required_skills", "public"."jobs"."employment_type"::text, "public"."jobs"."seniority_level"::text, "public"."jobs"."open_slots", "public"."jobs"."category", "public"."jobs"."created_at", "public"."jobs"."company_id" FROM "public"."jobs" LEFT JOIN "public"."users" AS "j0" ON ("j0"."id") = ("public"."jobs"."company_id") LEFT JOIN "public"."users" AS "j1" ON ("j1"."id") = ("public"."jobs"."company_id") LEFT JOIN "public"."profiles" AS "j2" ON ("j2"."user_id") = ("j1"."id") LEFT JOIN "public"."users" AS "j3" ON ("j3"."id") = ("public"."jobs"."company_id") LEFT JOIN "public"."company_profiles" AS "j4" ON ("j4"."user_id") = ("j3"."id") WHERE ("public"."jobs"."is_active" = $1 AND ("public"."jobs"."title" ILIKE $2 OR "public"."jobs"."required_skills" && $3 OR ("j0"."email" ILIKE $4 AND ("j0"."id" IS NOT NULL)) OR ("j2"."full_name" ILIKE $5 AND ("j2"."id" IS NOT NULL) AND ("j1"."id" IS NOT NULL)) OR ("j4"."company_name" ILIKE $6 AND ("j4"."id" IS NOT NULL) AND ("j3"."id" IS NOT NULL)))) ORDER BY "public"."jobs"."created_at" DESC LIMIT $7 OFFSET $8
prisma:query SELECT COUNT(*) AS "_count._all" FROM (SELECT "public"."jobs"."id" FROM "public"."jobs" LEFT JOIN "public"."users" AS "j0" ON ("j0"."id") = ("public"."jobs"."company_id") LEFT JOIN "public"."users" AS "j1" ON ("j1"."id") = ("public"."jobs"."company_id") LEFT JOIN "public"."profiles" AS "j2" ON ("j2"."user_id") = ("j1"."id") LEFT JOIN "public"."users" AS "j3" ON ("j3"."id") = ("public"."jobs"."company_id") LEFT JOIN "public"."company_profiles" AS "j4" ON ("j4"."user_id") = ("j3"."id") WHERE ("public"."jobs"."is_active" = $1 AND ("public"."jobs"."title" ILIKE $2 OR "public"."jobs"."required_skills" && $3 OR ("j0"."email" ILIKE $4 AND ("j0"."id" IS NOT NULL)) OR ("j2"."full_name" ILIKE $5 AND ("j2"."id" IS NOT NULL) AND ("j1"."id" IS NOT NULL)) OR ("j4"."company_name" ILIKE $6 AND ("j4"."id" IS NOT NULL) AND ("j3"."id" IS NOT NULL)))) OFFSET $7) AS "sub"

